[2026-08-30T14:24:30.408083+00:00] === Iniciando Remitly (remitly.py) ===
[2026-08-30T14:24:31.959458+00:00]   [Remitly] US->SV: 9 observaciones insertadas desde https://www.remitly.com/us/en/el-salvador/pricing
[2026-08-30T14:24:31.959492+00:00]   [Remitly]   Evidencia: evidence/remitly_us_20260830T142431Z.html (sha256=4659ad4f6b5f9013a5c3a504d43418bb6a5b873485616a764c6eaa442cec71ce)
[2026-08-30T14:24:31.959499+00:00]   [Remitly] CA->SV: 9 observaciones insertadas desde https://www.remitly.com/ca/en/el-salvador/pricing
[2026-08-30T14:24:31.959504+00:00]   [Remitly]   Evidencia: evidence/remitly_ca_20260830T142431Z.html (sha256=314074df67896e6fd57ca6f9df194f00d6e9612f56ad35eb41a79c71c271c56e)
[2026-08-30T14:24:31.959511+00:00] OK Remitly: 18 observaciones nuevas
[2026-08-30T14:24:31.959539+00:00] === Iniciando Western Union (western_union.py) ===
[2026-08-30T14:26:12.558559+00:00]   [Western Union] US->SV $100: 5 observaciones insertadas. Evidencia: evidence/western_union_us_100_20260830T142452Z.jpg (sha256=015a62e08b1a049e69292fe4452e3049e255b1bc3eaeb42d0fc67838980c7e9a)
[2026-08-30T14:26:12.558602+00:00]   [Western Union] US->SV $200: 5 observaciones insertadas. Evidencia: evidence/western_union_us_200_20260830T142513Z.jpg (sha256=9df069365a5c264ea6b2107a1ea06731b3e61476d4b18255c683e2fd38b317f4)
[2026-08-30T14:26:12.558614+00:00]   [Western Union] US->SV $500: 5 observaciones insertadas. Evidencia: evidence/western_union_us_500_20260830T142533Z.jpg (sha256=e550fa2e90b31d42b6fb4c6e2dd9b060859cc9c17b04b0dbe806e4b98dd9f55f)
[2026-08-30T14:26:12.558633+00:00] FALLO Western Union: codigo de salida 1:     return task.result()
           ^^^^^^^^^^^^^
  File "/opt/hostedtoolcache/Python/3.11.16/x64/lib/python3.11/site-packages/playwright/_impl/_locator.py", line 748, in wait_for
    await self._frame.wait_for_selector(
  File "/opt/hostedtoolcache/Python/3.11.16/x64/lib/python3.11/site-packages/playwright/_impl/_frame.py", line 394, in wait_for_selector
    await self._channel.send(
  File "/opt/hostedtoolcache/Python/3.11.16/x64/lib/python3.11/site-packages/playwright/_impl/_connection.py", line 76, in send
    return await self._connection.wrap_api_call(
           ^^^^^^^^^^^^^^^^^^^^^^^^^^^^^^^^^^^^^
  File "/opt/hostedtoolcache/Python/3.11.16/x64/lib/python3.11/site-packages/playwright/_impl/_connection.py", line 632, in wrap_api_call
    raise rewrite_error(error, f"{parsed_st['apiName']}: {error}") from None
playwright._impl._errors.TimeoutError: Locator.wait_for: Timeout 15000ms exceeded.
Call log:
  - waiting for locator("[role=\"dialog\"]").last to be visible
    33 × locator resolved to hidden <div role="dialog" tabindex="-1" aria-modal="true" class="modal-overlay" data-modal-element-overlay="" data-modal-close-button-parent="">…</div>
[2026-08-30T14:26:12.558667+00:00] === Iniciando Ria Money Transfer (ria.py) ===
[2026-08-30T14:28:03.119307+00:00]   [Ria Money Transfer] Intento 1/3 fallo para corredor US->SV: TimeoutError: Locator.fill: Timeout 30000ms exceeded.
[2026-08-30T14:28:03.119349+00:00]   [Ria Money Transfer] Call log:
[2026-08-30T14:28:03.119357+00:00]   [Ria Money Transfer]   - waiting for get_by_placeholder("Search currency or country")
[2026-08-30T14:28:03.119363+00:00]   [Ria Money Transfer] . Reintentando en 5s...
[2026-08-30T14:28:03.119369+00:00]   [Ria Money Transfer] Intento 2/3 fallo para corredor US->SV: TimeoutError: Locator.fill: Timeout 30000ms exceeded.
[2026-08-30T14:28:03.119374+00:00]   [Ria Money Transfer] Call log:
[2026-08-30T14:28:03.119380+00:00]   [Ria Money Transfer]   - waiting for get_by_placeholder("Search currency or country")
[2026-08-30T14:28:03.119385+00:00]   [Ria Money Transfer] . Reintentando en 10s...
[2026-08-30T14:28:03.119406+00:00] FALLO Ria Money Transfer: codigo de salida 1:   File "/opt/hostedtoolcache/Python/3.11.16/x64/lib/python3.11/site-packages/playwright/_impl/_locator.py", line 219, in fill
    return await self._frame.fill(self._selector, strict=True, **params)
           ^^^^^^^^^^^^^^^^^^^^^^^^^^^^^^^^^^^^^^^^^^^^^^^^^^^^^^^^^^^^^
  File "/opt/hostedtoolcache/Python/3.11.16/x64/lib/python3.11/site-packages/playwright/_impl/_frame.py", line 636, in fill
    await self._fill(**locals_to_params(locals()))
  File "/opt/hostedtoolcache/Python/3.11.16/x64/lib/python3.11/site-packages/playwright/_impl/_frame.py", line 648, in _fill
    await self._channel.send("fill", self._timeout, locals_to_params(locals()))
  File "/opt/hostedtoolcache/Python/3.11.16/x64/lib/python3.11/site-packages/playwright/_impl/_connection.py", line 76, in send
    return await self._connection.wrap_api_call(
           ^^^^^^^^^^^^^^^^^^^^^^^^^^^^^^^^^^^^^
  File "/opt/hostedtoolcache/Python/3.11.16/x64/lib/python3.11/site-packages/playwright/_impl/_connection.py", line 632, in wrap_api_call
    raise rewrite_error(error, f"{parsed_st['apiName']}: {error}") from None
playwright._impl._errors.TimeoutError: Locator.fill: Timeout 30000ms exceeded.
Call log:
  - waiting for get_by_placeholder("Search currency or country")
[2026-08-30T14:28:03.119446+00:00] === Iniciando Xoom (a PayPal service) (xoom.py) ===
[2026-08-30T14:28:28.460599+00:00]   [Xoom (a PayPal service)] US->SV $100: 15 observaciones insertadas. Evidencia: evidence/xoom_us_100_20260830T142807Z.jpg (sha256=33fed9f6eae27c26093478185d50c85c9388d1d7ce8e60ea221b97d9f591a672)
[2026-08-30T14:28:28.460637+00:00]   [Xoom (a PayPal service)] US->SV $200: 15 observaciones insertadas. Evidencia: evidence/xoom_us_200_20260830T142811Z.jpg (sha256=f3247bac5901f89b6b70c7f12b527418de40ccb99bdb49a3d75201f3319cb0c0)
[2026-08-30T14:28:28.460646+00:00]   [Xoom (a PayPal service)] US->SV $500: 15 observaciones insertadas. Evidencia: evidence/xoom_us_500_20260830T142814Z.jpg (sha256=ca37d92ea1b92544c7bca67a91cdcf11bedafe08a37fa5224852953f0e0aa0e5)
[2026-08-30T14:28:28.460651+00:00]   [Xoom (a PayPal service)] CA->SV $100: 8 observaciones insertadas. Evidencia: evidence/xoom_ca_100_20260830T142820Z.jpg (sha256=4315894c4880ee2a9b9fc5da07dfb2c9732e28f61013b001e3095df6ebc553e5)
[2026-08-30T14:28:28.460661+00:00]   [Xoom (a PayPal service)] CA->SV $200: 8 observaciones insertadas. Evidencia: evidence/xoom_ca_200_20260830T142824Z.jpg (sha256=5e087125016a226c1cbbee263caf085d6688b0d931a8e712d724c3f7958f416d)
[2026-08-30T14:28:28.460667+00:00]   [Xoom (a PayPal service)] CA->SV $500: 8 observaciones insertadas. Evidencia: evidence/xoom_ca_500_20260830T142827Z.jpg (sha256=714c63e507c37e9bf490b2d852b1084afc8d3d221c66e5e65fa46b502ad761c9)
[2026-08-30T14:28:28.460674+00:00] OK Xoom (a PayPal service): 69 observaciones nuevas
[2026-08-30T14:28:28.460708+00:00] === Iniciando RemitBee (remitbee.py) ===
[2026-08-30T14:28:38.147041+00:00]   [RemitBee] CA->SV $100: 4 observaciones insertadas. Evidencia: evidence/remitbee_ca_100_20260830T142832Z.jpg (sha256=c3d64e8bb3387021e668038bb23a146662b4a6c49f514adef74d984d63381c91)
[2026-08-30T14:28:38.147083+00:00]   [RemitBee] CA->SV $200: 4 observaciones insertadas. Evidencia: evidence/remitbee_ca_200_20260830T142835Z.jpg (sha256=d46ab1a946bfa62739e76e80e90101562154cc7a8f85a4cac363fa7d968eaa86)
[2026-08-30T14:28:38.147093+00:00]   [RemitBee] CA->SV $500: 4 observaciones insertadas. Evidencia: evidence/remitbee_ca_500_20260830T142837Z.jpg (sha256=6b1066c1ac71debbad876c538ca4b188a8ef7cf8e80ee77d315637f4abdcff13)
[2026-08-30T14:28:38.147108+00:00] OK RemitBee: 12 observaciones nuevas

RECORDATORIO: MoneyGram sigue pendiente de muestreo manual (operators.requires_manual_sampling=1) -- su sitio bloquea automatizacion de forma explicita (ver operators.notes, confirmado 2026-08-01). Este orquestador NO lo corre ni lo intenta: no existe collectors/moneygram.py a proposito.
