[2026-08-09T09:53:53.737060+00:00] === Iniciando Remitly (remitly.py) ===
[2026-08-09T09:53:55.251507+00:00]   [Remitly] US->SV: 12 observaciones insertadas desde https://www.remitly.com/us/en/el-salvador/pricing
[2026-08-09T09:53:55.251539+00:00]   [Remitly]   Evidencia: evidence/remitly_us_20260809T095354Z.html (sha256=d6f134f62cfae238d1fe6bda31a9228058348b0fa85f3d82c2e39313392e7cb4)
[2026-08-09T09:53:55.251546+00:00]   [Remitly] CA->SV: 12 observaciones insertadas desde https://www.remitly.com/ca/en/el-salvador/pricing
[2026-08-09T09:53:55.251550+00:00]   [Remitly]   Evidencia: evidence/remitly_ca_20260809T095355Z.html (sha256=4281a672987a7e55a25795135873b78cc5a497ed22cca1f85c1a6f37cf0b2efe)
[2026-08-09T09:53:55.251557+00:00] OK Remitly: 24 observaciones nuevas
[2026-08-09T09:53:55.251584+00:00] === Iniciando Western Union (western_union.py) ===
[2026-08-09T09:55:34.331325+00:00]   [Western Union] US->SV $100: 5 observaciones insertadas. Evidencia: evidence/western_union_us_100_20260809T095413Z.jpg (sha256=015a62e08b1a049e69292fe4452e3049e255b1bc3eaeb42d0fc67838980c7e9a)
[2026-08-09T09:55:34.331364+00:00]   [Western Union] US->SV $200: 5 observaciones insertadas. Evidencia: evidence/western_union_us_200_20260809T095434Z.jpg (sha256=9df069365a5c264ea6b2107a1ea06731b3e61476d4b18255c683e2fd38b317f4)
[2026-08-09T09:55:34.331375+00:00]   [Western Union] US->SV $500: 5 observaciones insertadas. Evidencia: evidence/western_union_us_500_20260809T095456Z.jpg (sha256=e550fa2e90b31d42b6fb4c6e2dd9b060859cc9c17b04b0dbe806e4b98dd9f55f)
[2026-08-09T09:55:34.331381+00:00]   [Western Union] CA->SV $100: 5 observaciones insertadas. Evidencia: evidence/western_union_ca_100_20260809T095525Z.jpg (sha256=96687d402115c1a5e492c737de4bc31a05f3bc5fc561f905aabf64691b634e4f)
[2026-08-09T09:55:34.331387+00:00]   [Western Union] CA->SV $200: 5 observaciones insertadas. Evidencia: evidence/western_union_ca_200_20260809T095529Z.jpg (sha256=d6095a42c3955baeaabe0ba8eae8b0de25cdb1650b6cd0bcc4ec6c4be3216b81)
[2026-08-09T09:55:34.331393+00:00]   [Western Union] CA->SV $500: 5 observaciones insertadas. Evidencia: evidence/western_union_ca_500_20260809T095533Z.jpg (sha256=8384857fb86601cd12fb611a38b864319113b109264ca43a4b5482629d14ff86)
[2026-08-09T09:55:34.331400+00:00] OK Western Union: 30 observaciones nuevas
[2026-08-09T09:55:34.331428+00:00] === Iniciando Ria Money Transfer (ria.py) ===
[2026-08-09T09:56:26.973092+00:00]   [Ria Money Transfer] Intento 1/3 fallo para corredor US->SV: TimeoutError: Locator.click: Timeout 10000ms exceeded.
[2026-08-09T09:56:26.973172+00:00]   [Ria Money Transfer] Call log:
[2026-08-09T09:56:26.973186+00:00]   [Ria Money Transfer]   - waiting for get_by_role("option").first
[2026-08-09T09:56:26.973194+00:00]   [Ria Money Transfer] . Reintentando en 5s...
[2026-08-09T09:56:26.973202+00:00]   [Ria Money Transfer] Intento 2/3 fallo para corredor US->SV: TimeoutError: Locator.click: Timeout 10000ms exceeded.
[2026-08-09T09:56:26.973208+00:00]   [Ria Money Transfer] Call log:
[2026-08-09T09:56:26.973214+00:00]   [Ria Money Transfer]   - waiting for get_by_role("option").first
[2026-08-09T09:56:26.973219+00:00]   [Ria Money Transfer] . Reintentando en 10s...
[2026-08-09T09:56:26.973237+00:00] FALLO Ria Money Transfer: codigo de salida 1:     return task.result()
           ^^^^^^^^^^^^^
  File "/opt/hostedtoolcache/Python/3.11.15/x64/lib/python3.11/site-packages/playwright/_impl/_locator.py", line 165, in click
    return await self._frame._click(self._selector, strict=True, **params)
           ^^^^^^^^^^^^^^^^^^^^^^^^^^^^^^^^^^^^^^^^^^^^^^^^^^^^^^^^^^^^^^^
  File "/opt/hostedtoolcache/Python/3.11.15/x64/lib/python3.11/site-packages/playwright/_impl/_frame.py", line 593, in _click
    await self._channel.send("click", self._timeout, locals_to_params(locals()))
  File "/opt/hostedtoolcache/Python/3.11.15/x64/lib/python3.11/site-packages/playwright/_impl/_connection.py", line 76, in send
    return await self._connection.wrap_api_call(
           ^^^^^^^^^^^^^^^^^^^^^^^^^^^^^^^^^^^^^
  File "/opt/hostedtoolcache/Python/3.11.15/x64/lib/python3.11/site-packages/playwright/_impl/_connection.py", line 632, in wrap_api_call
    raise rewrite_error(error, f"{parsed_st['apiName']}: {error}") from None
playwright._impl._errors.TimeoutError: Locator.click: Timeout 10000ms exceeded.
Call log:
  - waiting for get_by_role("option").first
[2026-08-09T09:56:26.973277+00:00] === Iniciando Xoom (a PayPal service) (xoom.py) ===
[2026-08-09T09:56:52.252089+00:00]   [Xoom (a PayPal service)] US->SV $100: 15 observaciones insertadas. Evidencia: evidence/xoom_us_100_20260809T095631Z.jpg (sha256=8d0699bf3878ed703f4779d13fc55b6ffd15234aa75504f2478572262e5ea001)
[2026-08-09T09:56:52.252128+00:00]   [Xoom (a PayPal service)] US->SV $200: 15 observaciones insertadas. Evidencia: evidence/xoom_us_200_20260809T095635Z.jpg (sha256=d49e26d779e149ab0c6dd692c75266c798e4aa2935212d199f637398f0bf8f97)
[2026-08-09T09:56:52.252136+00:00]   [Xoom (a PayPal service)] US->SV $500: 15 observaciones insertadas. Evidencia: evidence/xoom_us_500_20260809T095638Z.jpg (sha256=31593009fc38e95f1739d375fd1679b4a3ce2f808055f7d8d63f63865847f688)
[2026-08-09T09:56:52.252171+00:00]   [Xoom (a PayPal service)] CA->SV $100: 8 observaciones insertadas. Evidencia: evidence/xoom_ca_100_20260809T095644Z.jpg (sha256=98509f97433cac688f5177ad3d1219e865f213daadeb5a5f62d4c80d12767d48)
[2026-08-09T09:56:52.252177+00:00]   [Xoom (a PayPal service)] CA->SV $200: 8 observaciones insertadas. Evidencia: evidence/xoom_ca_200_20260809T095648Z.jpg (sha256=cc7c9a30e5bcac77b1cfe8adc5d369d44041889f74897c57f4a232e502fbc49a)
[2026-08-09T09:56:52.252181+00:00]   [Xoom (a PayPal service)] CA->SV $500: 8 observaciones insertadas. Evidencia: evidence/xoom_ca_500_20260809T095651Z.jpg (sha256=4675b4a988acf669d3d766d3ed88812da5852f92b55a5cba2bab02bd04831f91)
[2026-08-09T09:56:52.252188+00:00] OK Xoom (a PayPal service): 69 observaciones nuevas
[2026-08-09T09:56:52.252217+00:00] === Iniciando RemitBee (remitbee.py) ===
[2026-08-09T09:57:05.780855+00:00]   [RemitBee] CA->SV $100: 4 observaciones insertadas. Evidencia: evidence/remitbee_ca_100_20260809T095656Z.jpg (sha256=bd09c880daaf37cee410ac05a98966a82347b95a7c93ae492e16c7b2f101a76e)
[2026-08-09T09:57:05.780892+00:00]   [RemitBee] CA->SV $200: 4 observaciones insertadas. Evidencia: evidence/remitbee_ca_200_20260809T095659Z.jpg (sha256=f0b1c813a0604e9bf65bbc81942ae85c2093cb5d34b2beec16e0c6e224f34f4d)
[2026-08-09T09:57:05.780900+00:00]   [RemitBee] CA->SV $500: 4 observaciones insertadas. Evidencia: evidence/remitbee_ca_500_20260809T095705Z.jpg (sha256=ec5edeb2af32e5bd8b3f68d218379a3fb14208b75680ef55cf5a8196b9008647)
[2026-08-09T09:57:05.780912+00:00] OK RemitBee: 12 observaciones nuevas

RECORDATORIO: MoneyGram sigue pendiente de muestreo manual (operators.requires_manual_sampling=1) -- su sitio bloquea automatizacion de forma explicita (ver operators.notes, confirmado 2026-08-01). Este orquestador NO lo corre ni lo intenta: no existe collectors/moneygram.py a proposito.
