[2026-08-03T04:23:33.822361+00:00] === Iniciando Remitly (remitly.py) ===
[2026-08-03T04:23:35.115976+00:00]   [Remitly] YA RECOLECTADO HOY, se omite: Remitly US->SV $100 (funding=None, delivery=cash_pickup)
[2026-08-03T04:23:35.116017+00:00]   [Remitly]   YA RECOLECTADO HOY, se omite: Remitly US->SV $200 (funding=None, delivery=cash_pickup)
[2026-08-03T04:23:35.116024+00:00]   [Remitly]   YA RECOLECTADO HOY, se omite: Remitly US->SV $500 (funding=None, delivery=cash_pickup)
[2026-08-03T04:23:35.116029+00:00]   [Remitly]   YA RECOLECTADO HOY, se omite: Remitly US->SV $100 (funding=None, delivery=bank_deposit)
[2026-08-03T04:23:35.116038+00:00]   [Remitly]   YA RECOLECTADO HOY, se omite: Remitly US->SV $200 (funding=None, delivery=bank_deposit)
[2026-08-03T04:23:35.116042+00:00]   [Remitly]   YA RECOLECTADO HOY, se omite: Remitly US->SV $500 (funding=None, delivery=bank_deposit)
[2026-08-03T04:23:35.116048+00:00]   [Remitly]   YA RECOLECTADO HOY, se omite: Remitly US->SV $100 (funding=None, delivery=mobile_wallet)
[2026-08-03T04:23:35.116057+00:00]   [Remitly]   YA RECOLECTADO HOY, se omite: Remitly US->SV $200 (funding=None, delivery=mobile_wallet)
[2026-08-03T04:23:35.116062+00:00]   [Remitly]   YA RECOLECTADO HOY, se omite: Remitly US->SV $500 (funding=None, delivery=mobile_wallet)
[2026-08-03T04:23:35.116067+00:00]   [Remitly]   YA RECOLECTADO HOY, se omite: Remitly US->SV $100 (funding=None, delivery=debit_card_deposit)
[2026-08-03T04:23:35.116071+00:00]   [Remitly]   YA RECOLECTADO HOY, se omite: Remitly US->SV $200 (funding=None, delivery=debit_card_deposit)
[2026-08-03T04:23:35.116076+00:00]   [Remitly]   YA RECOLECTADO HOY, se omite: Remitly US->SV $500 (funding=None, delivery=debit_card_deposit)
[2026-08-03T04:23:35.116080+00:00]   [Remitly] US->SV: 0 observaciones insertadas desde https://www.remitly.com/us/en/el-salvador/pricing
[2026-08-03T04:23:35.116084+00:00]   [Remitly]   Evidencia: evidence/remitly_us_20260803T042334Z.html (sha256=d745307326d2f8d87558e1a4c322673b48ce8b48edf1dcfe55f4bcbc58e40247)
[2026-08-03T04:23:35.116089+00:00]   [Remitly]   YA RECOLECTADO HOY, se omite: Remitly CA->SV $100 (funding=None, delivery=cash_pickup)
[2026-08-03T04:23:35.116093+00:00]   [Remitly]   YA RECOLECTADO HOY, se omite: Remitly CA->SV $200 (funding=None, delivery=cash_pickup)
[2026-08-03T04:23:35.116098+00:00]   [Remitly]   YA RECOLECTADO HOY, se omite: Remitly CA->SV $500 (funding=None, delivery=cash_pickup)
[2026-08-03T04:23:35.116102+00:00]   [Remitly]   YA RECOLECTADO HOY, se omite: Remitly CA->SV $100 (funding=None, delivery=bank_deposit)
[2026-08-03T04:23:35.116106+00:00]   [Remitly]   YA RECOLECTADO HOY, se omite: Remitly CA->SV $200 (funding=None, delivery=bank_deposit)
[2026-08-03T04:23:35.116110+00:00]   [Remitly]   YA RECOLECTADO HOY, se omite: Remitly CA->SV $500 (funding=None, delivery=bank_deposit)
[2026-08-03T04:23:35.116115+00:00]   [Remitly]   YA RECOLECTADO HOY, se omite: Remitly CA->SV $100 (funding=None, delivery=mobile_wallet)
[2026-08-03T04:23:35.116119+00:00]   [Remitly]   YA RECOLECTADO HOY, se omite: Remitly CA->SV $200 (funding=None, delivery=mobile_wallet)
[2026-08-03T04:23:35.116123+00:00]   [Remitly]   YA RECOLECTADO HOY, se omite: Remitly CA->SV $500 (funding=None, delivery=mobile_wallet)
[2026-08-03T04:23:35.116127+00:00]   [Remitly]   YA RECOLECTADO HOY, se omite: Remitly CA->SV $100 (funding=None, delivery=debit_card_deposit)
[2026-08-03T04:23:35.116131+00:00]   [Remitly]   YA RECOLECTADO HOY, se omite: Remitly CA->SV $200 (funding=None, delivery=debit_card_deposit)
[2026-08-03T04:23:35.116136+00:00]   [Remitly]   YA RECOLECTADO HOY, se omite: Remitly CA->SV $500 (funding=None, delivery=debit_card_deposit)
[2026-08-03T04:23:35.116141+00:00]   [Remitly] CA->SV: 0 observaciones insertadas desde https://www.remitly.com/ca/en/el-salvador/pricing
[2026-08-03T04:23:35.116149+00:00]   [Remitly]   Evidencia: evidence/remitly_ca_20260803T042335Z.html (sha256=b80d2d5ec9cd9e63772b9b44a5ee5b55d11a31aa672e9c9aa39deefb70a5a88b)
[2026-08-03T04:23:35.116156+00:00] OK Remitly: 0 observaciones nuevas
[2026-08-03T04:23:35.116184+00:00] === Iniciando Western Union (western_union.py) ===
[2026-08-03T04:25:05.615202+00:00]   [Western Union] YA RECOLECTADO HOY, se omite: Western Union US->SV $100 (funding=credit_card, delivery=bank_account)
[2026-08-03T04:25:05.615248+00:00]   [Western Union]   YA RECOLECTADO HOY, se omite: Western Union US->SV $100 (funding=bank_account, delivery=bank_account)
[2026-08-03T04:25:05.615257+00:00]   [Western Union]   YA RECOLECTADO HOY, se omite: Western Union US->SV $100 (funding=google_pay, delivery=bank_account)
[2026-08-03T04:25:05.615264+00:00]   [Western Union]   YA RECOLECTADO HOY, se omite: Western Union US->SV $100 (funding=debit_card, delivery=bank_account)
[2026-08-03T04:25:05.615270+00:00]   [Western Union]   YA RECOLECTADO HOY, se omite: Western Union US->SV $100 (funding=apple_pay, delivery=bank_account)
[2026-08-03T04:25:05.615276+00:00]   [Western Union] US->SV $100: 0 observaciones insertadas. Evidencia: evidence/western_union_us_100_20260803T042351Z.jpg (sha256=dbdd60006f39d53f24dc1c7a511b1d012ce592f872a1911225692003a47eb0d7)
[2026-08-03T04:25:05.615283+00:00]   [Western Union]   YA RECOLECTADO HOY, se omite: Western Union US->SV $200 (funding=credit_card, delivery=bank_account)
[2026-08-03T04:25:05.615289+00:00]   [Western Union]   YA RECOLECTADO HOY, se omite: Western Union US->SV $200 (funding=bank_account, delivery=bank_account)
[2026-08-03T04:25:05.615295+00:00]   [Western Union]   YA RECOLECTADO HOY, se omite: Western Union US->SV $200 (funding=google_pay, delivery=bank_account)
[2026-08-03T04:25:05.615300+00:00]   [Western Union]   YA RECOLECTADO HOY, se omite: Western Union US->SV $200 (funding=debit_card, delivery=bank_account)
[2026-08-03T04:25:05.615306+00:00]   [Western Union]   YA RECOLECTADO HOY, se omite: Western Union US->SV $200 (funding=apple_pay, delivery=bank_account)
[2026-08-03T04:25:05.615311+00:00]   [Western Union] US->SV $200: 0 observaciones insertadas. Evidencia: evidence/western_union_us_200_20260803T042411Z.jpg (sha256=9df069365a5c264ea6b2107a1ea06731b3e61476d4b18255c683e2fd38b317f4)
[2026-08-03T04:25:05.615317+00:00]   [Western Union]   YA RECOLECTADO HOY, se omite: Western Union US->SV $500 (funding=credit_card, delivery=bank_account)
[2026-08-03T04:25:05.615322+00:00]   [Western Union]   YA RECOLECTADO HOY, se omite: Western Union US->SV $500 (funding=bank_account, delivery=bank_account)
[2026-08-03T04:25:05.615328+00:00]   [Western Union]   YA RECOLECTADO HOY, se omite: Western Union US->SV $500 (funding=google_pay, delivery=bank_account)
[2026-08-03T04:25:05.615334+00:00]   [Western Union]   YA RECOLECTADO HOY, se omite: Western Union US->SV $500 (funding=debit_card, delivery=bank_account)
[2026-08-03T04:25:05.615340+00:00]   [Western Union]   YA RECOLECTADO HOY, se omite: Western Union US->SV $500 (funding=apple_pay, delivery=bank_account)
[2026-08-03T04:25:05.615345+00:00]   [Western Union] US->SV $500: 0 observaciones insertadas. Evidencia: evidence/western_union_us_500_20260803T042430Z.jpg (sha256=e550fa2e90b31d42b6fb4c6e2dd9b060859cc9c17b04b0dbe806e4b98dd9f55f)
[2026-08-03T04:25:05.615351+00:00]   [Western Union]   YA RECOLECTADO HOY, se omite: Western Union CA->SV $100 (funding=debit_card, delivery=bank_account)
[2026-08-03T04:25:05.615357+00:00]   [Western Union]   YA RECOLECTADO HOY, se omite: Western Union CA->SV $100 (funding=bank_account, delivery=bank_account)
[2026-08-03T04:25:05.615362+00:00]   [Western Union]   YA RECOLECTADO HOY, se omite: Western Union CA->SV $100 (funding=interac_e_transfer, delivery=bank_account)
[2026-08-03T04:25:05.615368+00:00]   [Western Union]   YA RECOLECTADO HOY, se omite: Western Union CA->SV $100 (funding=credit_card, delivery=bank_account)
[2026-08-03T04:25:05.615389+00:00]   [Western Union]   YA RECOLECTADO HOY, se omite: Western Union CA->SV $100 (funding=google_pay, delivery=bank_account)
[2026-08-03T04:25:05.615402+00:00]   [Western Union] CA->SV $100: 0 observaciones insertadas. Evidencia: evidence/western_union_ca_100_20260803T042456Z.jpg (sha256=bd37eb9e06c92c4c71807cd9fe6691d187d489656739c5d0e80e56cb5fc3f78a)
[2026-08-03T04:25:05.615435+00:00]   [Western Union]   YA RECOLECTADO HOY, se omite: Western Union CA->SV $200 (funding=debit_card, delivery=bank_account)
[2026-08-03T04:25:05.615442+00:00]   [Western Union]   YA RECOLECTADO HOY, se omite: Western Union CA->SV $200 (funding=bank_account, delivery=bank_account)
[2026-08-03T04:25:05.615448+00:00]   [Western Union]   YA RECOLECTADO HOY, se omite: Western Union CA->SV $200 (funding=interac_e_transfer, delivery=bank_account)
[2026-08-03T04:25:05.615454+00:00]   [Western Union]   YA RECOLECTADO HOY, se omite: Western Union CA->SV $200 (funding=credit_card, delivery=bank_account)
[2026-08-03T04:25:05.615460+00:00]   [Western Union]   YA RECOLECTADO HOY, se omite: Western Union CA->SV $200 (funding=google_pay, delivery=bank_account)
[2026-08-03T04:25:05.615467+00:00]   [Western Union] CA->SV $200: 0 observaciones insertadas. Evidencia: evidence/western_union_ca_200_20260803T042500Z.jpg (sha256=7f53956a7ddd7bfc41102fd384be4f81fa726a842b9007a6f3de032d7c29d4b1)
[2026-08-03T04:25:05.615474+00:00]   [Western Union]   YA RECOLECTADO HOY, se omite: Western Union CA->SV $500 (funding=debit_card, delivery=bank_account)
[2026-08-03T04:25:05.615480+00:00]   [Western Union]   YA RECOLECTADO HOY, se omite: Western Union CA->SV $500 (funding=bank_account, delivery=bank_account)
[2026-08-03T04:25:05.615487+00:00]   [Western Union]   YA RECOLECTADO HOY, se omite: Western Union CA->SV $500 (funding=interac_e_transfer, delivery=bank_account)
[2026-08-03T04:25:05.615493+00:00]   [Western Union]   YA RECOLECTADO HOY, se omite: Western Union CA->SV $500 (funding=credit_card, delivery=bank_account)
[2026-08-03T04:25:05.615500+00:00]   [Western Union]   YA RECOLECTADO HOY, se omite: Western Union CA->SV $500 (funding=google_pay, delivery=bank_account)
[2026-08-03T04:25:05.615510+00:00]   [Western Union] CA->SV $500: 0 observaciones insertadas. Evidencia: evidence/western_union_ca_500_20260803T042505Z.jpg (sha256=32f485ec9e50fcc91a6af9948e118e0a8118ff00ed4f7441cc81d089e4488147)
[2026-08-03T04:25:05.615519+00:00] OK Western Union: 0 observaciones nuevas
[2026-08-03T04:25:05.615557+00:00] === Iniciando Ria Money Transfer (ria.py) ===
[2026-08-03T04:25:57.984890+00:00]   [Ria Money Transfer] Intento 1/3 fallo para corredor US->SV: TimeoutError: Locator.click: Timeout 10000ms exceeded.
[2026-08-03T04:25:57.984938+00:00]   [Ria Money Transfer] Call log:
[2026-08-03T04:25:57.984946+00:00]   [Ria Money Transfer]   - waiting for get_by_role("option").first
[2026-08-03T04:25:57.984953+00:00]   [Ria Money Transfer] . Reintentando en 5s...
[2026-08-03T04:25:57.984959+00:00]   [Ria Money Transfer] Intento 2/3 fallo para corredor US->SV: TimeoutError: Locator.click: Timeout 10000ms exceeded.
[2026-08-03T04:25:57.984964+00:00]   [Ria Money Transfer] Call log:
[2026-08-03T04:25:57.984970+00:00]   [Ria Money Transfer]   - waiting for get_by_role("option").first
[2026-08-03T04:25:57.984976+00:00]   [Ria Money Transfer] . Reintentando en 10s...
[2026-08-03T04:25:57.984995+00:00] FALLO Ria Money Transfer: codigo de salida 1:     return task.result()
           ^^^^^^^^^^^^^
  File "/opt/hostedtoolcache/Python/3.11.15/x64/lib/python3.11/site-packages/playwright/_impl/_locator.py", line 165, in click
    return await self._frame._click(self._selector, strict=True, **params)
           ^^^^^^^^^^^^^^^^^^^^^^^^^^^^^^^^^^^^^^^^^^^^^^^^^^^^^^^^^^^^^^^
  File "/opt/hostedtoolcache/Python/3.11.15/x64/lib/python3.11/site-packages/playwright/_impl/_frame.py", line 593, in _click
    await self._channel.send("click", self._timeout, locals_to_params(locals()))
  File "/opt/hostedtoolcache/Python/3.11.15/x64/lib/python3.11/site-packages/playwright/_impl/_connection.py", line 76, in send
    return await self._connection.wrap_api_call(
           ^^^^^^^^^^^^^^^^^^^^^^^^^^^^^^^^^^^^^
  File "/opt/hostedtoolcache/Python/3.11.15/x64/lib/python3.11/site-packages/playwright/_impl/_connection.py", line 632, in wrap_api_call
    raise rewrite_error(error, f"{parsed_st['apiName']}: {error}") from None
playwright._impl._errors.TimeoutError: Locator.click: Timeout 10000ms exceeded.
Call log:
  - waiting for get_by_role("option").first
[2026-08-03T04:25:57.985036+00:00] === Iniciando Xoom (a PayPal service) (xoom.py) ===
[2026-08-03T04:26:23.536024+00:00]   [Xoom (a PayPal service)] YA RECOLECTADO HOY, se omite: Xoom (a PayPal service) US->SV $100 (funding=pyusd, delivery=bank_deposit)
[2026-08-03T04:26:23.536072+00:00]   [Xoom (a PayPal service)]   YA RECOLECTADO HOY, se omite: Xoom (a PayPal service) US->SV $100 (funding=paypal_balance, delivery=bank_deposit)
[2026-08-03T04:26:23.536079+00:00]   [Xoom (a PayPal service)]   YA RECOLECTADO HOY, se omite: Xoom (a PayPal service) US->SV $100 (funding=bank_account, delivery=bank_deposit)
[2026-08-03T04:26:23.536084+00:00]   [Xoom (a PayPal service)]   YA RECOLECTADO HOY, se omite: Xoom (a PayPal service) US->SV $100 (funding=debit_card, delivery=bank_deposit)
[2026-08-03T04:26:23.536089+00:00]   [Xoom (a PayPal service)]   YA RECOLECTADO HOY, se omite: Xoom (a PayPal service) US->SV $100 (funding=credit_card, delivery=bank_deposit)
[2026-08-03T04:26:23.536093+00:00]   [Xoom (a PayPal service)]   YA RECOLECTADO HOY, se omite: Xoom (a PayPal service) US->SV $100 (funding=pyusd, delivery=debit_card_deposit)
[2026-08-03T04:26:23.536097+00:00]   [Xoom (a PayPal service)]   YA RECOLECTADO HOY, se omite: Xoom (a PayPal service) US->SV $100 (funding=paypal_balance, delivery=debit_card_deposit)
[2026-08-03T04:26:23.536102+00:00]   [Xoom (a PayPal service)]   YA RECOLECTADO HOY, se omite: Xoom (a PayPal service) US->SV $100 (funding=bank_account, delivery=debit_card_deposit)
[2026-08-03T04:26:23.536106+00:00]   [Xoom (a PayPal service)]   YA RECOLECTADO HOY, se omite: Xoom (a PayPal service) US->SV $100 (funding=debit_card, delivery=debit_card_deposit)
[2026-08-03T04:26:23.536111+00:00]   [Xoom (a PayPal service)]   YA RECOLECTADO HOY, se omite: Xoom (a PayPal service) US->SV $100 (funding=credit_card, delivery=debit_card_deposit)
[2026-08-03T04:26:23.536115+00:00]   [Xoom (a PayPal service)]   YA RECOLECTADO HOY, se omite: Xoom (a PayPal service) US->SV $100 (funding=pyusd, delivery=cash_pickup)
[2026-08-03T04:26:23.536119+00:00]   [Xoom (a PayPal service)]   YA RECOLECTADO HOY, se omite: Xoom (a PayPal service) US->SV $100 (funding=paypal_balance, delivery=cash_pickup)
[2026-08-03T04:26:23.536124+00:00]   [Xoom (a PayPal service)]   YA RECOLECTADO HOY, se omite: Xoom (a PayPal service) US->SV $100 (funding=bank_account, delivery=cash_pickup)
[2026-08-03T04:26:23.536128+00:00]   [Xoom (a PayPal service)]   YA RECOLECTADO HOY, se omite: Xoom (a PayPal service) US->SV $100 (funding=debit_card, delivery=cash_pickup)
[2026-08-03T04:26:23.536133+00:00]   [Xoom (a PayPal service)]   YA RECOLECTADO HOY, se omite: Xoom (a PayPal service) US->SV $100 (funding=credit_card, delivery=cash_pickup)
[2026-08-03T04:26:23.536138+00:00]   [Xoom (a PayPal service)] US->SV $100: 0 observaciones insertadas. Evidencia: evidence/xoom_us_100_20260803T042602Z.jpg (sha256=91f734e046a6e182a0f055ebfdba1f6d1b0592eda3cba4537335390f075e9080)
[2026-08-03T04:26:23.536143+00:00]   [Xoom (a PayPal service)]   YA RECOLECTADO HOY, se omite: Xoom (a PayPal service) US->SV $200 (funding=pyusd, delivery=bank_deposit)
[2026-08-03T04:26:23.536147+00:00]   [Xoom (a PayPal service)]   YA RECOLECTADO HOY, se omite: Xoom (a PayPal service) US->SV $200 (funding=paypal_balance, delivery=bank_deposit)
[2026-08-03T04:26:23.536151+00:00]   [Xoom (a PayPal service)]   YA RECOLECTADO HOY, se omite: Xoom (a PayPal service) US->SV $200 (funding=bank_account, delivery=bank_deposit)
[2026-08-03T04:26:23.536156+00:00]   [Xoom (a PayPal service)]   YA RECOLECTADO HOY, se omite: Xoom (a PayPal service) US->SV $200 (funding=debit_card, delivery=bank_deposit)
[2026-08-03T04:26:23.536160+00:00]   [Xoom (a PayPal service)]   YA RECOLECTADO HOY, se omite: Xoom (a PayPal service) US->SV $200 (funding=credit_card, delivery=bank_deposit)
[2026-08-03T04:26:23.536165+00:00]   [Xoom (a PayPal service)]   YA RECOLECTADO HOY, se omite: Xoom (a PayPal service) US->SV $200 (funding=pyusd, delivery=debit_card_deposit)
[2026-08-03T04:26:23.536195+00:00]   [Xoom (a PayPal service)]   YA RECOLECTADO HOY, se omite: Xoom (a PayPal service) US->SV $200 (funding=paypal_balance, delivery=debit_card_deposit)
[2026-08-03T04:26:23.536200+00:00]   [Xoom (a PayPal service)]   YA RECOLECTADO HOY, se omite: Xoom (a PayPal service) US->SV $200 (funding=bank_account, delivery=debit_card_deposit)
[2026-08-03T04:26:23.536204+00:00]   [Xoom (a PayPal service)]   YA RECOLECTADO HOY, se omite: Xoom (a PayPal service) US->SV $200 (funding=debit_card, delivery=debit_card_deposit)
[2026-08-03T04:26:23.536209+00:00]   [Xoom (a PayPal service)]   YA RECOLECTADO HOY, se omite: Xoom (a PayPal service) US->SV $200 (funding=credit_card, delivery=debit_card_deposit)
[2026-08-03T04:26:23.536213+00:00]   [Xoom (a PayPal service)]   YA RECOLECTADO HOY, se omite: Xoom (a PayPal service) US->SV $200 (funding=pyusd, delivery=cash_pickup)
[2026-08-03T04:26:23.536217+00:00]   [Xoom (a PayPal service)]   YA RECOLECTADO HOY, se omite: Xoom (a PayPal service) US->SV $200 (funding=paypal_balance, delivery=cash_pickup)
[2026-08-03T04:26:23.536221+00:00]   [Xoom (a PayPal service)]   YA RECOLECTADO HOY, se omite: Xoom (a PayPal service) US->SV $200 (funding=bank_account, delivery=cash_pickup)
[2026-08-03T04:26:23.536226+00:00]   [Xoom (a PayPal service)]   YA RECOLECTADO HOY, se omite: Xoom (a PayPal service) US->SV $200 (funding=debit_card, delivery=cash_pickup)
[2026-08-03T04:26:23.536230+00:00]   [Xoom (a PayPal service)]   YA RECOLECTADO HOY, se omite: Xoom (a PayPal service) US->SV $200 (funding=credit_card, delivery=cash_pickup)
[2026-08-03T04:26:23.536235+00:00]   [Xoom (a PayPal service)] US->SV $200: 0 observaciones insertadas. Evidencia: evidence/xoom_us_200_20260803T042606Z.jpg (sha256=34e510242afd7d6d8784e949426ae6eda17d88487c0cdbdacebeca35725ac9b7)
[2026-08-03T04:26:23.536239+00:00]   [Xoom (a PayPal service)]   YA RECOLECTADO HOY, se omite: Xoom (a PayPal service) US->SV $500 (funding=pyusd, delivery=bank_deposit)
[2026-08-03T04:26:23.536244+00:00]   [Xoom (a PayPal service)]   YA RECOLECTADO HOY, se omite: Xoom (a PayPal service) US->SV $500 (funding=paypal_balance, delivery=bank_deposit)
[2026-08-03T04:26:23.536248+00:00]   [Xoom (a PayPal service)]   YA RECOLECTADO HOY, se omite: Xoom (a PayPal service) US->SV $500 (funding=bank_account, delivery=bank_deposit)
[2026-08-03T04:26:23.536252+00:00]   [Xoom (a PayPal service)]   YA RECOLECTADO HOY, se omite: Xoom (a PayPal service) US->SV $500 (funding=debit_card, delivery=bank_deposit)
[2026-08-03T04:26:23.536256+00:00]   [Xoom (a PayPal service)]   YA RECOLECTADO HOY, se omite: Xoom (a PayPal service) US->SV $500 (funding=credit_card, delivery=bank_deposit)
[2026-08-03T04:26:23.536260+00:00]   [Xoom (a PayPal service)]   YA RECOLECTADO HOY, se omite: Xoom (a PayPal service) US->SV $500 (funding=pyusd, delivery=debit_card_deposit)
[2026-08-03T04:26:23.536264+00:00]   [Xoom (a PayPal service)]   YA RECOLECTADO HOY, se omite: Xoom (a PayPal service) US->SV $500 (funding=paypal_balance, delivery=debit_card_deposit)
[2026-08-03T04:26:23.536276+00:00]   [Xoom (a PayPal service)]   YA RECOLECTADO HOY, se omite: Xoom (a PayPal service) US->SV $500 (funding=bank_account, delivery=debit_card_deposit)
[2026-08-03T04:26:23.536283+00:00]   [Xoom (a PayPal service)]   YA RECOLECTADO HOY, se omite: Xoom (a PayPal service) US->SV $500 (funding=debit_card, delivery=debit_card_deposit)
[2026-08-03T04:26:23.536290+00:00]   [Xoom (a PayPal service)]   YA RECOLECTADO HOY, se omite: Xoom (a PayPal service) US->SV $500 (funding=credit_card, delivery=debit_card_deposit)
[2026-08-03T04:26:23.536296+00:00]   [Xoom (a PayPal service)]   YA RECOLECTADO HOY, se omite: Xoom (a PayPal service) US->SV $500 (funding=pyusd, delivery=cash_pickup)
[2026-08-03T04:26:23.536302+00:00]   [Xoom (a PayPal service)]   YA RECOLECTADO HOY, se omite: Xoom (a PayPal service) US->SV $500 (funding=paypal_balance, delivery=cash_pickup)
[2026-08-03T04:26:23.536308+00:00]   [Xoom (a PayPal service)]   YA RECOLECTADO HOY, se omite: Xoom (a PayPal service) US->SV $500 (funding=bank_account, delivery=cash_pickup)
[2026-08-03T04:26:23.536317+00:00]   [Xoom (a PayPal service)]   YA RECOLECTADO HOY, se omite: Xoom (a PayPal service) US->SV $500 (funding=debit_card, delivery=cash_pickup)
[2026-08-03T04:26:23.536324+00:00]   [Xoom (a PayPal service)]   YA RECOLECTADO HOY, se omite: Xoom (a PayPal service) US->SV $500 (funding=credit_card, delivery=cash_pickup)
[2026-08-03T04:26:23.536330+00:00]   [Xoom (a PayPal service)] US->SV $500: 0 observaciones insertadas. Evidencia: evidence/xoom_us_500_20260803T042609Z.jpg (sha256=3dcf709dc6be9b2b8867684a9b9eef6db415a68978a84f0dcf71e44350b40194)
[2026-08-03T04:26:23.536336+00:00]   [Xoom (a PayPal service)]   YA RECOLECTADO HOY, se omite: Xoom (a PayPal service) CA->SV $100 (funding=paypal_balance, delivery=bank_deposit)
[2026-08-03T04:26:23.536343+00:00]   [Xoom (a PayPal service)]   YA RECOLECTADO HOY, se omite: Xoom (a PayPal service) CA->SV $100 (funding=bank_account, delivery=bank_deposit)
[2026-08-03T04:26:23.536350+00:00]   [Xoom (a PayPal service)]   YA RECOLECTADO HOY, se omite: Xoom (a PayPal service) CA->SV $100 (funding=debit_card, delivery=bank_deposit)
[2026-08-03T04:26:23.536355+00:00]   [Xoom (a PayPal service)]   YA RECOLECTADO HOY, se omite: Xoom (a PayPal service) CA->SV $100 (funding=credit_card, delivery=bank_deposit)
[2026-08-03T04:26:23.536361+00:00]   [Xoom (a PayPal service)]   YA RECOLECTADO HOY, se omite: Xoom (a PayPal service) CA->SV $100 (funding=paypal_balance, delivery=cash_pickup)
[2026-08-03T04:26:23.536367+00:00]   [Xoom (a PayPal service)]   YA RECOLECTADO HOY, se omite: Xoom (a PayPal service) CA->SV $100 (funding=bank_account, delivery=cash_pickup)
[2026-08-03T04:26:23.536393+00:00]   [Xoom (a PayPal service)]   YA RECOLECTADO HOY, se omite: Xoom (a PayPal service) CA->SV $100 (funding=debit_card, delivery=cash_pickup)
[2026-08-03T04:26:23.536403+00:00]   [Xoom (a PayPal service)]   YA RECOLECTADO HOY, se omite: Xoom (a PayPal service) CA->SV $100 (funding=credit_card, delivery=cash_pickup)
[2026-08-03T04:26:23.536410+00:00]   [Xoom (a PayPal service)] CA->SV $100: 0 observaciones insertadas. Evidencia: evidence/xoom_ca_100_20260803T042616Z.jpg (sha256=b4ac7894c2a36ddaabd4ce75053b73304e03dfb9a7f4abb9c4d2f2d6a39236f9)
[2026-08-03T04:26:23.536417+00:00]   [Xoom (a PayPal service)]   YA RECOLECTADO HOY, se omite: Xoom (a PayPal service) CA->SV $200 (funding=paypal_balance, delivery=bank_deposit)
[2026-08-03T04:26:23.536427+00:00]   [Xoom (a PayPal service)]   YA RECOLECTADO HOY, se omite: Xoom (a PayPal service) CA->SV $200 (funding=bank_account, delivery=bank_deposit)
[2026-08-03T04:26:23.536431+00:00]   [Xoom (a PayPal service)]   YA RECOLECTADO HOY, se omite: Xoom (a PayPal service) CA->SV $200 (funding=debit_card, delivery=bank_deposit)
[2026-08-03T04:26:23.536436+00:00]   [Xoom (a PayPal service)]   YA RECOLECTADO HOY, se omite: Xoom (a PayPal service) CA->SV $200 (funding=credit_card, delivery=bank_deposit)
[2026-08-03T04:26:23.536443+00:00]   [Xoom (a PayPal service)]   YA RECOLECTADO HOY, se omite: Xoom (a PayPal service) CA->SV $200 (funding=paypal_balance, delivery=cash_pickup)
[2026-08-03T04:26:23.536447+00:00]   [Xoom (a PayPal service)]   YA RECOLECTADO HOY, se omite: Xoom (a PayPal service) CA->SV $200 (funding=bank_account, delivery=cash_pickup)
[2026-08-03T04:26:23.536451+00:00]   [Xoom (a PayPal service)]   YA RECOLECTADO HOY, se omite: Xoom (a PayPal service) CA->SV $200 (funding=debit_card, delivery=cash_pickup)
[2026-08-03T04:26:23.536455+00:00]   [Xoom (a PayPal service)]   YA RECOLECTADO HOY, se omite: Xoom (a PayPal service) CA->SV $200 (funding=credit_card, delivery=cash_pickup)
[2026-08-03T04:26:23.536464+00:00]   [Xoom (a PayPal service)] CA->SV $200: 0 observaciones insertadas. Evidencia: evidence/xoom_ca_200_20260803T042619Z.jpg (sha256=200cec2e2bf09c2ff48d0774fe66af056a23677da7bf7c7a3d78b39b1e0cc0e8)
[2026-08-03T04:26:23.536471+00:00]   [Xoom (a PayPal service)]   YA RECOLECTADO HOY, se omite: Xoom (a PayPal service) CA->SV $500 (funding=paypal_balance, delivery=bank_deposit)
[2026-08-03T04:26:23.536481+00:00]   [Xoom (a PayPal service)]   YA RECOLECTADO HOY, se omite: Xoom (a PayPal service) CA->SV $500 (funding=bank_account, delivery=bank_deposit)
[2026-08-03T04:26:23.536495+00:00]   [Xoom (a PayPal service)]   YA RECOLECTADO HOY, se omite: Xoom (a PayPal service) CA->SV $500 (funding=debit_card, delivery=bank_deposit)
[2026-08-03T04:26:23.536501+00:00]   [Xoom (a PayPal service)]   YA RECOLECTADO HOY, se omite: Xoom (a PayPal service) CA->SV $500 (funding=credit_card, delivery=bank_deposit)
[2026-08-03T04:26:23.536507+00:00]   [Xoom (a PayPal service)]   YA RECOLECTADO HOY, se omite: Xoom (a PayPal service) CA->SV $500 (funding=paypal_balance, delivery=cash_pickup)
[2026-08-03T04:26:23.536513+00:00]   [Xoom (a PayPal service)]   YA RECOLECTADO HOY, se omite: Xoom (a PayPal service) CA->SV $500 (funding=bank_account, delivery=cash_pickup)
[2026-08-03T04:26:23.536519+00:00]   [Xoom (a PayPal service)]   YA RECOLECTADO HOY, se omite: Xoom (a PayPal service) CA->SV $500 (funding=debit_card, delivery=cash_pickup)
[2026-08-03T04:26:23.536525+00:00]   [Xoom (a PayPal service)]   YA RECOLECTADO HOY, se omite: Xoom (a PayPal service) CA->SV $500 (funding=credit_card, delivery=cash_pickup)
[2026-08-03T04:26:23.536531+00:00]   [Xoom (a PayPal service)] CA->SV $500: 0 observaciones insertadas. Evidencia: evidence/xoom_ca_500_20260803T042622Z.jpg (sha256=4bbf56f3022eabf510d7f9893d962415e68bfd266d7cc82aa3b7e75963b38039)
[2026-08-03T04:26:23.536541+00:00] OK Xoom (a PayPal service): 0 observaciones nuevas
[2026-08-03T04:26:23.536579+00:00] === Iniciando RemitBee (remitbee.py) ===
[2026-08-03T04:26:38.812616+00:00]   [RemitBee] YA RECOLECTADO HOY, se omite: RemitBee CA->SV $100 (funding=debit_card, delivery=bank_account)
[2026-08-03T04:26:38.812667+00:00]   [RemitBee]   YA RECOLECTADO HOY, se omite: RemitBee CA->SV $100 (funding=e_transfer, delivery=bank_account)
[2026-08-03T04:26:38.812675+00:00]   [RemitBee]   YA RECOLECTADO HOY, se omite: RemitBee CA->SV $100 (funding=bill_payment, delivery=bank_account)
[2026-08-03T04:26:38.812682+00:00]   [RemitBee]   YA RECOLECTADO HOY, se omite: RemitBee CA->SV $100 (funding=eft, delivery=bank_account)
[2026-08-03T04:26:38.812687+00:00]   [RemitBee] CA->SV $100: 0 observaciones insertadas. Evidencia: evidence/remitbee_ca_100_20260803T042628Z.jpg (sha256=a1c89fd52ce045fbb5a10d4f0c0bace84ecf9d772bac2dcffbaa4bf3ff01d8e5)
[2026-08-03T04:26:38.812694+00:00]   [RemitBee]   YA RECOLECTADO HOY, se omite: RemitBee CA->SV $200 (funding=debit_card, delivery=bank_account)
[2026-08-03T04:26:38.812700+00:00]   [RemitBee]   YA RECOLECTADO HOY, se omite: RemitBee CA->SV $200 (funding=e_transfer, delivery=bank_account)
[2026-08-03T04:26:38.812706+00:00]   [RemitBee]   YA RECOLECTADO HOY, se omite: RemitBee CA->SV $200 (funding=bill_payment, delivery=bank_account)
[2026-08-03T04:26:38.812712+00:00]   [RemitBee]   YA RECOLECTADO HOY, se omite: RemitBee CA->SV $200 (funding=eft, delivery=bank_account)
[2026-08-03T04:26:38.812717+00:00]   [RemitBee] CA->SV $200: 0 observaciones insertadas. Evidencia: evidence/remitbee_ca_200_20260803T042632Z.jpg (sha256=6f22cf8cf132e17389334a9b9a4b1f4954dc8969d25257ecdc783ef2dea1f794)
[2026-08-03T04:26:38.812723+00:00]   [RemitBee]   YA RECOLECTADO HOY, se omite: RemitBee CA->SV $500 (funding=debit_card, delivery=bank_account)
[2026-08-03T04:26:38.812728+00:00]   [RemitBee]   YA RECOLECTADO HOY, se omite: RemitBee CA->SV $500 (funding=e_transfer, delivery=bank_account)
[2026-08-03T04:26:38.812734+00:00]   [RemitBee]   YA RECOLECTADO HOY, se omite: RemitBee CA->SV $500 (funding=bill_payment, delivery=bank_account)
[2026-08-03T04:26:38.812739+00:00]   [RemitBee]   YA RECOLECTADO HOY, se omite: RemitBee CA->SV $500 (funding=eft, delivery=bank_account)
[2026-08-03T04:26:38.812745+00:00]   [RemitBee] CA->SV $500: 0 observaciones insertadas. Evidencia: evidence/remitbee_ca_500_20260803T042638Z.jpg (sha256=62c38349ae8feb6c40c1fa4be816507c5a114165d0a24b61378a21e92bc33e8c)
[2026-08-03T04:26:38.812757+00:00] OK RemitBee: 0 observaciones nuevas

RECORDATORIO: MoneyGram sigue pendiente de muestreo manual (operators.requires_manual_sampling=1) -- su sitio bloquea automatizacion de forma explicita (ver operators.notes, confirmado 2026-08-01). Este orquestador NO lo corre ni lo intenta: no existe collectors/moneygram.py a proposito.
