[2026-08-15T09:36:57.454197+00:00] === Iniciando Remitly (remitly.py) ===
[2026-08-15T09:36:58.597133+00:00]   [Remitly] US->SV: 9 observaciones insertadas desde https://www.remitly.com/us/en/el-salvador/pricing
[2026-08-15T09:36:58.597174+00:00]   [Remitly]   Evidencia: evidence/remitly_us_20260815T093658Z.html (sha256=1185e77da36c3374346185483106f4b1b15bc6de451f9e4d2f2ec50bcedd9151)
[2026-08-15T09:36:58.597180+00:00]   [Remitly] CA->SV: 9 observaciones insertadas desde https://www.remitly.com/ca/en/el-salvador/pricing
[2026-08-15T09:36:58.597183+00:00]   [Remitly]   Evidencia: evidence/remitly_ca_20260815T093658Z.html (sha256=b9ccc23b64614e23f8a12e1842964973d6f7076e9927c31f9bec524f63d13ad8)
[2026-08-15T09:36:58.597190+00:00] OK Remitly: 18 observaciones nuevas
[2026-08-15T09:36:58.597220+00:00] === Iniciando Western Union (western_union.py) ===
[2026-08-15T09:38:33.793007+00:00]   [Western Union] US->SV $100: 5 observaciones insertadas. Evidencia: evidence/western_union_us_100_20260815T093716Z.jpg (sha256=f65063ee399e60e5fb219c608aee97972f7f1d992dcea46898cfe845b8df90f2)
[2026-08-15T09:38:33.793044+00:00]   [Western Union] US->SV $200: 5 observaciones insertadas. Evidencia: evidence/western_union_us_200_20260815T093736Z.jpg (sha256=822efcb000ef123f2d616a8c039d8a3a7031a0840a0b7f60478491effca12765)
[2026-08-15T09:38:33.793052+00:00]   [Western Union] US->SV $500: 5 observaciones insertadas. Evidencia: evidence/western_union_us_500_20260815T093755Z.jpg (sha256=7a8bdf5cff0363ad52667e485738740df2468b961fa77c80b3d91368d37fccb6)
[2026-08-15T09:38:33.793072+00:00] FALLO Western Union: codigo de salida 1:     return task.result()
           ^^^^^^^^^^^^^
  File "/opt/hostedtoolcache/Python/3.11.15/x64/lib/python3.11/site-packages/playwright/_impl/_locator.py", line 748, in wait_for
    await self._frame.wait_for_selector(
  File "/opt/hostedtoolcache/Python/3.11.15/x64/lib/python3.11/site-packages/playwright/_impl/_frame.py", line 394, in wait_for_selector
    await self._channel.send(
  File "/opt/hostedtoolcache/Python/3.11.15/x64/lib/python3.11/site-packages/playwright/_impl/_connection.py", line 76, in send
    return await self._connection.wrap_api_call(
           ^^^^^^^^^^^^^^^^^^^^^^^^^^^^^^^^^^^^^
  File "/opt/hostedtoolcache/Python/3.11.15/x64/lib/python3.11/site-packages/playwright/_impl/_connection.py", line 632, in wrap_api_call
    raise rewrite_error(error, f"{parsed_st['apiName']}: {error}") from None
playwright._impl._errors.TimeoutError: Locator.wait_for: Timeout 15000ms exceeded.
Call log:
  - waiting for locator("[role=\"dialog\"]").last to be visible
    33 × locator resolved to hidden <div role="dialog" tabindex="-1" aria-modal="true" class="modal-overlay" data-modal-element-overlay="" data-modal-close-button-parent="">…</div>
[2026-08-15T09:38:33.793119+00:00] === Iniciando Ria Money Transfer (ria.py) ===
[2026-08-15T09:39:27.899778+00:00]   [Ria Money Transfer] Intento 1/3 fallo para corredor US->SV: TimeoutError: Locator.click: Timeout 10000ms exceeded.
[2026-08-15T09:39:27.899813+00:00]   [Ria Money Transfer] Call log:
[2026-08-15T09:39:27.899817+00:00]   [Ria Money Transfer]   - waiting for get_by_role("option").first
[2026-08-15T09:39:27.899821+00:00]   [Ria Money Transfer] . Reintentando en 5s...
[2026-08-15T09:39:27.899824+00:00]   [Ria Money Transfer] Intento 2/3 fallo para corredor US->SV: TimeoutError: Locator.click: Timeout 10000ms exceeded.
[2026-08-15T09:39:27.899828+00:00]   [Ria Money Transfer] Call log:
[2026-08-15T09:39:27.899832+00:00]   [Ria Money Transfer]   - waiting for get_by_role("option").first
[2026-08-15T09:39:27.899835+00:00]   [Ria Money Transfer] . Reintentando en 10s...
[2026-08-15T09:39:27.899848+00:00] FALLO Ria Money Transfer: codigo de salida 1:     return task.result()
           ^^^^^^^^^^^^^
  File "/opt/hostedtoolcache/Python/3.11.15/x64/lib/python3.11/site-packages/playwright/_impl/_locator.py", line 165, in click
    return await self._frame._click(self._selector, strict=True, **params)
           ^^^^^^^^^^^^^^^^^^^^^^^^^^^^^^^^^^^^^^^^^^^^^^^^^^^^^^^^^^^^^^^
  File "/opt/hostedtoolcache/Python/3.11.15/x64/lib/python3.11/site-packages/playwright/_impl/_frame.py", line 593, in _click
    await self._channel.send("click", self._timeout, locals_to_params(locals()))
  File "/opt/hostedtoolcache/Python/3.11.15/x64/lib/python3.11/site-packages/playwright/_impl/_connection.py", line 76, in send
    return await self._connection.wrap_api_call(
           ^^^^^^^^^^^^^^^^^^^^^^^^^^^^^^^^^^^^^
  File "/opt/hostedtoolcache/Python/3.11.15/x64/lib/python3.11/site-packages/playwright/_impl/_connection.py", line 632, in wrap_api_call
    raise rewrite_error(error, f"{parsed_st['apiName']}: {error}") from None
playwright._impl._errors.TimeoutError: Locator.click: Timeout 10000ms exceeded.
Call log:
  - waiting for get_by_role("option").first
[2026-08-15T09:39:27.899883+00:00] === Iniciando Xoom (a PayPal service) (xoom.py) ===
[2026-08-15T09:39:53.712290+00:00]   [Xoom (a PayPal service)] US->SV $100: 15 observaciones insertadas. Evidencia: evidence/xoom_us_100_20260815T093932Z.jpg (sha256=a8f55a7f8b00c4cea65d09ee582ce264974a51405297c0a0aba6e0e9c92fa5da)
[2026-08-15T09:39:53.712318+00:00]   [Xoom (a PayPal service)] US->SV $200: 15 observaciones insertadas. Evidencia: evidence/xoom_us_200_20260815T093936Z.jpg (sha256=d49e26d779e149ab0c6dd692c75266c798e4aa2935212d199f637398f0bf8f97)
[2026-08-15T09:39:53.712321+00:00]   [Xoom (a PayPal service)] US->SV $500: 15 observaciones insertadas. Evidencia: evidence/xoom_us_500_20260815T093939Z.jpg (sha256=a14487eebd68ccb5461a210093eb36a77393f739c83020ba837ff8ff78488829)
[2026-08-15T09:39:53.712325+00:00]   [Xoom (a PayPal service)] CA->SV $100: 8 observaciones insertadas. Evidencia: evidence/xoom_ca_100_20260815T093946Z.jpg (sha256=42a5057566db36522f61353aed403a2903a74526d0e8d836c16c2e94415dd2e7)
[2026-08-15T09:39:53.712330+00:00]   [Xoom (a PayPal service)] CA->SV $200: 8 observaciones insertadas. Evidencia: evidence/xoom_ca_200_20260815T093949Z.jpg (sha256=67da56a42ee426ef65c037ea38648542a5f1b94af27fbefa5cbe2e1fc6585d78)
[2026-08-15T09:39:53.712334+00:00]   [Xoom (a PayPal service)] CA->SV $500: 8 observaciones insertadas. Evidencia: evidence/xoom_ca_500_20260815T093952Z.jpg (sha256=751b570b4bca26b7f425aaed43341bc3afafaf99d3601e13a27ab50ce33b4b6e)
[2026-08-15T09:39:53.712338+00:00] OK Xoom (a PayPal service): 69 observaciones nuevas
[2026-08-15T09:39:53.712366+00:00] === Iniciando RemitBee (remitbee.py) ===
[2026-08-15T09:40:02.719856+00:00]   [RemitBee] CA->SV $100: 4 observaciones insertadas. Evidencia: evidence/remitbee_ca_100_20260815T093957Z.jpg (sha256=617cb480a4f391a3242f017ffc03719fbb26f4adb53f443c6d022bffaf3fe0bf)
[2026-08-15T09:40:02.719889+00:00]   [RemitBee] CA->SV $200: 4 observaciones insertadas. Evidencia: evidence/remitbee_ca_200_20260815T093959Z.jpg (sha256=7849a00da462516ed9843e4e83893a0eefb05cb4521cf487d401ec69de1bbf9c)
[2026-08-15T09:40:02.719894+00:00]   [RemitBee] CA->SV $500: 4 observaciones insertadas. Evidencia: evidence/remitbee_ca_500_20260815T094002Z.jpg (sha256=f73396f01e3d5e47fc210dbdf48d1b9d57c00b138e438c243ed1ebdf993f86d7)
[2026-08-15T09:40:02.719903+00:00] OK RemitBee: 12 observaciones nuevas

RECORDATORIO: MoneyGram sigue pendiente de muestreo manual (operators.requires_manual_sampling=1) -- su sitio bloquea automatizacion de forma explicita (ver operators.notes, confirmado 2026-08-01). Este orquestador NO lo corre ni lo intenta: no existe collectors/moneygram.py a proposito.
