[2026-08-05T11:27:48.766463+00:00] === Iniciando Remitly (remitly.py) ===
[2026-08-05T11:27:50.226275+00:00]   [Remitly] US->SV: 12 observaciones insertadas desde https://www.remitly.com/us/en/el-salvador/pricing
[2026-08-05T11:27:50.226307+00:00]   [Remitly]   Evidencia: evidence/remitly_us_20260805T112749Z.html (sha256=0e619751ee5e5c2f842fa9768223f8032a7a662b91b173dbde54c2a495d1dd1b)
[2026-08-05T11:27:50.226312+00:00]   [Remitly] CA->SV: 12 observaciones insertadas desde https://www.remitly.com/ca/en/el-salvador/pricing
[2026-08-05T11:27:50.226315+00:00]   [Remitly]   Evidencia: evidence/remitly_ca_20260805T112750Z.html (sha256=e87d993596a0a8ae2c85636b85f9b568dcacf6a65d17ca8c3a97e09839e30205)
[2026-08-05T11:27:50.226321+00:00] OK Remitly: 24 observaciones nuevas
[2026-08-05T11:27:50.226348+00:00] === Iniciando Western Union (western_union.py) ===
[2026-08-05T11:28:36.135861+00:00]   [Western Union] US->SV $100: 5 observaciones insertadas. Evidencia: evidence/western_union_us_100_20260805T112804Z.jpg (sha256=015a62e08b1a049e69292fe4452e3049e255b1bc3eaeb42d0fc67838980c7e9a)
[2026-08-05T11:28:36.135914+00:00] FALLO Western Union: codigo de salida 1:     return task.result()
           ^^^^^^^^^^^^^
  File "/opt/hostedtoolcache/Python/3.11.15/x64/lib/python3.11/site-packages/playwright/_impl/_page.py", line 427, in wait_for_selector
    return await self._main_frame.wait_for_selector(**locals_to_params(locals()))
           ^^^^^^^^^^^^^^^^^^^^^^^^^^^^^^^^^^^^^^^^^^^^^^^^^^^^^^^^^^^^^^^^^^^^^^
  File "/opt/hostedtoolcache/Python/3.11.15/x64/lib/python3.11/site-packages/playwright/_impl/_frame.py", line 394, in wait_for_selector
    await self._channel.send(
  File "/opt/hostedtoolcache/Python/3.11.15/x64/lib/python3.11/site-packages/playwright/_impl/_connection.py", line 76, in send
    return await self._connection.wrap_api_call(
           ^^^^^^^^^^^^^^^^^^^^^^^^^^^^^^^^^^^^^
  File "/opt/hostedtoolcache/Python/3.11.15/x64/lib/python3.11/site-packages/playwright/_impl/_connection.py", line 632, in wrap_api_call
    raise rewrite_error(error, f"{parsed_st['apiName']}: {error}") from None
playwright._impl._errors.TimeoutError: Page.wait_for_selector: Timeout 15000ms exceeded.
Call log:
  - waiting for locator("[role=\"radiogroup\"] [role=\"radio\"]") to be visible
[2026-08-05T11:28:36.135946+00:00] === Iniciando Ria Money Transfer (ria.py) ===
[2026-08-05T11:29:28.595993+00:00]   [Ria Money Transfer] Intento 1/3 fallo para corredor US->SV: TimeoutError: Locator.click: Timeout 10000ms exceeded.
[2026-08-05T11:29:28.596030+00:00]   [Ria Money Transfer] Call log:
[2026-08-05T11:29:28.596035+00:00]   [Ria Money Transfer]   - waiting for get_by_role("option").first
[2026-08-05T11:29:28.596038+00:00]   [Ria Money Transfer] . Reintentando en 5s...
[2026-08-05T11:29:28.596042+00:00]   [Ria Money Transfer] Intento 2/3 fallo para corredor US->SV: TimeoutError: Locator.click: Timeout 10000ms exceeded.
[2026-08-05T11:29:28.596045+00:00]   [Ria Money Transfer] Call log:
[2026-08-05T11:29:28.596048+00:00]   [Ria Money Transfer]   - waiting for get_by_role("option").first
[2026-08-05T11:29:28.596051+00:00]   [Ria Money Transfer] . Reintentando en 10s...
[2026-08-05T11:29:28.596066+00:00] FALLO Ria Money Transfer: codigo de salida 1:     return task.result()
           ^^^^^^^^^^^^^
  File "/opt/hostedtoolcache/Python/3.11.15/x64/lib/python3.11/site-packages/playwright/_impl/_locator.py", line 165, in click
    return await self._frame._click(self._selector, strict=True, **params)
           ^^^^^^^^^^^^^^^^^^^^^^^^^^^^^^^^^^^^^^^^^^^^^^^^^^^^^^^^^^^^^^^
  File "/opt/hostedtoolcache/Python/3.11.15/x64/lib/python3.11/site-packages/playwright/_impl/_frame.py", line 593, in _click
    await self._channel.send("click", self._timeout, locals_to_params(locals()))
  File "/opt/hostedtoolcache/Python/3.11.15/x64/lib/python3.11/site-packages/playwright/_impl/_connection.py", line 76, in send
    return await self._connection.wrap_api_call(
           ^^^^^^^^^^^^^^^^^^^^^^^^^^^^^^^^^^^^^
  File "/opt/hostedtoolcache/Python/3.11.15/x64/lib/python3.11/site-packages/playwright/_impl/_connection.py", line 632, in wrap_api_call
    raise rewrite_error(error, f"{parsed_st['apiName']}: {error}") from None
playwright._impl._errors.TimeoutError: Locator.click: Timeout 10000ms exceeded.
Call log:
  - waiting for get_by_role("option").first
[2026-08-05T11:29:28.596101+00:00] === Iniciando Xoom (a PayPal service) (xoom.py) ===
[2026-08-05T11:29:53.264406+00:00]   [Xoom (a PayPal service)] US->SV $100: 15 observaciones insertadas. Evidencia: evidence/xoom_us_100_20260805T112933Z.jpg (sha256=28a269e44fb2a57fb18de9dfff6465984a3313c13d34eed7f645c4e2b0ed9ae0)
[2026-08-05T11:29:53.264440+00:00]   [Xoom (a PayPal service)] US->SV $200: 15 observaciones insertadas. Evidencia: evidence/xoom_us_200_20260805T112936Z.jpg (sha256=8b9eed20ae9297e9452cab13c780c704fc30eb8c3058739507970701fa09fe55)
[2026-08-05T11:29:53.264444+00:00]   [Xoom (a PayPal service)] US->SV $500: 15 observaciones insertadas. Evidencia: evidence/xoom_us_500_20260805T112939Z.jpg (sha256=a831558896a5dc053da98a701311c11a47f8cade770f1c348b09b6f68b690034)
[2026-08-05T11:29:53.264447+00:00]   [Xoom (a PayPal service)] CA->SV $100: 8 observaciones insertadas. Evidencia: evidence/xoom_ca_100_20260805T112945Z.jpg (sha256=b3e1d8d3fceddc07f37cdfb9434f69efa350219be7fed91d042c59aaf5768c08)
[2026-08-05T11:29:53.264450+00:00]   [Xoom (a PayPal service)] CA->SV $200: 8 observaciones insertadas. Evidencia: evidence/xoom_ca_200_20260805T112949Z.jpg (sha256=c7feb0505d98ed2c6fc8614f16a8f0cb6cf9c16c2f41a15da1ae6e4a50a95f73)
[2026-08-05T11:29:53.264452+00:00]   [Xoom (a PayPal service)] CA->SV $500: 8 observaciones insertadas. Evidencia: evidence/xoom_ca_500_20260805T112952Z.jpg (sha256=361c6eb5ca3254295ae1882d85f5ed1b26ef1874fb4ea72571719810933a8508)
[2026-08-05T11:29:53.264460+00:00] OK Xoom (a PayPal service): 69 observaciones nuevas
[2026-08-05T11:29:53.264489+00:00] === Iniciando RemitBee (remitbee.py) ===
[2026-08-05T11:30:03.760269+00:00]   [RemitBee] CA->SV $100: 4 observaciones insertadas. Evidencia: evidence/remitbee_ca_100_20260805T112956Z.jpg (sha256=96139316d1f120cfba068df7fad07033e7cd550270e8f637a840428167e54fcf)
[2026-08-05T11:30:03.760304+00:00]   [RemitBee] CA->SV $200: 4 observaciones insertadas. Evidencia: evidence/remitbee_ca_200_20260805T112959Z.jpg (sha256=5dcdff286f7cb7662cc51dbd1658b77206846657cc305c86c73458cf24f32acc)
[2026-08-05T11:30:03.760308+00:00]   [RemitBee] CA->SV $500: 4 observaciones insertadas. Evidencia: evidence/remitbee_ca_500_20260805T113003Z.jpg (sha256=69c8de86aacc44573715da42108b5377e4fdb71389e185609a19d6fbbed288f1)
[2026-08-05T11:30:03.760318+00:00] OK RemitBee: 12 observaciones nuevas

RECORDATORIO: MoneyGram sigue pendiente de muestreo manual (operators.requires_manual_sampling=1) -- su sitio bloquea automatizacion de forma explicita (ver operators.notes, confirmado 2026-08-01). Este orquestador NO lo corre ni lo intenta: no existe collectors/moneygram.py a proposito.
