[2026-09-21T15:52:56.183470+00:00] === Iniciando Remitly (remitly.py) ===
[2026-09-21T15:52:57.398962+00:00]   [Remitly] US->SV: 9 observaciones insertadas desde https://www.remitly.com/us/en/el-salvador/pricing
[2026-09-21T15:52:57.399005+00:00]   [Remitly]   Evidencia: evidence/remitly_us_20260921T155256Z.html (sha256=87b67186320a17435ce8b71cf7fba825601784fa86568015ac4d1bf3d69f23bf)
[2026-09-21T15:52:57.399014+00:00]   [Remitly] CA->SV: 9 observaciones insertadas desde https://www.remitly.com/ca/en/el-salvador/pricing
[2026-09-21T15:52:57.399021+00:00]   [Remitly]   Evidencia: evidence/remitly_ca_20260921T155257Z.html (sha256=2257f62530eb95c1d4e929344a2875fe27b1bdcae5378ade1bc0afc8d02c8a35)
[2026-09-21T15:52:57.399030+00:00] OK Remitly: 18 observaciones nuevas
[2026-09-21T15:52:57.399063+00:00] === Iniciando Western Union (western_union.py) ===
[2026-09-21T15:53:48.444088+00:00]   [Western Union] US->SV $100: 5 observaciones insertadas. Evidencia: evidence/western_union_us_100_20260921T155312Z.jpg (sha256=dbdd60006f39d53f24dc1c7a511b1d012ce592f872a1911225692003a47eb0d7)
[2026-09-21T15:53:48.444152+00:00] FALLO Western Union: codigo de salida 1:     return task.result()
           ^^^^^^^^^^^^^
  File "/opt/hostedtoolcache/Python/3.11.16/x64/lib/python3.11/site-packages/playwright/_impl/_page.py", line 429, in wait_for_selector
    return await self._main_frame.wait_for_selector(**locals_to_params(locals()))
           ^^^^^^^^^^^^^^^^^^^^^^^^^^^^^^^^^^^^^^^^^^^^^^^^^^^^^^^^^^^^^^^^^^^^^^
  File "/opt/hostedtoolcache/Python/3.11.16/x64/lib/python3.11/site-packages/playwright/_impl/_frame.py", line 395, in wait_for_selector
    await self._channel.send(
  File "/opt/hostedtoolcache/Python/3.11.16/x64/lib/python3.11/site-packages/playwright/_impl/_connection.py", line 76, in send
    return await self._connection.wrap_api_call(
           ^^^^^^^^^^^^^^^^^^^^^^^^^^^^^^^^^^^^^
  File "/opt/hostedtoolcache/Python/3.11.16/x64/lib/python3.11/site-packages/playwright/_impl/_connection.py", line 632, in wrap_api_call
    raise rewrite_error(error, f"{parsed_st['apiName']}: {error}") from None
playwright._impl._errors.TimeoutError: Page.wait_for_selector: Timeout 15000ms exceeded.
Call log:
  - waiting for locator("[role=\"radiogroup\"] [role=\"radio\"]") to be visible
[2026-09-21T15:53:48.444189+00:00] === Iniciando Ria Money Transfer (ria.py) ===
[2026-09-21T15:54:57.226523+00:00]   [Ria Money Transfer] Intento 1/3 fallo para corredor US->SV: TimeoutError: Locator.fill: Timeout 30000ms exceeded.
[2026-09-21T15:54:57.226569+00:00]   [Ria Money Transfer] Call log:
[2026-09-21T15:54:57.226578+00:00]   [Ria Money Transfer]   - waiting for get_by_placeholder("Search currency or country")
[2026-09-21T15:54:57.226584+00:00]   [Ria Money Transfer] . Reintentando en 5s...
[2026-09-21T15:54:57.226590+00:00]   [Ria Money Transfer] Intento 2/3 fallo para corredor US->SV: TimeoutError: Locator.click: Timeout 10000ms exceeded.
[2026-09-21T15:54:57.226595+00:00]   [Ria Money Transfer] Call log:
[2026-09-21T15:54:57.226600+00:00]   [Ria Money Transfer]   - waiting for get_by_role("button", name="Select Destination")
[2026-09-21T15:54:57.226606+00:00]   [Ria Money Transfer] . Reintentando en 10s...
[2026-09-21T15:54:57.226628+00:00] FALLO Ria Money Transfer: codigo de salida 1:     return task.result()
           ^^^^^^^^^^^^^
  File "/opt/hostedtoolcache/Python/3.11.16/x64/lib/python3.11/site-packages/playwright/_impl/_locator.py", line 165, in click
    return await self._frame._click(self._selector, strict=True, **params)
           ^^^^^^^^^^^^^^^^^^^^^^^^^^^^^^^^^^^^^^^^^^^^^^^^^^^^^^^^^^^^^^^
  File "/opt/hostedtoolcache/Python/3.11.16/x64/lib/python3.11/site-packages/playwright/_impl/_frame.py", line 594, in _click
    await self._channel.send("click", self._timeout, locals_to_params(locals()))
  File "/opt/hostedtoolcache/Python/3.11.16/x64/lib/python3.11/site-packages/playwright/_impl/_connection.py", line 76, in send
    return await self._connection.wrap_api_call(
           ^^^^^^^^^^^^^^^^^^^^^^^^^^^^^^^^^^^^^
  File "/opt/hostedtoolcache/Python/3.11.16/x64/lib/python3.11/site-packages/playwright/_impl/_connection.py", line 632, in wrap_api_call
    raise rewrite_error(error, f"{parsed_st['apiName']}: {error}") from None
playwright._impl._errors.TimeoutError: Locator.click: Timeout 10000ms exceeded.
Call log:
  - waiting for get_by_role("button", name="Select Destination")
[2026-09-21T15:54:57.226669+00:00] === Iniciando Xoom (a PayPal service) (xoom.py) ===
[2026-09-21T15:55:22.989868+00:00]   [Xoom (a PayPal service)] US->SV $100: 15 observaciones insertadas. Evidencia: evidence/xoom_us_100_20260921T155502Z.jpg (sha256=c681d6c02d27bb292a55b90ce3c5e000e4239c28f7a9fda0bbebd5dd5705fe68)
[2026-09-21T15:55:22.989909+00:00]   [Xoom (a PayPal service)] US->SV $200: 15 observaciones insertadas. Evidencia: evidence/xoom_us_200_20260921T155505Z.jpg (sha256=5e74f36769afe05e9a756f0aca69b29d0c89256468c63ddc8c3cd1cbf34d48c6)
[2026-09-21T15:55:22.989918+00:00]   [Xoom (a PayPal service)] US->SV $500: 15 observaciones insertadas. Evidencia: evidence/xoom_us_500_20260921T155508Z.jpg (sha256=c834db64534044963f08bd2ea2b1be9487ff8ea5d3f6dab9b0656cab03d3668e)
[2026-09-21T15:55:22.989924+00:00]   [Xoom (a PayPal service)] CA->SV $100: 8 observaciones insertadas. Evidencia: evidence/xoom_ca_100_20260921T155515Z.jpg (sha256=7d9dc0a61c1991a9a30fd3174e93833d72ba90c32173da9bb82bca95228b1d7c)
[2026-09-21T15:55:22.989929+00:00]   [Xoom (a PayPal service)] CA->SV $200: 8 observaciones insertadas. Evidencia: evidence/xoom_ca_200_20260921T155518Z.jpg (sha256=86c1bb0513458c8d7fa83553c5dff0298119172bc9160719c132d91a455eb989)
[2026-09-21T15:55:22.989935+00:00]   [Xoom (a PayPal service)] CA->SV $500: 8 observaciones insertadas. Evidencia: evidence/xoom_ca_500_20260921T155522Z.jpg (sha256=6563736a9134863a53e56ba10a98d61bc89b78737a14310112c3f17e53a42858)
[2026-09-21T15:55:22.989946+00:00] OK Xoom (a PayPal service): 69 observaciones nuevas
[2026-09-21T15:55:22.989981+00:00] === Iniciando RemitBee (remitbee.py) ===
[2026-09-21T15:55:34.255449+00:00]   [RemitBee] CA->SV $100: 4 observaciones insertadas. Evidencia: evidence/remitbee_ca_100_20260921T155527Z.jpg (sha256=4dafebfaf69bc3ed4b01f3a081ed9dd10543c75c51e9f87f76cfa08cfca447d1)
[2026-09-21T15:55:34.255490+00:00]   [RemitBee] CA->SV $200: 4 observaciones insertadas. Evidencia: evidence/remitbee_ca_200_20260921T155531Z.jpg (sha256=6c8a24ac2d163eba3953a9256b1b942b97168f1e5322bedcce285b2b0894a393)
[2026-09-21T15:55:34.255499+00:00]   [RemitBee] CA->SV $500: 4 observaciones insertadas. Evidencia: evidence/remitbee_ca_500_20260921T155533Z.jpg (sha256=75798fedb0676abedb5517913c99c9d7ea0a3a78f81c1b694fd86616271ad379)
[2026-09-21T15:55:34.255510+00:00] OK RemitBee: 12 observaciones nuevas

RECORDATORIO: MoneyGram sigue pendiente de muestreo manual (operators.requires_manual_sampling=1) -- su sitio bloquea automatizacion de forma explicita (ver operators.notes, confirmado 2026-08-01). Este orquestador NO lo corre ni lo intenta: no existe collectors/moneygram.py a proposito.
