[2026-08-16T09:38:00.616926+00:00] === Iniciando Remitly (remitly.py) ===
[2026-08-16T09:38:02.248698+00:00]   [Remitly] US->SV: 9 observaciones insertadas desde https://www.remitly.com/us/en/el-salvador/pricing
[2026-08-16T09:38:02.248732+00:00]   [Remitly]   Evidencia: evidence/remitly_us_20260816T093801Z.html (sha256=8f20889bcc9d0d7f7320ae709ed11be998affe696a95b93782190b9678bc9d91)
[2026-08-16T09:38:02.248740+00:00]   [Remitly] CA->SV: 9 observaciones insertadas desde https://www.remitly.com/ca/en/el-salvador/pricing
[2026-08-16T09:38:02.248745+00:00]   [Remitly]   Evidencia: evidence/remitly_ca_20260816T093802Z.html (sha256=6d3824d72b49e91e63b14208f4bc75f4652705415ac27a27a8c71c41ba1df673)
[2026-08-16T09:38:02.248752+00:00] OK Remitly: 18 observaciones nuevas
[2026-08-16T09:38:02.248781+00:00] === Iniciando Western Union (western_union.py) ===
[2026-08-16T09:38:56.311868+00:00]   [Western Union] US->SV $100: 5 observaciones insertadas. Evidencia: evidence/western_union_us_100_20260816T093822Z.jpg (sha256=015a62e08b1a049e69292fe4452e3049e255b1bc3eaeb42d0fc67838980c7e9a)
[2026-08-16T09:38:56.311925+00:00] FALLO Western Union: codigo de salida 1:     return task.result()
           ^^^^^^^^^^^^^
  File "/opt/hostedtoolcache/Python/3.11.15/x64/lib/python3.11/site-packages/playwright/_impl/_page.py", line 427, in wait_for_selector
    return await self._main_frame.wait_for_selector(**locals_to_params(locals()))
           ^^^^^^^^^^^^^^^^^^^^^^^^^^^^^^^^^^^^^^^^^^^^^^^^^^^^^^^^^^^^^^^^^^^^^^
  File "/opt/hostedtoolcache/Python/3.11.15/x64/lib/python3.11/site-packages/playwright/_impl/_frame.py", line 394, in wait_for_selector
    await self._channel.send(
  File "/opt/hostedtoolcache/Python/3.11.15/x64/lib/python3.11/site-packages/playwright/_impl/_connection.py", line 76, in send
    return await self._connection.wrap_api_call(
           ^^^^^^^^^^^^^^^^^^^^^^^^^^^^^^^^^^^^^
  File "/opt/hostedtoolcache/Python/3.11.15/x64/lib/python3.11/site-packages/playwright/_impl/_connection.py", line 632, in wrap_api_call
    raise rewrite_error(error, f"{parsed_st['apiName']}: {error}") from None
playwright._impl._errors.TimeoutError: Page.wait_for_selector: Timeout 15000ms exceeded.
Call log:
  - waiting for locator("[role=\"radiogroup\"] [role=\"radio\"]") to be visible
[2026-08-16T09:38:56.311960+00:00] === Iniciando Ria Money Transfer (ria.py) ===
[2026-08-16T09:39:56.669559+00:00]   [Ria Money Transfer] Intento 1/3 fallo para corredor US->SV: TimeoutError: Locator.click: Timeout 10000ms exceeded.
[2026-08-16T09:39:56.669616+00:00]   [Ria Money Transfer] Call log:
[2026-08-16T09:39:56.669624+00:00]   [Ria Money Transfer]   - waiting for get_by_role("option", name="Bank").first
[2026-08-16T09:39:56.669630+00:00]   [Ria Money Transfer] . Reintentando en 5s...
[2026-08-16T09:39:56.669636+00:00]   [Ria Money Transfer] Intento 2/3 fallo para corredor US->SV: TimeoutError: Locator.click: Timeout 10000ms exceeded.
[2026-08-16T09:39:56.669641+00:00]   [Ria Money Transfer] Call log:
[2026-08-16T09:39:56.669646+00:00]   [Ria Money Transfer]   - waiting for get_by_role("option", name="Bank").first
[2026-08-16T09:39:56.669652+00:00]   [Ria Money Transfer] . Reintentando en 10s...
[2026-08-16T09:39:56.669673+00:00] FALLO Ria Money Transfer: codigo de salida 1:     return task.result()
           ^^^^^^^^^^^^^
  File "/opt/hostedtoolcache/Python/3.11.15/x64/lib/python3.11/site-packages/playwright/_impl/_locator.py", line 165, in click
    return await self._frame._click(self._selector, strict=True, **params)
           ^^^^^^^^^^^^^^^^^^^^^^^^^^^^^^^^^^^^^^^^^^^^^^^^^^^^^^^^^^^^^^^
  File "/opt/hostedtoolcache/Python/3.11.15/x64/lib/python3.11/site-packages/playwright/_impl/_frame.py", line 593, in _click
    await self._channel.send("click", self._timeout, locals_to_params(locals()))
  File "/opt/hostedtoolcache/Python/3.11.15/x64/lib/python3.11/site-packages/playwright/_impl/_connection.py", line 76, in send
    return await self._connection.wrap_api_call(
           ^^^^^^^^^^^^^^^^^^^^^^^^^^^^^^^^^^^^^
  File "/opt/hostedtoolcache/Python/3.11.15/x64/lib/python3.11/site-packages/playwright/_impl/_connection.py", line 632, in wrap_api_call
    raise rewrite_error(error, f"{parsed_st['apiName']}: {error}") from None
playwright._impl._errors.TimeoutError: Locator.click: Timeout 10000ms exceeded.
Call log:
  - waiting for get_by_role("option", name="Bank").first
[2026-08-16T09:39:56.669710+00:00] === Iniciando Xoom (a PayPal service) (xoom.py) ===
[2026-08-16T09:40:21.899457+00:00]   [Xoom (a PayPal service)] US->SV $100: 15 observaciones insertadas. Evidencia: evidence/xoom_us_100_20260816T094001Z.jpg (sha256=51b481f70498b5fba7a98c39ae822d4ea7a575052ff7b2634e3d0efa5e2ebc9e)
[2026-08-16T09:40:21.899513+00:00]   [Xoom (a PayPal service)] US->SV $200: 15 observaciones insertadas. Evidencia: evidence/xoom_us_200_20260816T094004Z.jpg (sha256=5ad25cb10a80dbee944d13f9110ae2b8908628f279e676a3be0bb9bded87dbd7)
[2026-08-16T09:40:21.899520+00:00]   [Xoom (a PayPal service)] US->SV $500: 15 observaciones insertadas. Evidencia: evidence/xoom_us_500_20260816T094008Z.jpg (sha256=1625e2a272f9f708d344cc899921b6e8256b8f16c8a93baee194cafa1dc8fa1d)
[2026-08-16T09:40:21.899525+00:00]   [Xoom (a PayPal service)] CA->SV $100: 8 observaciones insertadas. Evidencia: evidence/xoom_ca_100_20260816T094014Z.jpg (sha256=a6c68f3def07c910a2d3e343ab269a6585b96c9062d720b571a49b7c2aaf9075)
[2026-08-16T09:40:21.899529+00:00]   [Xoom (a PayPal service)] CA->SV $200: 8 observaciones insertadas. Evidencia: evidence/xoom_ca_200_20260816T094017Z.jpg (sha256=53f0a919d17da3bd2dfc940e9fac20f88e6e4e688deb70331de86d6c3aa2450c)
[2026-08-16T09:40:21.899533+00:00]   [Xoom (a PayPal service)] CA->SV $500: 8 observaciones insertadas. Evidencia: evidence/xoom_ca_500_20260816T094021Z.jpg (sha256=cabbea46752bf3ae6f6b849cc470b881e2d068cdff6ab3638dd37b7161bba29a)
[2026-08-16T09:40:21.899543+00:00] OK Xoom (a PayPal service): 69 observaciones nuevas
[2026-08-16T09:40:21.899572+00:00] === Iniciando RemitBee (remitbee.py) ===
[2026-08-16T09:40:30.898392+00:00]   [RemitBee] CA->SV $100: 4 observaciones insertadas. Evidencia: evidence/remitbee_ca_100_20260816T094025Z.jpg (sha256=72c8424c95db208aca546f1313b607ed7ac388541e22504093d2a8cecfec3f55)
[2026-08-16T09:40:30.898427+00:00]   [RemitBee] CA->SV $200: 4 observaciones insertadas. Evidencia: evidence/remitbee_ca_200_20260816T094027Z.jpg (sha256=559e3dbf953a7996e9b6839ee1742609ecb2e55711571d44c0ea589e46ad46ad)
[2026-08-16T09:40:30.898435+00:00]   [RemitBee] CA->SV $500: 4 observaciones insertadas. Evidencia: evidence/remitbee_ca_500_20260816T094030Z.jpg (sha256=62de4ed192d6d99f8bd96a8a4f10ac0d0a540d7a6380f50bba3f1aa2f60b3615)
[2026-08-16T09:40:30.898447+00:00] OK RemitBee: 12 observaciones nuevas

RECORDATORIO: MoneyGram sigue pendiente de muestreo manual (operators.requires_manual_sampling=1) -- su sitio bloquea automatizacion de forma explicita (ver operators.notes, confirmado 2026-08-01). Este orquestador NO lo corre ni lo intenta: no existe collectors/moneygram.py a proposito.
