[2026-09-18T13:34:25.340836+00:00] === Iniciando Remitly (remitly.py) ===
[2026-09-18T13:34:26.619773+00:00]   [Remitly] US->SV: 9 observaciones insertadas desde https://www.remitly.com/us/en/el-salvador/pricing
[2026-09-18T13:34:26.619805+00:00]   [Remitly]   Evidencia: evidence/remitly_us_20260918T133425Z.html (sha256=981e003a2d1409a9b269a0890a6bd37ba0ba692d16ab8fb2c09533a2335154a1)
[2026-09-18T13:34:26.619812+00:00]   [Remitly] CA->SV: 9 observaciones insertadas desde https://www.remitly.com/ca/en/el-salvador/pricing
[2026-09-18T13:34:26.619817+00:00]   [Remitly]   Evidencia: evidence/remitly_ca_20260918T133426Z.html (sha256=65ab703197b5b1632a598f6cffbebc5a16b47703cde61a5e216720312b22a663)
[2026-09-18T13:34:26.619823+00:00] OK Remitly: 18 observaciones nuevas
[2026-09-18T13:34:26.619850+00:00] === Iniciando Western Union (western_union.py) ===
[2026-09-18T13:36:08.389910+00:00]   [Western Union] US->SV $100: 5 observaciones insertadas. Evidencia: evidence/western_union_us_100_20260918T133446Z.jpg (sha256=f65063ee399e60e5fb219c608aee97972f7f1d992dcea46898cfe845b8df90f2)
[2026-09-18T13:36:08.389971+00:00]   [Western Union] US->SV $200: 5 observaciones insertadas. Evidencia: evidence/western_union_us_200_20260918T133507Z.jpg (sha256=822efcb000ef123f2d616a8c039d8a3a7031a0840a0b7f60478491effca12765)
[2026-09-18T13:36:08.389986+00:00]   [Western Union] US->SV $500: 5 observaciones insertadas. Evidencia: evidence/western_union_us_500_20260918T133529Z.jpg (sha256=7a8bdf5cff0363ad52667e485738740df2468b961fa77c80b3d91368d37fccb6)
[2026-09-18T13:36:08.390010+00:00] FALLO Western Union: codigo de salida 1:     return task.result()
           ^^^^^^^^^^^^^
  File "/opt/hostedtoolcache/Python/3.11.16/x64/lib/python3.11/site-packages/playwright/_impl/_locator.py", line 752, in wait_for
    await self._frame.wait_for_selector(
  File "/opt/hostedtoolcache/Python/3.11.16/x64/lib/python3.11/site-packages/playwright/_impl/_frame.py", line 395, in wait_for_selector
    await self._channel.send(
  File "/opt/hostedtoolcache/Python/3.11.16/x64/lib/python3.11/site-packages/playwright/_impl/_connection.py", line 76, in send
    return await self._connection.wrap_api_call(
           ^^^^^^^^^^^^^^^^^^^^^^^^^^^^^^^^^^^^^
  File "/opt/hostedtoolcache/Python/3.11.16/x64/lib/python3.11/site-packages/playwright/_impl/_connection.py", line 632, in wrap_api_call
    raise rewrite_error(error, f"{parsed_st['apiName']}: {error}") from None
playwright._impl._errors.TimeoutError: Locator.wait_for: Timeout 15000ms exceeded.
Call log:
  - waiting for locator("[role=\"dialog\"]").last to be visible
    33 × locator resolved to hidden <div role="dialog" tabindex="-1" aria-modal="true" class="modal-overlay" data-modal-element-overlay="" data-modal-close-button-parent="">…</div>
[2026-09-18T13:36:08.390045+00:00] === Iniciando Ria Money Transfer (ria.py) ===
[2026-09-18T13:37:58.862100+00:00]   [Ria Money Transfer] Intento 1/3 fallo para corredor US->SV: TimeoutError: Locator.fill: Timeout 30000ms exceeded.
[2026-09-18T13:37:58.862142+00:00]   [Ria Money Transfer] Call log:
[2026-09-18T13:37:58.862151+00:00]   [Ria Money Transfer]   - waiting for get_by_placeholder("Search currency or country")
[2026-09-18T13:37:58.862156+00:00]   [Ria Money Transfer] . Reintentando en 5s...
[2026-09-18T13:37:58.862162+00:00]   [Ria Money Transfer] Intento 2/3 fallo para corredor US->SV: TimeoutError: Locator.fill: Timeout 30000ms exceeded.
[2026-09-18T13:37:58.862168+00:00]   [Ria Money Transfer] Call log:
[2026-09-18T13:37:58.862173+00:00]   [Ria Money Transfer]   - waiting for get_by_placeholder("Search currency or country")
[2026-09-18T13:37:58.862179+00:00]   [Ria Money Transfer] . Reintentando en 10s...
[2026-09-18T13:37:58.862199+00:00] FALLO Ria Money Transfer: codigo de salida 1:   File "/opt/hostedtoolcache/Python/3.11.16/x64/lib/python3.11/site-packages/playwright/_impl/_locator.py", line 219, in fill
    return await self._frame.fill(self._selector, strict=True, **params)
           ^^^^^^^^^^^^^^^^^^^^^^^^^^^^^^^^^^^^^^^^^^^^^^^^^^^^^^^^^^^^^
  File "/opt/hostedtoolcache/Python/3.11.16/x64/lib/python3.11/site-packages/playwright/_impl/_frame.py", line 637, in fill
    await self._fill(**locals_to_params(locals()))
  File "/opt/hostedtoolcache/Python/3.11.16/x64/lib/python3.11/site-packages/playwright/_impl/_frame.py", line 649, in _fill
    await self._channel.send("fill", self._timeout, locals_to_params(locals()))
  File "/opt/hostedtoolcache/Python/3.11.16/x64/lib/python3.11/site-packages/playwright/_impl/_connection.py", line 76, in send
    return await self._connection.wrap_api_call(
           ^^^^^^^^^^^^^^^^^^^^^^^^^^^^^^^^^^^^^
  File "/opt/hostedtoolcache/Python/3.11.16/x64/lib/python3.11/site-packages/playwright/_impl/_connection.py", line 632, in wrap_api_call
    raise rewrite_error(error, f"{parsed_st['apiName']}: {error}") from None
playwright._impl._errors.TimeoutError: Locator.fill: Timeout 30000ms exceeded.
Call log:
  - waiting for get_by_placeholder("Search currency or country")
[2026-09-18T13:37:58.862237+00:00] === Iniciando Xoom (a PayPal service) (xoom.py) ===
[2026-09-18T13:38:23.999634+00:00]   [Xoom (a PayPal service)] US->SV $100: 15 observaciones insertadas. Evidencia: evidence/xoom_us_100_20260918T133803Z.jpg (sha256=056e2ad9eac725317002ccda6e5203722fba6007b0eb38303d04b635ffed8074)
[2026-09-18T13:38:23.999672+00:00]   [Xoom (a PayPal service)] US->SV $200: 15 observaciones insertadas. Evidencia: evidence/xoom_us_200_20260918T133807Z.jpg (sha256=3e73b6be33c44df37ab6d6c064000d6ee79d0ae129a6941f8df27e957ba9f608)
[2026-09-18T13:38:23.999679+00:00]   [Xoom (a PayPal service)] US->SV $500: 15 observaciones insertadas. Evidencia: evidence/xoom_us_500_20260918T133810Z.jpg (sha256=40a7237f63dea1682b0a03c5af480b3a69569566e25fe55990c1eb51088616ea)
[2026-09-18T13:38:23.999683+00:00]   [Xoom (a PayPal service)] CA->SV $100: 8 observaciones insertadas. Evidencia: evidence/xoom_ca_100_20260918T133816Z.jpg (sha256=52a4941217794471fd297e5ecb32e33d726d83d035f35b79c01ec6fdab988a7f)
[2026-09-18T13:38:23.999692+00:00]   [Xoom (a PayPal service)] CA->SV $200: 8 observaciones insertadas. Evidencia: evidence/xoom_ca_200_20260918T133819Z.jpg (sha256=a5ce0ad520ce3f30cf80e025b02a533011557604c8d326c887ec56243cc6404d)
[2026-09-18T13:38:23.999697+00:00]   [Xoom (a PayPal service)] CA->SV $500: 8 observaciones insertadas. Evidencia: evidence/xoom_ca_500_20260918T133823Z.jpg (sha256=b6aaee5e0a699a2f38d5d2160a842e541a580fa461baa00924351f085377ebe3)
[2026-09-18T13:38:23.999703+00:00] OK Xoom (a PayPal service): 69 observaciones nuevas
[2026-09-18T13:38:23.999731+00:00] === Iniciando RemitBee (remitbee.py) ===
[2026-09-18T13:38:38.033620+00:00]   [RemitBee] CA->SV $100: 4 observaciones insertadas. Evidencia: evidence/remitbee_ca_100_20260918T133829Z.jpg (sha256=9782f56c0239b1ead787d65c64c4f7e701f00d77814f293430c299ed86ae5402)
[2026-09-18T13:38:38.033659+00:00]   [RemitBee] CA->SV $200: 4 observaciones insertadas. Evidencia: evidence/remitbee_ca_200_20260918T133834Z.jpg (sha256=90437ea2a3c85b33518290c927855e02baba559a1c21b5a7b88322e4d5f7e462)
[2026-09-18T13:38:38.033668+00:00]   [RemitBee] CA->SV $500: 4 observaciones insertadas. Evidencia: evidence/remitbee_ca_500_20260918T133837Z.jpg (sha256=20896075717c805b360daae7a831ce22fdca64bbf35fdbc406ccff429be1c4e9)
[2026-09-18T13:38:38.033680+00:00] OK RemitBee: 12 observaciones nuevas

RECORDATORIO: MoneyGram sigue pendiente de muestreo manual (operators.requires_manual_sampling=1) -- su sitio bloquea automatizacion de forma explicita (ver operators.notes, confirmado 2026-08-01). Este orquestador NO lo corre ni lo intenta: no existe collectors/moneygram.py a proposito.
