[2026-09-13T13:47:33.227531+00:00] === Iniciando Remitly (remitly.py) ===
[2026-09-13T13:47:34.420988+00:00]   [Remitly] US->SV: 9 observaciones insertadas desde https://www.remitly.com/us/en/el-salvador/pricing
[2026-09-13T13:47:34.421023+00:00]   [Remitly]   Evidencia: evidence/remitly_us_20260913T134733Z.html (sha256=b055369097346ed62435e37a2f6b64b9dfd519711e88a4bc06680e989deeb06d)
[2026-09-13T13:47:34.421029+00:00]   [Remitly] CA->SV: 9 observaciones insertadas desde https://www.remitly.com/ca/en/el-salvador/pricing
[2026-09-13T13:47:34.421034+00:00]   [Remitly]   Evidencia: evidence/remitly_ca_20260913T134734Z.html (sha256=b9aab71782bde956690f350bce12e329180a9e3cc9a22caf43642b1ba1b4ba9f)
[2026-09-13T13:47:34.421041+00:00] OK Remitly: 18 observaciones nuevas
[2026-09-13T13:47:34.421073+00:00] === Iniciando Western Union (western_union.py) ===
[2026-09-13T13:49:03.380187+00:00]   [Western Union] US->SV $100: 5 observaciones insertadas. Evidencia: evidence/western_union_us_100_20260913T134749Z.jpg (sha256=f65063ee399e60e5fb219c608aee97972f7f1d992dcea46898cfe845b8df90f2)
[2026-09-13T13:49:03.380224+00:00]   [Western Union] US->SV $200: 5 observaciones insertadas. Evidencia: evidence/western_union_us_200_20260913T134808Z.jpg (sha256=822efcb000ef123f2d616a8c039d8a3a7031a0840a0b7f60478491effca12765)
[2026-09-13T13:49:03.380232+00:00]   [Western Union] US->SV $500: 5 observaciones insertadas. Evidencia: evidence/western_union_us_500_20260913T134827Z.jpg (sha256=7a8bdf5cff0363ad52667e485738740df2468b961fa77c80b3d91368d37fccb6)
[2026-09-13T13:49:03.380250+00:00] FALLO Western Union: codigo de salida 1:     return task.result()
           ^^^^^^^^^^^^^
  File "/opt/hostedtoolcache/Python/3.11.16/x64/lib/python3.11/site-packages/playwright/_impl/_locator.py", line 748, in wait_for
    await self._frame.wait_for_selector(
  File "/opt/hostedtoolcache/Python/3.11.16/x64/lib/python3.11/site-packages/playwright/_impl/_frame.py", line 394, in wait_for_selector
    await self._channel.send(
  File "/opt/hostedtoolcache/Python/3.11.16/x64/lib/python3.11/site-packages/playwright/_impl/_connection.py", line 76, in send
    return await self._connection.wrap_api_call(
           ^^^^^^^^^^^^^^^^^^^^^^^^^^^^^^^^^^^^^
  File "/opt/hostedtoolcache/Python/3.11.16/x64/lib/python3.11/site-packages/playwright/_impl/_connection.py", line 632, in wrap_api_call
    raise rewrite_error(error, f"{parsed_st['apiName']}: {error}") from None
playwright._impl._errors.TimeoutError: Locator.wait_for: Timeout 15000ms exceeded.
Call log:
  - waiting for locator("[role=\"dialog\"]").last to be visible
    33 × locator resolved to hidden <div role="dialog" tabindex="-1" aria-modal="true" class="modal-overlay" data-modal-element-overlay="" data-modal-close-button-parent="">…</div>
[2026-09-13T13:49:03.380284+00:00] === Iniciando Ria Money Transfer (ria.py) ===
[2026-09-13T13:50:53.431413+00:00]   [Ria Money Transfer] Intento 1/3 fallo para corredor US->SV: TimeoutError: Locator.fill: Timeout 30000ms exceeded.
[2026-09-13T13:50:53.431451+00:00]   [Ria Money Transfer] Call log:
[2026-09-13T13:50:53.431457+00:00]   [Ria Money Transfer]   - waiting for get_by_placeholder("Search currency or country")
[2026-09-13T13:50:53.431461+00:00]   [Ria Money Transfer] . Reintentando en 5s...
[2026-09-13T13:50:53.431465+00:00]   [Ria Money Transfer] Intento 2/3 fallo para corredor US->SV: TimeoutError: Locator.fill: Timeout 30000ms exceeded.
[2026-09-13T13:50:53.431470+00:00]   [Ria Money Transfer] Call log:
[2026-09-13T13:50:53.431474+00:00]   [Ria Money Transfer]   - waiting for get_by_placeholder("Search currency or country")
[2026-09-13T13:50:53.431477+00:00]   [Ria Money Transfer] . Reintentando en 10s...
[2026-09-13T13:50:53.431496+00:00] FALLO Ria Money Transfer: codigo de salida 1:   File "/opt/hostedtoolcache/Python/3.11.16/x64/lib/python3.11/site-packages/playwright/_impl/_locator.py", line 219, in fill
    return await self._frame.fill(self._selector, strict=True, **params)
           ^^^^^^^^^^^^^^^^^^^^^^^^^^^^^^^^^^^^^^^^^^^^^^^^^^^^^^^^^^^^^
  File "/opt/hostedtoolcache/Python/3.11.16/x64/lib/python3.11/site-packages/playwright/_impl/_frame.py", line 636, in fill
    await self._fill(**locals_to_params(locals()))
  File "/opt/hostedtoolcache/Python/3.11.16/x64/lib/python3.11/site-packages/playwright/_impl/_frame.py", line 648, in _fill
    await self._channel.send("fill", self._timeout, locals_to_params(locals()))
  File "/opt/hostedtoolcache/Python/3.11.16/x64/lib/python3.11/site-packages/playwright/_impl/_connection.py", line 76, in send
    return await self._connection.wrap_api_call(
           ^^^^^^^^^^^^^^^^^^^^^^^^^^^^^^^^^^^^^
  File "/opt/hostedtoolcache/Python/3.11.16/x64/lib/python3.11/site-packages/playwright/_impl/_connection.py", line 632, in wrap_api_call
    raise rewrite_error(error, f"{parsed_st['apiName']}: {error}") from None
playwright._impl._errors.TimeoutError: Locator.fill: Timeout 30000ms exceeded.
Call log:
  - waiting for get_by_placeholder("Search currency or country")
[2026-09-13T13:50:53.431532+00:00] === Iniciando Xoom (a PayPal service) (xoom.py) ===
[2026-09-13T13:51:18.431559+00:00]   [Xoom (a PayPal service)] US->SV $100: 15 observaciones insertadas. Evidencia: evidence/xoom_us_100_20260913T135058Z.jpg (sha256=53fb591fdc27bea07d8e30ffbb0e75c84762126835671e53b41f4a3169494d82)
[2026-09-13T13:51:18.431592+00:00]   [Xoom (a PayPal service)] US->SV $200: 15 observaciones insertadas. Evidencia: evidence/xoom_us_200_20260913T135101Z.jpg (sha256=685b45e69a2d7ebcd5806e7c3009e0d2d74dd58bc1d17bc1442ec8dea7903c5f)
[2026-09-13T13:51:18.431597+00:00]   [Xoom (a PayPal service)] US->SV $500: 15 observaciones insertadas. Evidencia: evidence/xoom_us_500_20260913T135104Z.jpg (sha256=fef27fa9901132242401ac4489c1ce143635bec07fa048919250aeb6b5cf4931)
[2026-09-13T13:51:18.431601+00:00]   [Xoom (a PayPal service)] CA->SV $100: 8 observaciones insertadas. Evidencia: evidence/xoom_ca_100_20260913T135111Z.jpg (sha256=52a4941217794471fd297e5ecb32e33d726d83d035f35b79c01ec6fdab988a7f)
[2026-09-13T13:51:18.431608+00:00]   [Xoom (a PayPal service)] CA->SV $200: 8 observaciones insertadas. Evidencia: evidence/xoom_ca_200_20260913T135114Z.jpg (sha256=f3a0210bdc7ff24e3aef989b4b9120ee4fe07ee63213f41a8d6c3f0405fc004d)
[2026-09-13T13:51:18.431611+00:00]   [Xoom (a PayPal service)] CA->SV $500: 8 observaciones insertadas. Evidencia: evidence/xoom_ca_500_20260913T135117Z.jpg (sha256=2f5b7a88eafcb626cb2e92c5fb02273f577a5228398eb31a2f0e1584d3ea303b)
[2026-09-13T13:51:18.431616+00:00] OK Xoom (a PayPal service): 69 observaciones nuevas
[2026-09-13T13:51:18.431645+00:00] === Iniciando RemitBee (remitbee.py) ===
[2026-09-13T13:51:29.295818+00:00]   [RemitBee] CA->SV $100: 4 observaciones insertadas. Evidencia: evidence/remitbee_ca_100_20260913T135122Z.jpg (sha256=760bd02445efb8bd3247797ea00f1db7d84f4aa7eec0ea16e877b1392ddb5df5)
[2026-09-13T13:51:29.295852+00:00]   [RemitBee] CA->SV $200: 4 observaciones insertadas. Evidencia: evidence/remitbee_ca_200_20260913T135125Z.jpg (sha256=c7a7b4ed4726a7af59830e5f1e0cba9fe4a3460bbbe7c9eab08cbffcde28f514)
[2026-09-13T13:51:29.295857+00:00]   [RemitBee] CA->SV $500: 4 observaciones insertadas. Evidencia: evidence/remitbee_ca_500_20260913T135128Z.jpg (sha256=5ffeb7f7462d8537d4ac3b44da32610bcf93c00333765aa1ec7bbec225be260d)
[2026-09-13T13:51:29.295892+00:00] OK RemitBee: 12 observaciones nuevas

RECORDATORIO: MoneyGram sigue pendiente de muestreo manual (operators.requires_manual_sampling=1) -- su sitio bloquea automatizacion de forma explicita (ver operators.notes, confirmado 2026-08-01). Este orquestador NO lo corre ni lo intenta: no existe collectors/moneygram.py a proposito.
