[2026-08-06T11:31:42.511679+00:00] === Iniciando Remitly (remitly.py) ===
[2026-08-06T11:31:43.720046+00:00]   [Remitly] US->SV: 12 observaciones insertadas desde https://www.remitly.com/us/en/el-salvador/pricing
[2026-08-06T11:31:43.720079+00:00]   [Remitly]   Evidencia: evidence/remitly_us_20260806T113143Z.html (sha256=27afd095c21a4c81f371a1bc70cb9e776842783c8ffb8e59d24e0544e37d70ee)
[2026-08-06T11:31:43.720087+00:00]   [Remitly] CA->SV: 12 observaciones insertadas desde https://www.remitly.com/ca/en/el-salvador/pricing
[2026-08-06T11:31:43.720092+00:00]   [Remitly]   Evidencia: evidence/remitly_ca_20260806T113143Z.html (sha256=002f764d39cf89039e49f135056e61130ab402946b5ce48e4a0839461b53947e)
[2026-08-06T11:31:43.720099+00:00] OK Remitly: 24 observaciones nuevas
[2026-08-06T11:31:43.720130+00:00] === Iniciando Western Union (western_union.py) ===
[2026-08-06T11:33:26.575040+00:00]   [Western Union] US->SV $100: 5 observaciones insertadas. Evidencia: evidence/western_union_us_100_20260806T113204Z.jpg (sha256=015a62e08b1a049e69292fe4452e3049e255b1bc3eaeb42d0fc67838980c7e9a)
[2026-08-06T11:33:26.575081+00:00]   [Western Union] US->SV $200: 5 observaciones insertadas. Evidencia: evidence/western_union_us_200_20260806T113227Z.jpg (sha256=9df069365a5c264ea6b2107a1ea06731b3e61476d4b18255c683e2fd38b317f4)
[2026-08-06T11:33:26.575096+00:00]   [Western Union] US->SV $500: 5 observaciones insertadas. Evidencia: evidence/western_union_us_500_20260806T113249Z.jpg (sha256=e550fa2e90b31d42b6fb4c6e2dd9b060859cc9c17b04b0dbe806e4b98dd9f55f)
[2026-08-06T11:33:26.575102+00:00]   [Western Union] CA->SV $100: 5 observaciones insertadas. Evidencia: evidence/western_union_ca_100_20260806T113317Z.jpg (sha256=e5c11efb1af39a242b869f73c2cbe7fa10c09c51b10db4147b63d3cdf5389316)
[2026-08-06T11:33:26.575107+00:00]   [Western Union] CA->SV $200: 5 observaciones insertadas. Evidencia: evidence/western_union_ca_200_20260806T113322Z.jpg (sha256=b2fdd1d7eecbc974d8f980cd46602db46de679fae15e53f46d09f198a3a93775)
[2026-08-06T11:33:26.575113+00:00]   [Western Union] CA->SV $500: 5 observaciones insertadas. Evidencia: evidence/western_union_ca_500_20260806T113326Z.jpg (sha256=81e00953a2e2d3c84acc44ddc223c4c1ebda856f5abcd2761f0018c8b313f8d1)
[2026-08-06T11:33:26.575120+00:00] OK Western Union: 30 observaciones nuevas
[2026-08-06T11:33:26.575146+00:00] === Iniciando Ria Money Transfer (ria.py) ===
[2026-08-06T11:34:19.358108+00:00]   [Ria Money Transfer] Intento 1/3 fallo para corredor US->SV: TimeoutError: Locator.click: Timeout 10000ms exceeded.
[2026-08-06T11:34:19.358153+00:00]   [Ria Money Transfer] Call log:
[2026-08-06T11:34:19.358162+00:00]   [Ria Money Transfer]   - waiting for get_by_role("option").first
[2026-08-06T11:34:19.358168+00:00]   [Ria Money Transfer] . Reintentando en 5s...
[2026-08-06T11:34:19.358174+00:00]   [Ria Money Transfer] Intento 2/3 fallo para corredor US->SV: TimeoutError: Locator.click: Timeout 10000ms exceeded.
[2026-08-06T11:34:19.358179+00:00]   [Ria Money Transfer] Call log:
[2026-08-06T11:34:19.358185+00:00]   [Ria Money Transfer]   - waiting for get_by_role("option").first
[2026-08-06T11:34:19.358190+00:00]   [Ria Money Transfer] . Reintentando en 10s...
[2026-08-06T11:34:19.358208+00:00] FALLO Ria Money Transfer: codigo de salida 1:     return task.result()
           ^^^^^^^^^^^^^
  File "/opt/hostedtoolcache/Python/3.11.15/x64/lib/python3.11/site-packages/playwright/_impl/_locator.py", line 165, in click
    return await self._frame._click(self._selector, strict=True, **params)
           ^^^^^^^^^^^^^^^^^^^^^^^^^^^^^^^^^^^^^^^^^^^^^^^^^^^^^^^^^^^^^^^
  File "/opt/hostedtoolcache/Python/3.11.15/x64/lib/python3.11/site-packages/playwright/_impl/_frame.py", line 593, in _click
    await self._channel.send("click", self._timeout, locals_to_params(locals()))
  File "/opt/hostedtoolcache/Python/3.11.15/x64/lib/python3.11/site-packages/playwright/_impl/_connection.py", line 76, in send
    return await self._connection.wrap_api_call(
           ^^^^^^^^^^^^^^^^^^^^^^^^^^^^^^^^^^^^^
  File "/opt/hostedtoolcache/Python/3.11.15/x64/lib/python3.11/site-packages/playwright/_impl/_connection.py", line 632, in wrap_api_call
    raise rewrite_error(error, f"{parsed_st['apiName']}: {error}") from None
playwright._impl._errors.TimeoutError: Locator.click: Timeout 10000ms exceeded.
Call log:
  - waiting for get_by_role("option").first
[2026-08-06T11:34:19.358246+00:00] === Iniciando Xoom (a PayPal service) (xoom.py) ===
[2026-08-06T11:34:44.817479+00:00]   [Xoom (a PayPal service)] US->SV $100: 15 observaciones insertadas. Evidencia: evidence/xoom_us_100_20260806T113424Z.jpg (sha256=91ed3a763213b6a935be15e8b4f214ac9dfd1d817a11d00045286a09db61a1e0)
[2026-08-06T11:34:44.817519+00:00]   [Xoom (a PayPal service)] US->SV $200: 15 observaciones insertadas. Evidencia: evidence/xoom_us_200_20260806T113427Z.jpg (sha256=2c3a6709ff57ee3b03d7ee62b66153a33100f0fcb31862f3567790c56352e23c)
[2026-08-06T11:34:44.817527+00:00]   [Xoom (a PayPal service)] US->SV $500: 15 observaciones insertadas. Evidencia: evidence/xoom_us_500_20260806T113431Z.jpg (sha256=8dea438aec6620d08ab1bc3372142442d549bc62659baa590609980cc35c9d56)
[2026-08-06T11:34:44.817532+00:00]   [Xoom (a PayPal service)] CA->SV $100: 8 observaciones insertadas. Evidencia: evidence/xoom_ca_100_20260806T113437Z.jpg (sha256=6b0b0fad65143dcd17c1f41d6bb4e075df05332541b013d1848f23d2887317bf)
[2026-08-06T11:34:44.817536+00:00]   [Xoom (a PayPal service)] CA->SV $200: 8 observaciones insertadas. Evidencia: evidence/xoom_ca_200_20260806T113440Z.jpg (sha256=8b74978684ccf37441e9d43dfb14e120a1d7e2f594fd9c06a5619b3416c9a817)
[2026-08-06T11:34:44.817540+00:00]   [Xoom (a PayPal service)] CA->SV $500: 8 observaciones insertadas. Evidencia: evidence/xoom_ca_500_20260806T113443Z.jpg (sha256=e6a3c7b89901d88de0b0115c6742ff607f80ab868292a79701767b6d1d0a63d9)
[2026-08-06T11:34:44.817546+00:00] OK Xoom (a PayPal service): 69 observaciones nuevas
[2026-08-06T11:34:44.817573+00:00] === Iniciando RemitBee (remitbee.py) ===
[2026-08-06T11:34:57.878278+00:00]   [RemitBee] CA->SV $100: 4 observaciones insertadas. Evidencia: evidence/remitbee_ca_100_20260806T113450Z.jpg (sha256=64b0010477b4e765d599ac605e7dba2d4dffc0d4d2f63a055e570447e1b9a242)
[2026-08-06T11:34:57.878318+00:00]   [RemitBee] CA->SV $200: 4 observaciones insertadas. Evidencia: evidence/remitbee_ca_200_20260806T113453Z.jpg (sha256=cbdcd5f70e3173d5e0929fe9c263ebf528bf1fd909519d6d251475aeffbd8499)
[2026-08-06T11:34:57.878327+00:00]   [RemitBee] CA->SV $500: 4 observaciones insertadas. Evidencia: evidence/remitbee_ca_500_20260806T113457Z.jpg (sha256=1aa5521b81d64fb4b54aaa04b3a12f6b0d232a9f0519f5c0626766c21d2334ba)
[2026-08-06T11:34:57.878339+00:00] OK RemitBee: 12 observaciones nuevas

RECORDATORIO: MoneyGram sigue pendiente de muestreo manual (operators.requires_manual_sampling=1) -- su sitio bloquea automatizacion de forma explicita (ver operators.notes, confirmado 2026-08-01). Este orquestador NO lo corre ni lo intenta: no existe collectors/moneygram.py a proposito.
