[2026-08-02T10:51:05.840660+00:00] === Iniciando Remitly (remitly.py) ===
[2026-08-02T10:51:07.322198+00:00]   [Remitly] YA RECOLECTADO HOY, se omite: Remitly US->SV $100 (funding=None, delivery=cash_pickup)
[2026-08-02T10:51:07.322237+00:00]   [Remitly]   YA RECOLECTADO HOY, se omite: Remitly US->SV $200 (funding=None, delivery=cash_pickup)
[2026-08-02T10:51:07.322245+00:00]   [Remitly]   YA RECOLECTADO HOY, se omite: Remitly US->SV $500 (funding=None, delivery=cash_pickup)
[2026-08-02T10:51:07.322251+00:00]   [Remitly]   YA RECOLECTADO HOY, se omite: Remitly US->SV $100 (funding=None, delivery=bank_deposit)
[2026-08-02T10:51:07.322259+00:00]   [Remitly]   YA RECOLECTADO HOY, se omite: Remitly US->SV $200 (funding=None, delivery=bank_deposit)
[2026-08-02T10:51:07.322264+00:00]   [Remitly]   YA RECOLECTADO HOY, se omite: Remitly US->SV $500 (funding=None, delivery=bank_deposit)
[2026-08-02T10:51:07.322271+00:00]   [Remitly]   YA RECOLECTADO HOY, se omite: Remitly US->SV $100 (funding=None, delivery=mobile_wallet)
[2026-08-02T10:51:07.322281+00:00]   [Remitly]   YA RECOLECTADO HOY, se omite: Remitly US->SV $200 (funding=None, delivery=mobile_wallet)
[2026-08-02T10:51:07.322286+00:00]   [Remitly]   YA RECOLECTADO HOY, se omite: Remitly US->SV $500 (funding=None, delivery=mobile_wallet)
[2026-08-02T10:51:07.322291+00:00]   [Remitly]   YA RECOLECTADO HOY, se omite: Remitly US->SV $100 (funding=None, delivery=debit_card_deposit)
[2026-08-02T10:51:07.322296+00:00]   [Remitly]   YA RECOLECTADO HOY, se omite: Remitly US->SV $200 (funding=None, delivery=debit_card_deposit)
[2026-08-02T10:51:07.322301+00:00]   [Remitly]   YA RECOLECTADO HOY, se omite: Remitly US->SV $500 (funding=None, delivery=debit_card_deposit)
[2026-08-02T10:51:07.322306+00:00]   [Remitly] US->SV: 0 observaciones insertadas desde https://www.remitly.com/us/en/el-salvador/pricing
[2026-08-02T10:51:07.322311+00:00]   [Remitly]   Evidencia: evidence/remitly_us_20260802T105106Z.html (sha256=9d0ef80350401c23813dc38776ac12719f116d12c75d78cfa95320026d7ab018)
[2026-08-02T10:51:07.322316+00:00]   [Remitly]   YA RECOLECTADO HOY, se omite: Remitly CA->SV $100 (funding=None, delivery=cash_pickup)
[2026-08-02T10:51:07.322320+00:00]   [Remitly]   YA RECOLECTADO HOY, se omite: Remitly CA->SV $200 (funding=None, delivery=cash_pickup)
[2026-08-02T10:51:07.322326+00:00]   [Remitly]   YA RECOLECTADO HOY, se omite: Remitly CA->SV $500 (funding=None, delivery=cash_pickup)
[2026-08-02T10:51:07.322331+00:00]   [Remitly]   YA RECOLECTADO HOY, se omite: Remitly CA->SV $100 (funding=None, delivery=bank_deposit)
[2026-08-02T10:51:07.322335+00:00]   [Remitly]   YA RECOLECTADO HOY, se omite: Remitly CA->SV $200 (funding=None, delivery=bank_deposit)
[2026-08-02T10:51:07.322340+00:00]   [Remitly]   YA RECOLECTADO HOY, se omite: Remitly CA->SV $500 (funding=None, delivery=bank_deposit)
[2026-08-02T10:51:07.322345+00:00]   [Remitly]   YA RECOLECTADO HOY, se omite: Remitly CA->SV $100 (funding=None, delivery=mobile_wallet)
[2026-08-02T10:51:07.322350+00:00]   [Remitly]   YA RECOLECTADO HOY, se omite: Remitly CA->SV $200 (funding=None, delivery=mobile_wallet)
[2026-08-02T10:51:07.322354+00:00]   [Remitly]   YA RECOLECTADO HOY, se omite: Remitly CA->SV $500 (funding=None, delivery=mobile_wallet)
[2026-08-02T10:51:07.322359+00:00]   [Remitly]   YA RECOLECTADO HOY, se omite: Remitly CA->SV $100 (funding=None, delivery=debit_card_deposit)
[2026-08-02T10:51:07.322364+00:00]   [Remitly]   YA RECOLECTADO HOY, se omite: Remitly CA->SV $200 (funding=None, delivery=debit_card_deposit)
[2026-08-02T10:51:07.322368+00:00]   [Remitly]   YA RECOLECTADO HOY, se omite: Remitly CA->SV $500 (funding=None, delivery=debit_card_deposit)
[2026-08-02T10:51:07.322374+00:00]   [Remitly] CA->SV: 0 observaciones insertadas desde https://www.remitly.com/ca/en/el-salvador/pricing
[2026-08-02T10:51:07.322383+00:00]   [Remitly]   Evidencia: evidence/remitly_ca_20260802T105107Z.html (sha256=4ede6aa74fca46c75c16ba520f50056495114897f9585087e1ebfd280a0012bd)
[2026-08-02T10:51:07.322391+00:00] OK Remitly: 0 observaciones nuevas
[2026-08-02T10:51:07.322420+00:00] === Iniciando Western Union (western_union.py) ===
[2026-08-02T10:52:37.980432+00:00]   [Western Union] YA RECOLECTADO HOY, se omite: Western Union US->SV $100 (funding=credit_card, delivery=bank_account)
[2026-08-02T10:52:37.980471+00:00]   [Western Union]   YA RECOLECTADO HOY, se omite: Western Union US->SV $100 (funding=bank_account, delivery=bank_account)
[2026-08-02T10:52:37.980480+00:00]   [Western Union]   YA RECOLECTADO HOY, se omite: Western Union US->SV $100 (funding=google_pay, delivery=bank_account)
[2026-08-02T10:52:37.980486+00:00]   [Western Union]   YA RECOLECTADO HOY, se omite: Western Union US->SV $100 (funding=debit_card, delivery=bank_account)
[2026-08-02T10:52:37.980491+00:00]   [Western Union]   YA RECOLECTADO HOY, se omite: Western Union US->SV $100 (funding=apple_pay, delivery=bank_account)
[2026-08-02T10:52:37.980497+00:00]   [Western Union] US->SV $100: 0 observaciones insertadas. Evidencia: evidence/western_union_us_100_20260802T105123Z.png (sha256=c8ccbe1d92bf197786d8ac466b874d8b2f001718088197c197d8034461b02345)
[2026-08-02T10:52:37.980503+00:00]   [Western Union]   YA RECOLECTADO HOY, se omite: Western Union US->SV $200 (funding=credit_card, delivery=bank_account)
[2026-08-02T10:52:37.980508+00:00]   [Western Union]   YA RECOLECTADO HOY, se omite: Western Union US->SV $200 (funding=bank_account, delivery=bank_account)
[2026-08-02T10:52:37.980513+00:00]   [Western Union]   YA RECOLECTADO HOY, se omite: Western Union US->SV $200 (funding=google_pay, delivery=bank_account)
[2026-08-02T10:52:37.980518+00:00]   [Western Union]   YA RECOLECTADO HOY, se omite: Western Union US->SV $200 (funding=debit_card, delivery=bank_account)
[2026-08-02T10:52:37.980523+00:00]   [Western Union]   YA RECOLECTADO HOY, se omite: Western Union US->SV $200 (funding=apple_pay, delivery=bank_account)
[2026-08-02T10:52:37.980528+00:00]   [Western Union] US->SV $200: 0 observaciones insertadas. Evidencia: evidence/western_union_us_200_20260802T105143Z.png (sha256=df177a9d61c3705c13b3ba6906e60937c56ac45ef5a526ce99d4c55fa84d3495)
[2026-08-02T10:52:37.980533+00:00]   [Western Union]   YA RECOLECTADO HOY, se omite: Western Union US->SV $500 (funding=credit_card, delivery=bank_account)
[2026-08-02T10:52:37.980538+00:00]   [Western Union]   YA RECOLECTADO HOY, se omite: Western Union US->SV $500 (funding=bank_account, delivery=bank_account)
[2026-08-02T10:52:37.980543+00:00]   [Western Union]   YA RECOLECTADO HOY, se omite: Western Union US->SV $500 (funding=google_pay, delivery=bank_account)
[2026-08-02T10:52:37.980548+00:00]   [Western Union]   YA RECOLECTADO HOY, se omite: Western Union US->SV $500 (funding=debit_card, delivery=bank_account)
[2026-08-02T10:52:37.980553+00:00]   [Western Union]   YA RECOLECTADO HOY, se omite: Western Union US->SV $500 (funding=apple_pay, delivery=bank_account)
[2026-08-02T10:52:37.980558+00:00]   [Western Union] US->SV $500: 0 observaciones insertadas. Evidencia: evidence/western_union_us_500_20260802T105203Z.png (sha256=d81fc45c6cde5ee6f3fb2b7015361cdb0bd135c9b6328a68409565ca192398fe)
[2026-08-02T10:52:37.980563+00:00]   [Western Union]   YA RECOLECTADO HOY, se omite: Western Union CA->SV $100 (funding=debit_card, delivery=bank_account)
[2026-08-02T10:52:37.980568+00:00]   [Western Union]   YA RECOLECTADO HOY, se omite: Western Union CA->SV $100 (funding=bank_account, delivery=bank_account)
[2026-08-02T10:52:37.980573+00:00]   [Western Union]   YA RECOLECTADO HOY, se omite: Western Union CA->SV $100 (funding=interac_e_transfer, delivery=bank_account)
[2026-08-02T10:52:37.980578+00:00]   [Western Union]   YA RECOLECTADO HOY, se omite: Western Union CA->SV $100 (funding=credit_card, delivery=bank_account)
[2026-08-02T10:52:37.980583+00:00]   [Western Union]   YA RECOLECTADO HOY, se omite: Western Union CA->SV $100 (funding=google_pay, delivery=bank_account)
[2026-08-02T10:52:37.980588+00:00]   [Western Union] CA->SV $100: 0 observaciones insertadas. Evidencia: evidence/western_union_ca_100_20260802T105229Z.png (sha256=31d9b3f59e9b565bb7363149355928564bed1b96587860a12bfbb7cf57411fba)
[2026-08-02T10:52:37.980615+00:00]   [Western Union]   YA RECOLECTADO HOY, se omite: Western Union CA->SV $200 (funding=debit_card, delivery=bank_account)
[2026-08-02T10:52:37.980620+00:00]   [Western Union]   YA RECOLECTADO HOY, se omite: Western Union CA->SV $200 (funding=bank_account, delivery=bank_account)
[2026-08-02T10:52:37.980624+00:00]   [Western Union]   YA RECOLECTADO HOY, se omite: Western Union CA->SV $200 (funding=interac_e_transfer, delivery=bank_account)
[2026-08-02T10:52:37.980629+00:00]   [Western Union]   YA RECOLECTADO HOY, se omite: Western Union CA->SV $200 (funding=credit_card, delivery=bank_account)
[2026-08-02T10:52:37.980632+00:00]   [Western Union]   YA RECOLECTADO HOY, se omite: Western Union CA->SV $200 (funding=google_pay, delivery=bank_account)
[2026-08-02T10:52:37.980637+00:00]   [Western Union] CA->SV $200: 0 observaciones insertadas. Evidencia: evidence/western_union_ca_200_20260802T105233Z.png (sha256=bc8c75a05b4d65061c7444f58bb7161cd8c957d028787b293066a7918d968fc2)
[2026-08-02T10:52:37.980641+00:00]   [Western Union]   YA RECOLECTADO HOY, se omite: Western Union CA->SV $500 (funding=debit_card, delivery=bank_account)
[2026-08-02T10:52:37.980644+00:00]   [Western Union]   YA RECOLECTADO HOY, se omite: Western Union CA->SV $500 (funding=bank_account, delivery=bank_account)
[2026-08-02T10:52:37.980648+00:00]   [Western Union]   YA RECOLECTADO HOY, se omite: Western Union CA->SV $500 (funding=interac_e_transfer, delivery=bank_account)
[2026-08-02T10:52:37.980657+00:00]   [Western Union]   YA RECOLECTADO HOY, se omite: Western Union CA->SV $500 (funding=credit_card, delivery=bank_account)
[2026-08-02T10:52:37.980665+00:00]   [Western Union]   YA RECOLECTADO HOY, se omite: Western Union CA->SV $500 (funding=google_pay, delivery=bank_account)
[2026-08-02T10:52:37.980672+00:00]   [Western Union] CA->SV $500: 0 observaciones insertadas. Evidencia: evidence/western_union_ca_500_20260802T105237Z.png (sha256=007c2fed22881fbaf3a78cc49261d4b522063a8cf384598f71ba6c07d45b2d7c)
[2026-08-02T10:52:37.980682+00:00] OK Western Union: 0 observaciones nuevas
[2026-08-02T10:52:37.980714+00:00] === Iniciando Ria Money Transfer (ria.py) ===
[2026-08-02T10:52:51.509417+00:00] FALLO Ria Money Transfer: codigo de salida 1:     return task.result()
           ^^^^^^^^^^^^^
  File "/opt/hostedtoolcache/Python/3.11.15/x64/lib/python3.11/site-packages/playwright/_impl/_locator.py", line 165, in click
    return await self._frame._click(self._selector, strict=True, **params)
           ^^^^^^^^^^^^^^^^^^^^^^^^^^^^^^^^^^^^^^^^^^^^^^^^^^^^^^^^^^^^^^^
  File "/opt/hostedtoolcache/Python/3.11.15/x64/lib/python3.11/site-packages/playwright/_impl/_frame.py", line 593, in _click
    await self._channel.send("click", self._timeout, locals_to_params(locals()))
  File "/opt/hostedtoolcache/Python/3.11.15/x64/lib/python3.11/site-packages/playwright/_impl/_connection.py", line 76, in send
    return await self._connection.wrap_api_call(
           ^^^^^^^^^^^^^^^^^^^^^^^^^^^^^^^^^^^^^
  File "/opt/hostedtoolcache/Python/3.11.15/x64/lib/python3.11/site-packages/playwright/_impl/_connection.py", line 632, in wrap_api_call
    raise rewrite_error(error, f"{parsed_st['apiName']}: {error}") from None
playwright._impl._errors.TimeoutError: Locator.click: Timeout 10000ms exceeded.
Call log:
  - waiting for get_by_role("option").first
[2026-08-02T10:52:51.509476+00:00] === Iniciando Xoom (a PayPal service) (xoom.py) ===
[2026-08-02T10:53:21.412813+00:00]   [Xoom (a PayPal service)] YA RECOLECTADO HOY, se omite: Xoom (a PayPal service) US->SV $100 (funding=pyusd, delivery=bank_deposit)
[2026-08-02T10:53:21.412851+00:00]   [Xoom (a PayPal service)]   YA RECOLECTADO HOY, se omite: Xoom (a PayPal service) US->SV $100 (funding=paypal_balance, delivery=bank_deposit)
[2026-08-02T10:53:21.412860+00:00]   [Xoom (a PayPal service)]   YA RECOLECTADO HOY, se omite: Xoom (a PayPal service) US->SV $100 (funding=bank_account, delivery=bank_deposit)
[2026-08-02T10:53:21.412865+00:00]   [Xoom (a PayPal service)]   YA RECOLECTADO HOY, se omite: Xoom (a PayPal service) US->SV $100 (funding=debit_card, delivery=bank_deposit)
[2026-08-02T10:53:21.412878+00:00]   [Xoom (a PayPal service)]   YA RECOLECTADO HOY, se omite: Xoom (a PayPal service) US->SV $100 (funding=credit_card, delivery=bank_deposit)
[2026-08-02T10:53:21.412882+00:00]   [Xoom (a PayPal service)]   YA RECOLECTADO HOY, se omite: Xoom (a PayPal service) US->SV $100 (funding=pyusd, delivery=debit_card_deposit)
[2026-08-02T10:53:21.412886+00:00]   [Xoom (a PayPal service)]   YA RECOLECTADO HOY, se omite: Xoom (a PayPal service) US->SV $100 (funding=paypal_balance, delivery=debit_card_deposit)
[2026-08-02T10:53:21.412890+00:00]   [Xoom (a PayPal service)]   YA RECOLECTADO HOY, se omite: Xoom (a PayPal service) US->SV $100 (funding=bank_account, delivery=debit_card_deposit)
[2026-08-02T10:53:21.412894+00:00]   [Xoom (a PayPal service)]   YA RECOLECTADO HOY, se omite: Xoom (a PayPal service) US->SV $100 (funding=debit_card, delivery=debit_card_deposit)
[2026-08-02T10:53:21.412898+00:00]   [Xoom (a PayPal service)]   YA RECOLECTADO HOY, se omite: Xoom (a PayPal service) US->SV $100 (funding=credit_card, delivery=debit_card_deposit)
[2026-08-02T10:53:21.412902+00:00]   [Xoom (a PayPal service)]   YA RECOLECTADO HOY, se omite: Xoom (a PayPal service) US->SV $100 (funding=pyusd, delivery=cash_pickup)
[2026-08-02T10:53:21.412906+00:00]   [Xoom (a PayPal service)]   YA RECOLECTADO HOY, se omite: Xoom (a PayPal service) US->SV $100 (funding=paypal_balance, delivery=cash_pickup)
[2026-08-02T10:53:21.412910+00:00]   [Xoom (a PayPal service)]   YA RECOLECTADO HOY, se omite: Xoom (a PayPal service) US->SV $100 (funding=bank_account, delivery=cash_pickup)
[2026-08-02T10:53:21.412913+00:00]   [Xoom (a PayPal service)]   YA RECOLECTADO HOY, se omite: Xoom (a PayPal service) US->SV $100 (funding=debit_card, delivery=cash_pickup)
[2026-08-02T10:53:21.412917+00:00]   [Xoom (a PayPal service)]   YA RECOLECTADO HOY, se omite: Xoom (a PayPal service) US->SV $100 (funding=credit_card, delivery=cash_pickup)
[2026-08-02T10:53:21.412921+00:00]   [Xoom (a PayPal service)] US->SV $100: 0 observaciones insertadas. Evidencia: evidence/xoom_us_100_20260802T105256Z.png (sha256=f10c430aef364e65cb4e0f092cddbacd31434b8be44f2ffba76152db86259699)
[2026-08-02T10:53:21.412926+00:00]   [Xoom (a PayPal service)]   YA RECOLECTADO HOY, se omite: Xoom (a PayPal service) US->SV $200 (funding=pyusd, delivery=bank_deposit)
[2026-08-02T10:53:21.412930+00:00]   [Xoom (a PayPal service)]   YA RECOLECTADO HOY, se omite: Xoom (a PayPal service) US->SV $200 (funding=paypal_balance, delivery=bank_deposit)
[2026-08-02T10:53:21.412933+00:00]   [Xoom (a PayPal service)]   YA RECOLECTADO HOY, se omite: Xoom (a PayPal service) US->SV $200 (funding=bank_account, delivery=bank_deposit)
[2026-08-02T10:53:21.412937+00:00]   [Xoom (a PayPal service)]   YA RECOLECTADO HOY, se omite: Xoom (a PayPal service) US->SV $200 (funding=debit_card, delivery=bank_deposit)
[2026-08-02T10:53:21.412941+00:00]   [Xoom (a PayPal service)]   YA RECOLECTADO HOY, se omite: Xoom (a PayPal service) US->SV $200 (funding=credit_card, delivery=bank_deposit)
[2026-08-02T10:53:21.412945+00:00]   [Xoom (a PayPal service)]   YA RECOLECTADO HOY, se omite: Xoom (a PayPal service) US->SV $200 (funding=pyusd, delivery=debit_card_deposit)
[2026-08-02T10:53:21.412949+00:00]   [Xoom (a PayPal service)]   YA RECOLECTADO HOY, se omite: Xoom (a PayPal service) US->SV $200 (funding=paypal_balance, delivery=debit_card_deposit)
[2026-08-02T10:53:21.412953+00:00]   [Xoom (a PayPal service)]   YA RECOLECTADO HOY, se omite: Xoom (a PayPal service) US->SV $200 (funding=bank_account, delivery=debit_card_deposit)
[2026-08-02T10:53:21.412957+00:00]   [Xoom (a PayPal service)]   YA RECOLECTADO HOY, se omite: Xoom (a PayPal service) US->SV $200 (funding=debit_card, delivery=debit_card_deposit)
[2026-08-02T10:53:21.412961+00:00]   [Xoom (a PayPal service)]   YA RECOLECTADO HOY, se omite: Xoom (a PayPal service) US->SV $200 (funding=credit_card, delivery=debit_card_deposit)
[2026-08-02T10:53:21.412965+00:00]   [Xoom (a PayPal service)]   YA RECOLECTADO HOY, se omite: Xoom (a PayPal service) US->SV $200 (funding=pyusd, delivery=cash_pickup)
[2026-08-02T10:53:21.412985+00:00]   [Xoom (a PayPal service)]   YA RECOLECTADO HOY, se omite: Xoom (a PayPal service) US->SV $200 (funding=paypal_balance, delivery=cash_pickup)
[2026-08-02T10:53:21.412990+00:00]   [Xoom (a PayPal service)]   YA RECOLECTADO HOY, se omite: Xoom (a PayPal service) US->SV $200 (funding=bank_account, delivery=cash_pickup)
[2026-08-02T10:53:21.413025+00:00]   [Xoom (a PayPal service)]   YA RECOLECTADO HOY, se omite: Xoom (a PayPal service) US->SV $200 (funding=debit_card, delivery=cash_pickup)
[2026-08-02T10:53:21.413036+00:00]   [Xoom (a PayPal service)]   YA RECOLECTADO HOY, se omite: Xoom (a PayPal service) US->SV $200 (funding=credit_card, delivery=cash_pickup)
[2026-08-02T10:53:21.413044+00:00]   [Xoom (a PayPal service)] US->SV $200: 0 observaciones insertadas. Evidencia: evidence/xoom_us_200_20260802T105300Z.png (sha256=571d14e1f6898dfaec28f7ff0e161bd5bcdb9ea8b511fc37559b413777bd9033)
[2026-08-02T10:53:21.413050+00:00]   [Xoom (a PayPal service)]   YA RECOLECTADO HOY, se omite: Xoom (a PayPal service) US->SV $500 (funding=pyusd, delivery=bank_deposit)
[2026-08-02T10:53:21.413058+00:00]   [Xoom (a PayPal service)]   YA RECOLECTADO HOY, se omite: Xoom (a PayPal service) US->SV $500 (funding=paypal_balance, delivery=bank_deposit)
[2026-08-02T10:53:21.413065+00:00]   [Xoom (a PayPal service)]   YA RECOLECTADO HOY, se omite: Xoom (a PayPal service) US->SV $500 (funding=bank_account, delivery=bank_deposit)
[2026-08-02T10:53:21.413072+00:00]   [Xoom (a PayPal service)]   YA RECOLECTADO HOY, se omite: Xoom (a PayPal service) US->SV $500 (funding=debit_card, delivery=bank_deposit)
[2026-08-02T10:53:21.413079+00:00]   [Xoom (a PayPal service)]   YA RECOLECTADO HOY, se omite: Xoom (a PayPal service) US->SV $500 (funding=credit_card, delivery=bank_deposit)
[2026-08-02T10:53:21.413084+00:00]   [Xoom (a PayPal service)]   YA RECOLECTADO HOY, se omite: Xoom (a PayPal service) US->SV $500 (funding=pyusd, delivery=debit_card_deposit)
[2026-08-02T10:53:21.413090+00:00]   [Xoom (a PayPal service)]   YA RECOLECTADO HOY, se omite: Xoom (a PayPal service) US->SV $500 (funding=paypal_balance, delivery=debit_card_deposit)
[2026-08-02T10:53:21.413097+00:00]   [Xoom (a PayPal service)]   YA RECOLECTADO HOY, se omite: Xoom (a PayPal service) US->SV $500 (funding=bank_account, delivery=debit_card_deposit)
[2026-08-02T10:53:21.413102+00:00]   [Xoom (a PayPal service)]   YA RECOLECTADO HOY, se omite: Xoom (a PayPal service) US->SV $500 (funding=debit_card, delivery=debit_card_deposit)
[2026-08-02T10:53:21.413109+00:00]   [Xoom (a PayPal service)]   YA RECOLECTADO HOY, se omite: Xoom (a PayPal service) US->SV $500 (funding=credit_card, delivery=debit_card_deposit)
[2026-08-02T10:53:21.413115+00:00]   [Xoom (a PayPal service)]   YA RECOLECTADO HOY, se omite: Xoom (a PayPal service) US->SV $500 (funding=pyusd, delivery=cash_pickup)
[2026-08-02T10:53:21.413121+00:00]   [Xoom (a PayPal service)]   YA RECOLECTADO HOY, se omite: Xoom (a PayPal service) US->SV $500 (funding=paypal_balance, delivery=cash_pickup)
[2026-08-02T10:53:21.413127+00:00]   [Xoom (a PayPal service)]   YA RECOLECTADO HOY, se omite: Xoom (a PayPal service) US->SV $500 (funding=bank_account, delivery=cash_pickup)
[2026-08-02T10:53:21.413132+00:00]   [Xoom (a PayPal service)]   YA RECOLECTADO HOY, se omite: Xoom (a PayPal service) US->SV $500 (funding=debit_card, delivery=cash_pickup)
[2026-08-02T10:53:21.413138+00:00]   [Xoom (a PayPal service)]   YA RECOLECTADO HOY, se omite: Xoom (a PayPal service) US->SV $500 (funding=credit_card, delivery=cash_pickup)
[2026-08-02T10:53:21.413144+00:00]   [Xoom (a PayPal service)] US->SV $500: 0 observaciones insertadas. Evidencia: evidence/xoom_us_500_20260802T105304Z.png (sha256=a907b4cc28898e4d56499b1e242f028f9c290de57c912b284e59708671a02c77)
[2026-08-02T10:53:21.413151+00:00]   [Xoom (a PayPal service)]   YA RECOLECTADO HOY, se omite: Xoom (a PayPal service) CA->SV $100 (funding=paypal_balance, delivery=bank_deposit)
[2026-08-02T10:53:21.413163+00:00]   [Xoom (a PayPal service)]   YA RECOLECTADO HOY, se omite: Xoom (a PayPal service) CA->SV $100 (funding=bank_account, delivery=bank_deposit)
[2026-08-02T10:53:21.413169+00:00]   [Xoom (a PayPal service)]   YA RECOLECTADO HOY, se omite: Xoom (a PayPal service) CA->SV $100 (funding=debit_card, delivery=bank_deposit)
[2026-08-02T10:53:21.413175+00:00]   [Xoom (a PayPal service)]   YA RECOLECTADO HOY, se omite: Xoom (a PayPal service) CA->SV $100 (funding=credit_card, delivery=bank_deposit)
[2026-08-02T10:53:21.413181+00:00]   [Xoom (a PayPal service)]   YA RECOLECTADO HOY, se omite: Xoom (a PayPal service) CA->SV $100 (funding=paypal_balance, delivery=cash_pickup)
[2026-08-02T10:53:21.413187+00:00]   [Xoom (a PayPal service)]   YA RECOLECTADO HOY, se omite: Xoom (a PayPal service) CA->SV $100 (funding=bank_account, delivery=cash_pickup)
[2026-08-02T10:53:21.413193+00:00]   [Xoom (a PayPal service)]   YA RECOLECTADO HOY, se omite: Xoom (a PayPal service) CA->SV $100 (funding=debit_card, delivery=cash_pickup)
[2026-08-02T10:53:21.413199+00:00]   [Xoom (a PayPal service)]   YA RECOLECTADO HOY, se omite: Xoom (a PayPal service) CA->SV $100 (funding=credit_card, delivery=cash_pickup)
[2026-08-02T10:53:21.413205+00:00]   [Xoom (a PayPal service)] CA->SV $100: 0 observaciones insertadas. Evidencia: evidence/xoom_ca_100_20260802T105311Z.png (sha256=d6aac92ba614c158991b885969e31bd511aec4114816e0325c9c35073ac82437)
[2026-08-02T10:53:21.413211+00:00]   [Xoom (a PayPal service)]   YA RECOLECTADO HOY, se omite: Xoom (a PayPal service) CA->SV $200 (funding=paypal_balance, delivery=bank_deposit)
[2026-08-02T10:53:21.413216+00:00]   [Xoom (a PayPal service)]   YA RECOLECTADO HOY, se omite: Xoom (a PayPal service) CA->SV $200 (funding=bank_account, delivery=bank_deposit)
[2026-08-02T10:53:21.413223+00:00]   [Xoom (a PayPal service)]   YA RECOLECTADO HOY, se omite: Xoom (a PayPal service) CA->SV $200 (funding=debit_card, delivery=bank_deposit)
[2026-08-02T10:53:21.413229+00:00]   [Xoom (a PayPal service)]   YA RECOLECTADO HOY, se omite: Xoom (a PayPal service) CA->SV $200 (funding=credit_card, delivery=bank_deposit)
[2026-08-02T10:53:21.413235+00:00]   [Xoom (a PayPal service)]   YA RECOLECTADO HOY, se omite: Xoom (a PayPal service) CA->SV $200 (funding=paypal_balance, delivery=cash_pickup)
[2026-08-02T10:53:21.413241+00:00]   [Xoom (a PayPal service)]   YA RECOLECTADO HOY, se omite: Xoom (a PayPal service) CA->SV $200 (funding=bank_account, delivery=cash_pickup)
[2026-08-02T10:53:21.413252+00:00]   [Xoom (a PayPal service)]   YA RECOLECTADO HOY, se omite: Xoom (a PayPal service) CA->SV $200 (funding=debit_card, delivery=cash_pickup)
[2026-08-02T10:53:21.413259+00:00]   [Xoom (a PayPal service)]   YA RECOLECTADO HOY, se omite: Xoom (a PayPal service) CA->SV $200 (funding=credit_card, delivery=cash_pickup)
[2026-08-02T10:53:21.413266+00:00]   [Xoom (a PayPal service)] CA->SV $200: 0 observaciones insertadas. Evidencia: evidence/xoom_ca_200_20260802T105315Z.png (sha256=8bc3d27b1f36dbfa39cc144aacbc66dbd34b9e34432eedf8e796f0d2bdafe0ac)
[2026-08-02T10:53:21.413272+00:00]   [Xoom (a PayPal service)]   YA RECOLECTADO HOY, se omite: Xoom (a PayPal service) CA->SV $500 (funding=paypal_balance, delivery=bank_deposit)
[2026-08-02T10:53:21.413278+00:00]   [Xoom (a PayPal service)]   YA RECOLECTADO HOY, se omite: Xoom (a PayPal service) CA->SV $500 (funding=bank_account, delivery=bank_deposit)
[2026-08-02T10:53:21.413287+00:00]   [Xoom (a PayPal service)]   YA RECOLECTADO HOY, se omite: Xoom (a PayPal service) CA->SV $500 (funding=debit_card, delivery=bank_deposit)
[2026-08-02T10:53:21.413293+00:00]   [Xoom (a PayPal service)]   YA RECOLECTADO HOY, se omite: Xoom (a PayPal service) CA->SV $500 (funding=credit_card, delivery=bank_deposit)
[2026-08-02T10:53:21.413299+00:00]   [Xoom (a PayPal service)]   YA RECOLECTADO HOY, se omite: Xoom (a PayPal service) CA->SV $500 (funding=paypal_balance, delivery=cash_pickup)
[2026-08-02T10:53:21.413305+00:00]   [Xoom (a PayPal service)]   YA RECOLECTADO HOY, se omite: Xoom (a PayPal service) CA->SV $500 (funding=bank_account, delivery=cash_pickup)
[2026-08-02T10:53:21.413315+00:00]   [Xoom (a PayPal service)]   YA RECOLECTADO HOY, se omite: Xoom (a PayPal service) CA->SV $500 (funding=debit_card, delivery=cash_pickup)
[2026-08-02T10:53:21.413333+00:00]   [Xoom (a PayPal service)]   YA RECOLECTADO HOY, se omite: Xoom (a PayPal service) CA->SV $500 (funding=credit_card, delivery=cash_pickup)
[2026-08-02T10:53:21.413340+00:00]   [Xoom (a PayPal service)] CA->SV $500: 0 observaciones insertadas. Evidencia: evidence/xoom_ca_500_20260802T105319Z.png (sha256=b3c8a104f11d9c97dc7441dfab88d84c7409960b39486afd4e8f1ff071559e32)
[2026-08-02T10:53:21.413349+00:00] OK Xoom (a PayPal service): 0 observaciones nuevas
[2026-08-02T10:53:21.413380+00:00] === Iniciando RemitBee (remitbee.py) ===
[2026-08-02T10:53:32.248681+00:00]   [RemitBee] YA RECOLECTADO HOY, se omite: RemitBee CA->SV $100 (funding=debit_card, delivery=bank_account)
[2026-08-02T10:53:32.248717+00:00]   [RemitBee]   YA RECOLECTADO HOY, se omite: RemitBee CA->SV $100 (funding=e_transfer, delivery=bank_account)
[2026-08-02T10:53:32.248724+00:00]   [RemitBee]   YA RECOLECTADO HOY, se omite: RemitBee CA->SV $100 (funding=bill_payment, delivery=bank_account)
[2026-08-02T10:53:32.248728+00:00]   [RemitBee]   YA RECOLECTADO HOY, se omite: RemitBee CA->SV $100 (funding=eft, delivery=bank_account)
[2026-08-02T10:53:32.248732+00:00]   [RemitBee] CA->SV $100: 0 observaciones insertadas. Evidencia: evidence/remitbee_ca_100_20260802T105325Z.png (sha256=1d2ab5f789b9fd802690ad7afeb82b426e902e0bced5afa2e8c2b2aa4e553852)
[2026-08-02T10:53:32.248736+00:00]   [RemitBee]   YA RECOLECTADO HOY, se omite: RemitBee CA->SV $200 (funding=debit_card, delivery=bank_account)
[2026-08-02T10:53:32.248740+00:00]   [RemitBee]   YA RECOLECTADO HOY, se omite: RemitBee CA->SV $200 (funding=e_transfer, delivery=bank_account)
[2026-08-02T10:53:32.248744+00:00]   [RemitBee]   YA RECOLECTADO HOY, se omite: RemitBee CA->SV $200 (funding=bill_payment, delivery=bank_account)
[2026-08-02T10:53:32.248748+00:00]   [RemitBee]   YA RECOLECTADO HOY, se omite: RemitBee CA->SV $200 (funding=eft, delivery=bank_account)
[2026-08-02T10:53:32.248752+00:00]   [RemitBee] CA->SV $200: 0 observaciones insertadas. Evidencia: evidence/remitbee_ca_200_20260802T105328Z.png (sha256=0a71fbfc6c8961bd27ad882e5cb39ae979e659cb7434fa4c8a4d2af6c08a048a)
[2026-08-02T10:53:32.248756+00:00]   [RemitBee]   YA RECOLECTADO HOY, se omite: RemitBee CA->SV $500 (funding=debit_card, delivery=bank_account)
[2026-08-02T10:53:32.248759+00:00]   [RemitBee]   YA RECOLECTADO HOY, se omite: RemitBee CA->SV $500 (funding=e_transfer, delivery=bank_account)
[2026-08-02T10:53:32.248763+00:00]   [RemitBee]   YA RECOLECTADO HOY, se omite: RemitBee CA->SV $500 (funding=bill_payment, delivery=bank_account)
[2026-08-02T10:53:32.248767+00:00]   [RemitBee]   YA RECOLECTADO HOY, se omite: RemitBee CA->SV $500 (funding=eft, delivery=bank_account)
[2026-08-02T10:53:32.248771+00:00]   [RemitBee] CA->SV $500: 0 observaciones insertadas. Evidencia: evidence/remitbee_ca_500_20260802T105331Z.png (sha256=1c6ed0fd69af8a908661c311815e7993d39aad0a1340dd00479295ef57f25aec)
[2026-08-02T10:53:32.248780+00:00] OK RemitBee: 0 observaciones nuevas

RECORDATORIO: MoneyGram sigue pendiente de muestreo manual (operators.requires_manual_sampling=1) -- su sitio bloquea automatizacion de forma explicita (ver operators.notes, confirmado 2026-08-01). Este orquestador NO lo corre ni lo intenta: no existe collectors/moneygram.py a proposito.
