[2026-10-08T16:26:08.151336+00:00] === Iniciando Remitly (remitly.py) ===
[2026-10-08T16:26:09.381496+00:00]   [Remitly] US->SV: 9 observaciones insertadas desde https://www.remitly.com/us/en/el-salvador/pricing
[2026-10-08T16:26:09.381527+00:00]   [Remitly]   Evidencia: evidence/remitly_us_20261008T162608Z.html (sha256=b8014912c8fa02e71d966ef17e5cf5dd785119389e3a2f9ba7b2c4ebceb53b7e)
[2026-10-08T16:26:09.381534+00:00]   [Remitly] CA->SV: 9 observaciones insertadas desde https://www.remitly.com/ca/en/el-salvador/pricing
[2026-10-08T16:26:09.381539+00:00]   [Remitly]   Evidencia: evidence/remitly_ca_20261008T162609Z.html (sha256=6c61d7ef6976453a3d3e1e9cdd71bd2cd970ce8a0bf20e76c3dd4836cbf73a88)
[2026-10-08T16:26:09.381545+00:00] OK Remitly: 18 observaciones nuevas
[2026-10-08T16:26:09.381572+00:00] === Iniciando Western Union (western_union.py) ===
[2026-10-08T16:27:38.399747+00:00]   [Western Union] US->SV $100: 5 observaciones insertadas. Evidencia: evidence/western_union_us_100_20261008T162625Z.jpg (sha256=dbdd60006f39d53f24dc1c7a511b1d012ce592f872a1911225692003a47eb0d7)
[2026-10-08T16:27:38.399790+00:00]   [Western Union] US->SV $200: 5 observaciones insertadas. Evidencia: evidence/western_union_us_200_20261008T162644Z.jpg (sha256=9df069365a5c264ea6b2107a1ea06731b3e61476d4b18255c683e2fd38b317f4)
[2026-10-08T16:27:38.399801+00:00]   [Western Union] US->SV $500: 5 observaciones insertadas. Evidencia: evidence/western_union_us_500_20261008T162702Z.jpg (sha256=e550fa2e90b31d42b6fb4c6e2dd9b060859cc9c17b04b0dbe806e4b98dd9f55f)
[2026-10-08T16:27:38.399823+00:00] FALLO Western Union: codigo de salida 1:     return task.result()
           ^^^^^^^^^^^^^
  File "/opt/hostedtoolcache/Python/3.11.17/x64/lib/python3.11/site-packages/playwright/_impl/_locator.py", line 752, in wait_for
    await self._frame.wait_for_selector(
  File "/opt/hostedtoolcache/Python/3.11.17/x64/lib/python3.11/site-packages/playwright/_impl/_frame.py", line 395, in wait_for_selector
    await self._channel.send(
  File "/opt/hostedtoolcache/Python/3.11.17/x64/lib/python3.11/site-packages/playwright/_impl/_connection.py", line 76, in send
    return await self._connection.wrap_api_call(
           ^^^^^^^^^^^^^^^^^^^^^^^^^^^^^^^^^^^^^
  File "/opt/hostedtoolcache/Python/3.11.17/x64/lib/python3.11/site-packages/playwright/_impl/_connection.py", line 632, in wrap_api_call
    raise rewrite_error(error, f"{parsed_st['apiName']}: {error}") from None
playwright._impl._errors.TimeoutError: Locator.wait_for: Timeout 15000ms exceeded.
Call log:
  - waiting for locator("[role=\"dialog\"]").last to be visible
    34 × locator resolved to hidden <div role="dialog" tabindex="-1" aria-modal="true" class="modal-overlay" data-modal-element-overlay="" data-modal-close-button-parent="">…</div>
[2026-10-08T16:27:38.399856+00:00] === Iniciando Ria Money Transfer (ria.py) ===
[2026-10-08T16:29:07.443853+00:00]   [Ria Money Transfer] US->SV $100 (Bank): 1 observacion insertada. Evidencia: evidence/ria_us_bank_account_100_20261008T162748Z.jpg (sha256=cfaafcd09f85595e73dfea203aa8f14757d8a0772cf01ee1b9f792ae23189564)
[2026-10-08T16:29:07.443888+00:00]   [Ria Money Transfer] US->SV $100 (Credit card): 1 observacion insertada. Evidencia: evidence/ria_us_credit_card_100_20261008T162751Z.jpg (sha256=d6bc54e14cc37901215617af066fb85ecc9a2fb328f7b2f30031ec599694d000)
[2026-10-08T16:29:07.443896+00:00]   [Ria Money Transfer] US->SV $100 (Debit card): 1 observacion insertada. Evidencia: evidence/ria_us_debit_card_100_20261008T162753Z.jpg (sha256=4842c26fcb601dfff99074a2d1575199ed3930661745dab6a0ac0c29868fe54f)
[2026-10-08T16:29:07.443902+00:00]   [Ria Money Transfer] US->SV $100 (Cash): 1 observacion insertada. Evidencia: evidence/ria_us_cash_100_20261008T162756Z.jpg (sha256=a001a935dd9625e53f1799497c2b304dc1acb490f0d2a894d677e6c89e6749c2)
[2026-10-08T16:29:07.443907+00:00]   [Ria Money Transfer] US->SV $200 (Bank): 1 observacion insertada. Evidencia: evidence/ria_us_bank_account_200_20261008T162800Z.jpg (sha256=5a89903532821db98b11723e945f2ac844129888acd7a5b96118b79cd4b73564)
[2026-10-08T16:29:07.443912+00:00]   [Ria Money Transfer] US->SV $200 (Credit card): 1 observacion insertada. Evidencia: evidence/ria_us_credit_card_200_20261008T162803Z.jpg (sha256=56a87958be989ac55f8fdb1b1a282b81a0574f27f8e112bd775dc10c58572ca2)
[2026-10-08T16:29:07.443927+00:00]   [Ria Money Transfer] US->SV $200 (Debit card): 1 observacion insertada. Evidencia: evidence/ria_us_debit_card_200_20261008T162806Z.jpg (sha256=d10f3897223637d250ec23c6807b9e2ab11447cc1c98331470c684bb32c2d835)
[2026-10-08T16:29:07.443931+00:00]   [Ria Money Transfer] US->SV $200 (Cash): 1 observacion insertada. Evidencia: evidence/ria_us_cash_200_20261008T162808Z.jpg (sha256=07157d69934238a887f1d7d14cfdd99d48002f284641b4ab1a4de25a1d35d6dc)
[2026-10-08T16:29:07.443935+00:00]   [Ria Money Transfer] US->SV $500 (Bank): 1 observacion insertada. Evidencia: evidence/ria_us_bank_account_500_20261008T162812Z.jpg (sha256=f7dcd143ef35d197c861a88081a48c0ce30eadccfbd09c100e455199de066fa0)
[2026-10-08T16:29:07.443939+00:00]   [Ria Money Transfer] US->SV $500 (Credit card): 1 observacion insertada. Evidencia: evidence/ria_us_credit_card_500_20261008T162815Z.jpg (sha256=45f49bfa4d3965909f6963560ef1018ccf99bad807e2fe2689a1a26beb083dce)
[2026-10-08T16:29:07.443943+00:00]   [Ria Money Transfer] US->SV $500 (Debit card): 1 observacion insertada. Evidencia: evidence/ria_us_debit_card_500_20261008T162818Z.jpg (sha256=3f860a88bbb1a86e5fd0c02dc36b46b0a718fe4cd48c7ad2b58d77e6d1148c42)
[2026-10-08T16:29:07.443947+00:00]   [Ria Money Transfer] US->SV $500 (Cash): fuera de rango valido, se omite (no se inserta fila).
[2026-10-08T16:29:07.443951+00:00]   [Ria Money Transfer] Intento 1/3 fallo para corredor CA->SV: TimeoutError: Locator.click: Timeout 10000ms exceeded.
[2026-10-08T16:29:07.443955+00:00]   [Ria Money Transfer] Call log:
[2026-10-08T16:29:07.443959+00:00]   [Ria Money Transfer]   - waiting for get_by_role("button", name="Select Destination")
[2026-10-08T16:29:07.443963+00:00]   [Ria Money Transfer] . Reintentando en 5s...
[2026-10-08T16:29:07.443967+00:00]   [Ria Money Transfer] Intento 2/3 fallo para corredor CA->SV: TimeoutError: Locator.click: Timeout 10000ms exceeded.
[2026-10-08T16:29:07.443971+00:00]   [Ria Money Transfer] Call log:
[2026-10-08T16:29:07.443975+00:00]   [Ria Money Transfer]   - waiting for get_by_role("button", name="Select Destination")
[2026-10-08T16:29:07.443978+00:00]   [Ria Money Transfer] . Reintentando en 10s...
[2026-10-08T16:29:07.443995+00:00] FALLO Ria Money Transfer: codigo de salida 1:     return task.result()
           ^^^^^^^^^^^^^
  File "/opt/hostedtoolcache/Python/3.11.17/x64/lib/python3.11/site-packages/playwright/_impl/_locator.py", line 165, in click
    return await self._frame._click(self._selector, strict=True, **params)
           ^^^^^^^^^^^^^^^^^^^^^^^^^^^^^^^^^^^^^^^^^^^^^^^^^^^^^^^^^^^^^^^
  File "/opt/hostedtoolcache/Python/3.11.17/x64/lib/python3.11/site-packages/playwright/_impl/_frame.py", line 594, in _click
    await self._channel.send("click", self._timeout, locals_to_params(locals()))
  File "/opt/hostedtoolcache/Python/3.11.17/x64/lib/python3.11/site-packages/playwright/_impl/_connection.py", line 76, in send
    return await self._connection.wrap_api_call(
           ^^^^^^^^^^^^^^^^^^^^^^^^^^^^^^^^^^^^^
  File "/opt/hostedtoolcache/Python/3.11.17/x64/lib/python3.11/site-packages/playwright/_impl/_connection.py", line 632, in wrap_api_call
    raise rewrite_error(error, f"{parsed_st['apiName']}: {error}") from None
playwright._impl._errors.TimeoutError: Locator.click: Timeout 10000ms exceeded.
Call log:
  - waiting for get_by_role("button", name="Select Destination")
[2026-10-08T16:29:07.444022+00:00] === Iniciando Xoom (a PayPal service) (xoom.py) ===
[2026-10-08T16:29:32.249037+00:00]   [Xoom (a PayPal service)] US->SV $100: 15 observaciones insertadas. Evidencia: evidence/xoom_us_100_20261008T162912Z.jpg (sha256=83804bec87a0246eb36b6e7d39955f7acc5bc78da69842a7540b832583938f04)
[2026-10-08T16:29:32.249069+00:00]   [Xoom (a PayPal service)] US->SV $200: 15 observaciones insertadas. Evidencia: evidence/xoom_us_200_20261008T162915Z.jpg (sha256=8cc6d6b5958c6a1d8922b651497b65d9946e7be5d650ce7eac278cc1e1e3eaa4)
[2026-10-08T16:29:32.249097+00:00]   [Xoom (a PayPal service)] US->SV $500: 15 observaciones insertadas. Evidencia: evidence/xoom_us_500_20261008T162918Z.jpg (sha256=c2604f3103be4cc01c875c950ea1d56d309c9451c0732a339cd4f725fb596488)
[2026-10-08T16:29:32.249102+00:00]   [Xoom (a PayPal service)] CA->SV $100: 8 observaciones insertadas. Evidencia: evidence/xoom_ca_100_20261008T162924Z.jpg (sha256=86dd9700138a81d24796641c80af1cf36c8edd689960731ae4ee5d541edf2a46)
[2026-10-08T16:29:32.249106+00:00]   [Xoom (a PayPal service)] CA->SV $200: 8 observaciones insertadas. Evidencia: evidence/xoom_ca_200_20261008T162928Z.jpg (sha256=700ce30fbcb9d6a7c736962245e68bb57a7518eaa219018856386f746cdcc1c6)
[2026-10-08T16:29:32.249110+00:00]   [Xoom (a PayPal service)] CA->SV $500: 8 observaciones insertadas. Evidencia: evidence/xoom_ca_500_20261008T162931Z.jpg (sha256=b032c0e28d3a040e6c95a2b1b61b54253d1fbb254db9b77a76504d5dcc3ad585)
[2026-10-08T16:29:32.249116+00:00] OK Xoom (a PayPal service): 69 observaciones nuevas
[2026-10-08T16:29:32.249147+00:00] === Iniciando RemitBee (remitbee.py) ===
[2026-10-08T16:29:41.325737+00:00]   [RemitBee] CA->SV $100: 4 observaciones insertadas. Evidencia: evidence/remitbee_ca_100_20261008T162935Z.jpg (sha256=f9fb6390496cad758f331e4f0b37e73d4fc5d600f6b713f231ef75e28e26a736)
[2026-10-08T16:29:41.325771+00:00]   [RemitBee] CA->SV $200: 4 observaciones insertadas. Evidencia: evidence/remitbee_ca_200_20261008T162938Z.jpg (sha256=b9dd037646181518e77373477b0c16e0eb02e6f57cff707e36d67fbcb0d14119)
[2026-10-08T16:29:41.325780+00:00]   [RemitBee] CA->SV $500: 4 observaciones insertadas. Evidencia: evidence/remitbee_ca_500_20261008T162940Z.jpg (sha256=aa455219674c6250a5d9e73e50f658e3dbd3bcca0d0b3748c563ae1812037f46)
[2026-10-08T16:29:41.325791+00:00] OK RemitBee: 12 observaciones nuevas

RECORDATORIO: MoneyGram sigue pendiente de muestreo manual (operators.requires_manual_sampling=1) -- su sitio bloquea automatizacion de forma explicita (ver operators.notes, confirmado 2026-08-01). Este orquestador NO lo corre ni lo intenta: no existe collectors/moneygram.py a proposito.
