[2026-10-02T15:45:38.963792+00:00] === Iniciando Remitly (remitly.py) ===
[2026-10-02T15:45:40.405379+00:00]   [Remitly] US->SV: 9 observaciones insertadas desde https://www.remitly.com/us/en/el-salvador/pricing
[2026-10-02T15:45:40.405415+00:00]   [Remitly]   Evidencia: evidence/remitly_us_20261002T154539Z.html (sha256=3562a7cbac6452e5508255e0f503074fb4926ae2fbf07f0fd8467e563dc0dfa2)
[2026-10-02T15:45:40.405423+00:00]   [Remitly] CA->SV: 9 observaciones insertadas desde https://www.remitly.com/ca/en/el-salvador/pricing
[2026-10-02T15:45:40.405429+00:00]   [Remitly]   Evidencia: evidence/remitly_ca_20261002T154540Z.html (sha256=e255ea1669ba623222441b4e78808034298c79129de878bdae8688278b4df185)
[2026-10-02T15:45:40.405437+00:00] OK Remitly: 18 observaciones nuevas
[2026-10-02T15:45:40.405468+00:00] === Iniciando Western Union (western_union.py) ===
[2026-10-02T15:46:29.052102+00:00]   [Western Union] US->SV $100: 5 observaciones insertadas. Evidencia: evidence/western_union_us_100_20261002T154557Z.jpg (sha256=96a10c6769db4e2fd8e9e336da3c11f9db97e0cdab544eb5fc22d7d39a05293f)
[2026-10-02T15:46:29.052164+00:00] FALLO Western Union: codigo de salida 1:     return task.result()
           ^^^^^^^^^^^^^
  File "/opt/hostedtoolcache/Python/3.11.16/x64/lib/python3.11/site-packages/playwright/_impl/_page.py", line 429, in wait_for_selector
    return await self._main_frame.wait_for_selector(**locals_to_params(locals()))
           ^^^^^^^^^^^^^^^^^^^^^^^^^^^^^^^^^^^^^^^^^^^^^^^^^^^^^^^^^^^^^^^^^^^^^^
  File "/opt/hostedtoolcache/Python/3.11.16/x64/lib/python3.11/site-packages/playwright/_impl/_frame.py", line 395, in wait_for_selector
    await self._channel.send(
  File "/opt/hostedtoolcache/Python/3.11.16/x64/lib/python3.11/site-packages/playwright/_impl/_connection.py", line 76, in send
    return await self._connection.wrap_api_call(
           ^^^^^^^^^^^^^^^^^^^^^^^^^^^^^^^^^^^^^
  File "/opt/hostedtoolcache/Python/3.11.16/x64/lib/python3.11/site-packages/playwright/_impl/_connection.py", line 632, in wrap_api_call
    raise rewrite_error(error, f"{parsed_st['apiName']}: {error}") from None
playwright._impl._errors.TimeoutError: Page.wait_for_selector: Timeout 15000ms exceeded.
Call log:
  - waiting for locator("[role=\"radiogroup\"] [role=\"radio\"]") to be visible
[2026-10-02T15:46:29.052199+00:00] === Iniciando Ria Money Transfer (ria.py) ===
[2026-10-02T15:47:24.324507+00:00]   [Ria Money Transfer] Intento 1/3 fallo para corredor US->SV: TimeoutError: Locator.click: Timeout 10000ms exceeded.
[2026-10-02T15:47:24.324552+00:00]   [Ria Money Transfer] Call log:
[2026-10-02T15:47:24.324560+00:00]   [Ria Money Transfer]   - waiting for get_by_role("option", name="Bank").first
[2026-10-02T15:47:24.324566+00:00]   [Ria Money Transfer] . Reintentando en 5s...
[2026-10-02T15:47:24.324572+00:00]   [Ria Money Transfer] Intento 2/3 fallo para corredor US->SV: TimeoutError: Locator.click: Timeout 10000ms exceeded.
[2026-10-02T15:47:24.324578+00:00]   [Ria Money Transfer] Call log:
[2026-10-02T15:47:24.324583+00:00]   [Ria Money Transfer]   - waiting for get_by_role("button", name="Select Destination")
[2026-10-02T15:47:24.324588+00:00]   [Ria Money Transfer] . Reintentando en 10s...
[2026-10-02T15:47:24.324612+00:00] FALLO Ria Money Transfer: codigo de salida 1:     return task.result()
           ^^^^^^^^^^^^^
  File "/opt/hostedtoolcache/Python/3.11.16/x64/lib/python3.11/site-packages/playwright/_impl/_locator.py", line 165, in click
    return await self._frame._click(self._selector, strict=True, **params)
           ^^^^^^^^^^^^^^^^^^^^^^^^^^^^^^^^^^^^^^^^^^^^^^^^^^^^^^^^^^^^^^^
  File "/opt/hostedtoolcache/Python/3.11.16/x64/lib/python3.11/site-packages/playwright/_impl/_frame.py", line 594, in _click
    await self._channel.send("click", self._timeout, locals_to_params(locals()))
  File "/opt/hostedtoolcache/Python/3.11.16/x64/lib/python3.11/site-packages/playwright/_impl/_connection.py", line 76, in send
    return await self._connection.wrap_api_call(
           ^^^^^^^^^^^^^^^^^^^^^^^^^^^^^^^^^^^^^
  File "/opt/hostedtoolcache/Python/3.11.16/x64/lib/python3.11/site-packages/playwright/_impl/_connection.py", line 632, in wrap_api_call
    raise rewrite_error(error, f"{parsed_st['apiName']}: {error}") from None
playwright._impl._errors.TimeoutError: Locator.click: Timeout 10000ms exceeded.
Call log:
  - waiting for get_by_role("button", name="Select Destination")
[2026-10-02T15:47:24.324652+00:00] === Iniciando Xoom (a PayPal service) (xoom.py) ===
[2026-10-02T15:47:49.917931+00:00]   [Xoom (a PayPal service)] US->SV $100: 15 observaciones insertadas. Evidencia: evidence/xoom_us_100_20261002T154729Z.jpg (sha256=c681d6c02d27bb292a55b90ce3c5e000e4239c28f7a9fda0bbebd5dd5705fe68)
[2026-10-02T15:47:49.917975+00:00]   [Xoom (a PayPal service)] US->SV $200: 15 observaciones insertadas. Evidencia: evidence/xoom_us_200_20261002T154732Z.jpg (sha256=5e74f36769afe05e9a756f0aca69b29d0c89256468c63ddc8c3cd1cbf34d48c6)
[2026-10-02T15:47:49.917981+00:00]   [Xoom (a PayPal service)] US->SV $500: 15 observaciones insertadas. Evidencia: evidence/xoom_us_500_20261002T154735Z.jpg (sha256=1f4b9d52659c29d6d60049644414dc93e8d9836f4dd4a2f337b934d731702f8e)
[2026-10-02T15:47:49.917986+00:00]   [Xoom (a PayPal service)] CA->SV $100: 8 observaciones insertadas. Evidencia: evidence/xoom_ca_100_20261002T154742Z.jpg (sha256=669f70c0025138084a06ec0823f04adb9aafcc328fac48ca7f08a9e7f8725c2d)
[2026-10-02T15:47:49.917990+00:00]   [Xoom (a PayPal service)] CA->SV $200: 8 observaciones insertadas. Evidencia: evidence/xoom_ca_200_20261002T154745Z.jpg (sha256=ec4b455e77cc2df78ad4e18969c3746a32a1212ca90dbfe490c599d3f87a3878)
[2026-10-02T15:47:49.917995+00:00]   [Xoom (a PayPal service)] CA->SV $500: 8 observaciones insertadas. Evidencia: evidence/xoom_ca_500_20261002T154749Z.jpg (sha256=4b0d4b30760432fbc0b4e90fec2c516227d661992db7a078f867bbad2140fb76)
[2026-10-02T15:47:49.918007+00:00] OK Xoom (a PayPal service): 69 observaciones nuevas
[2026-10-02T15:47:49.918038+00:00] === Iniciando RemitBee (remitbee.py) ===
[2026-10-02T15:48:00.507822+00:00] FALLO RemitBee: codigo de salida 1:     raise rewrite_error(error, f"{parsed_st['apiName']}: {error}") from None
playwright._impl._errors.TimeoutError: Page.wait_for_function: Timeout 8000ms exceeded.

The above exception was the direct cause of the following exception:

Traceback (most recent call last):
  File "/home/runner/work/remesas-tracker/remesas-tracker/collectors/remitbee.py", line 320, in <module>
    main()
  File "/home/runner/work/remesas-tracker/remesas-tracker/collectors/remitbee.py", line 312, in main
    collect(page, conn, corridor_id, operator_id)
  File "/home/runner/work/remesas-tracker/remesas-tracker/collectors/remitbee.py", line 213, in collect
    set_amount(page, amount)
  File "/home/runner/work/remesas-tracker/remesas-tracker/collectors/remitbee.py", line 134, in set_amount
    raise ValueError(
ValueError: El campo 'They receive' no cambio de valor tras fijar el monto en 100 (seguia en ''); el recalculo de tarifas probablemente no se completo.

RECORDATORIO: MoneyGram sigue pendiente de muestreo manual (operators.requires_manual_sampling=1) -- su sitio bloquea automatizacion de forma explicita (ver operators.notes, confirmado 2026-08-01). Este orquestador NO lo corre ni lo intenta: no existe collectors/moneygram.py a proposito.
