[2026-09-28T17:38:09.054990+00:00] === Iniciando Remitly (remitly.py) ===
[2026-09-28T17:38:10.646917+00:00]   [Remitly] US->SV: 9 observaciones insertadas desde https://www.remitly.com/us/en/el-salvador/pricing
[2026-09-28T17:38:10.646951+00:00]   [Remitly]   Evidencia: evidence/remitly_us_20260928T173809Z.html (sha256=892a21ab148efa5126c44517dc7a2ce5d9fedd0449b27bd57564206c292c56f7)
[2026-09-28T17:38:10.646957+00:00]   [Remitly] CA->SV: 9 observaciones insertadas desde https://www.remitly.com/ca/en/el-salvador/pricing
[2026-09-28T17:38:10.646960+00:00]   [Remitly]   Evidencia: evidence/remitly_ca_20260928T173810Z.html (sha256=9c31bf5f9669c73394e1eaa62da9ebcdb4f055cd2cb147b9b06ed48d49cd61a2)
[2026-09-28T17:38:10.646965+00:00] OK Remitly: 18 observaciones nuevas
[2026-09-28T17:38:10.646994+00:00] === Iniciando Western Union (western_union.py) ===
[2026-09-28T17:38:56.146745+00:00]   [Western Union] US->SV $100: 5 observaciones insertadas. Evidencia: evidence/western_union_us_100_20260928T173825Z.jpg (sha256=96a10c6769db4e2fd8e9e336da3c11f9db97e0cdab544eb5fc22d7d39a05293f)
[2026-09-28T17:38:56.146804+00:00] FALLO Western Union: codigo de salida 1:     return task.result()
           ^^^^^^^^^^^^^
  File "/opt/hostedtoolcache/Python/3.11.16/x64/lib/python3.11/site-packages/playwright/_impl/_page.py", line 429, in wait_for_selector
    return await self._main_frame.wait_for_selector(**locals_to_params(locals()))
           ^^^^^^^^^^^^^^^^^^^^^^^^^^^^^^^^^^^^^^^^^^^^^^^^^^^^^^^^^^^^^^^^^^^^^^
  File "/opt/hostedtoolcache/Python/3.11.16/x64/lib/python3.11/site-packages/playwright/_impl/_frame.py", line 395, in wait_for_selector
    await self._channel.send(
  File "/opt/hostedtoolcache/Python/3.11.16/x64/lib/python3.11/site-packages/playwright/_impl/_connection.py", line 76, in send
    return await self._connection.wrap_api_call(
           ^^^^^^^^^^^^^^^^^^^^^^^^^^^^^^^^^^^^^
  File "/opt/hostedtoolcache/Python/3.11.16/x64/lib/python3.11/site-packages/playwright/_impl/_connection.py", line 632, in wrap_api_call
    raise rewrite_error(error, f"{parsed_st['apiName']}: {error}") from None
playwright._impl._errors.TimeoutError: Page.wait_for_selector: Timeout 15000ms exceeded.
Call log:
  - waiting for locator("[role=\"radiogroup\"] [role=\"radio\"]") to be visible
[2026-09-28T17:38:56.146837+00:00] === Iniciando Ria Money Transfer (ria.py) ===
[2026-09-28T17:40:22.295318+00:00]   [Ria Money Transfer] US->SV $100 (Bank): 1 observacion insertada. Evidencia: evidence/ria_us_bank_account_100_20260928T173905Z.jpg (sha256=5802f6818f1da91fb731fa077ad13f03c4c70c092187257b2457ad5d7a227374)
[2026-09-28T17:40:22.295364+00:00]   [Ria Money Transfer] US->SV $100 (Credit card): 1 observacion insertada. Evidencia: evidence/ria_us_credit_card_100_20260928T173908Z.jpg (sha256=cb8419c2b27e242114dc1db6089ab21b356cabf000493165a4055ee6b085bc95)
[2026-09-28T17:40:22.295370+00:00]   [Ria Money Transfer] US->SV $100 (Debit card): 1 observacion insertada. Evidencia: evidence/ria_us_debit_card_100_20260928T173910Z.jpg (sha256=de85a09583df8f80046a98eb3505e2a7b4b059c8a2d9596455f52b7b444d8aad)
[2026-09-28T17:40:22.295376+00:00]   [Ria Money Transfer] US->SV $100 (Cash): 1 observacion insertada. Evidencia: evidence/ria_us_cash_100_20260928T173912Z.jpg (sha256=4d4e967a54660de2613e1b55c5142fabf45cf2c41fb263465ff73dfe1a291dfb)
[2026-09-28T17:40:22.295380+00:00]   [Ria Money Transfer] US->SV $200 (Bank): 1 observacion insertada. Evidencia: evidence/ria_us_bank_account_200_20260928T173916Z.jpg (sha256=2a6ff21ed5398ae970117554310b8547090a139e18a8c2025aa173e223ff5d84)
[2026-09-28T17:40:22.295385+00:00]   [Ria Money Transfer] US->SV $200 (Credit card): 1 observacion insertada. Evidencia: evidence/ria_us_credit_card_200_20260928T173919Z.jpg (sha256=8e85569b8984a2b43c4f51a89d6dbff6b4b2dbe4d28a50edabf2ecfbdbfd0d4f)
[2026-09-28T17:40:22.295390+00:00]   [Ria Money Transfer] US->SV $200 (Debit card): 1 observacion insertada. Evidencia: evidence/ria_us_debit_card_200_20260928T173921Z.jpg (sha256=9507305345cdb23a223caa3cbeedaf5712d149db5e8da99886d22756cfcef5d2)
[2026-09-28T17:40:22.295395+00:00]   [Ria Money Transfer] US->SV $200 (Cash): 1 observacion insertada. Evidencia: evidence/ria_us_cash_200_20260928T173924Z.jpg (sha256=f264f82887000b9f64f86ba84f0c429862d7d2e003eabe06c5bf7a3971397da6)
[2026-09-28T17:40:22.295408+00:00]   [Ria Money Transfer] US->SV $500 (Bank): 1 observacion insertada. Evidencia: evidence/ria_us_bank_account_500_20260928T173928Z.jpg (sha256=88000ab0418a356ed9952acf933af21c8c91bbd429ee1aa6d59877de6ea53413)
[2026-09-28T17:40:22.295412+00:00]   [Ria Money Transfer] US->SV $500 (Credit card): 1 observacion insertada. Evidencia: evidence/ria_us_credit_card_500_20260928T173930Z.jpg (sha256=057673520e3dd08bad20b5ed306b4196ed10ebc19a8f002c7f3b8eef156dc485)
[2026-09-28T17:40:22.295415+00:00]   [Ria Money Transfer] US->SV $500 (Debit card): 1 observacion insertada. Evidencia: evidence/ria_us_debit_card_500_20260928T173933Z.jpg (sha256=966da9745e5fc7a395f924cc64252c9c9eb86392a1fd152345023def90e82a3a)
[2026-09-28T17:40:22.295419+00:00]   [Ria Money Transfer] US->SV $500 (Cash): fuera de rango valido, se omite (no se inserta fila).
[2026-09-28T17:40:22.295423+00:00]   [Ria Money Transfer] Intento 1/3 fallo para corredor CA->SV: TimeoutError: Locator.click: Timeout 10000ms exceeded.
[2026-09-28T17:40:22.295427+00:00]   [Ria Money Transfer] Call log:
[2026-09-28T17:40:22.295430+00:00]   [Ria Money Transfer]   - waiting for get_by_role("button", name="Select Destination")
[2026-09-28T17:40:22.295434+00:00]   [Ria Money Transfer] . Reintentando en 5s...
[2026-09-28T17:40:22.295438+00:00]   [Ria Money Transfer] Intento 2/3 fallo para corredor CA->SV: TimeoutError: Locator.click: Timeout 10000ms exceeded.
[2026-09-28T17:40:22.295442+00:00]   [Ria Money Transfer] Call log:
[2026-09-28T17:40:22.295445+00:00]   [Ria Money Transfer]   - waiting for get_by_role("button", name="Select Destination")
[2026-09-28T17:40:22.295448+00:00]   [Ria Money Transfer] . Reintentando en 10s...
[2026-09-28T17:40:22.295465+00:00] FALLO Ria Money Transfer: codigo de salida 1:     return task.result()
           ^^^^^^^^^^^^^
  File "/opt/hostedtoolcache/Python/3.11.16/x64/lib/python3.11/site-packages/playwright/_impl/_locator.py", line 165, in click
    return await self._frame._click(self._selector, strict=True, **params)
           ^^^^^^^^^^^^^^^^^^^^^^^^^^^^^^^^^^^^^^^^^^^^^^^^^^^^^^^^^^^^^^^
  File "/opt/hostedtoolcache/Python/3.11.16/x64/lib/python3.11/site-packages/playwright/_impl/_frame.py", line 594, in _click
    await self._channel.send("click", self._timeout, locals_to_params(locals()))
  File "/opt/hostedtoolcache/Python/3.11.16/x64/lib/python3.11/site-packages/playwright/_impl/_connection.py", line 76, in send
    return await self._connection.wrap_api_call(
           ^^^^^^^^^^^^^^^^^^^^^^^^^^^^^^^^^^^^^
  File "/opt/hostedtoolcache/Python/3.11.16/x64/lib/python3.11/site-packages/playwright/_impl/_connection.py", line 632, in wrap_api_call
    raise rewrite_error(error, f"{parsed_st['apiName']}: {error}") from None
playwright._impl._errors.TimeoutError: Locator.click: Timeout 10000ms exceeded.
Call log:
  - waiting for get_by_role("button", name="Select Destination")
[2026-09-28T17:40:22.295492+00:00] === Iniciando Xoom (a PayPal service) (xoom.py) ===
[2026-09-28T17:40:46.969931+00:00]   [Xoom (a PayPal service)] US->SV $100: 15 observaciones insertadas. Evidencia: evidence/xoom_us_100_20260928T174026Z.jpg (sha256=5c253aed7322a57252d761d2ba2d3c1dd756f416086ff2822d64f1e548dfa8cc)
[2026-09-28T17:40:46.969967+00:00]   [Xoom (a PayPal service)] US->SV $200: 15 observaciones insertadas. Evidencia: evidence/xoom_us_200_20260928T174030Z.jpg (sha256=18a930a2807f8ef7481c62ec3ce90f3c7e1a07207d52d11930417540e2cc1189)
[2026-09-28T17:40:46.969972+00:00]   [Xoom (a PayPal service)] US->SV $500: 15 observaciones insertadas. Evidencia: evidence/xoom_us_500_20260928T174033Z.jpg (sha256=04e53a0322b00a2749f197e4b7ec9af962726cfb7fd301a5cf2ec383a8492218)
[2026-09-28T17:40:46.969976+00:00]   [Xoom (a PayPal service)] CA->SV $100: 8 observaciones insertadas. Evidencia: evidence/xoom_ca_100_20260928T174039Z.jpg (sha256=52a4941217794471fd297e5ecb32e33d726d83d035f35b79c01ec6fdab988a7f)
[2026-09-28T17:40:46.970000+00:00]   [Xoom (a PayPal service)] CA->SV $200: 8 observaciones insertadas. Evidencia: evidence/xoom_ca_200_20260928T174042Z.jpg (sha256=670f4eae599ca90dcb8d0ae3e38f1c63070701a58a229ee0e6c09503b0533037)
[2026-09-28T17:40:46.970004+00:00]   [Xoom (a PayPal service)] CA->SV $500: 8 observaciones insertadas. Evidencia: evidence/xoom_ca_500_20260928T174046Z.jpg (sha256=f7101c9b5a5fb78aec4e17042c033f8dab465704f5238c611935ae26a54410b7)
[2026-09-28T17:40:46.970010+00:00] OK Xoom (a PayPal service): 69 observaciones nuevas
[2026-09-28T17:40:46.970045+00:00] === Iniciando RemitBee (remitbee.py) ===
[2026-09-28T17:40:56.924659+00:00]   [RemitBee] CA->SV $100: 4 observaciones insertadas. Evidencia: evidence/remitbee_ca_100_20260928T174051Z.jpg (sha256=9ceb8a43153932974ce06dec33252e98cb52934ad3b1720326db7171a5adb32b)
[2026-09-28T17:40:56.924694+00:00]   [RemitBee] CA->SV $200: 4 observaciones insertadas. Evidencia: evidence/remitbee_ca_200_20260928T174053Z.jpg (sha256=ee52dbffd20314030a1bf26dcf6858e987524dd12df147a57794d4c6398961a2)
[2026-09-28T17:40:56.924700+00:00]   [RemitBee] CA->SV $500: 4 observaciones insertadas. Evidencia: evidence/remitbee_ca_500_20260928T174056Z.jpg (sha256=92a4a1df7429db1feccc41e8391749f0dbee1f136de3269b7d23f52e97cfc98c)
[2026-09-28T17:40:56.924710+00:00] OK RemitBee: 12 observaciones nuevas

RECORDATORIO: MoneyGram sigue pendiente de muestreo manual (operators.requires_manual_sampling=1) -- su sitio bloquea automatizacion de forma explicita (ver operators.notes, confirmado 2026-08-01). Este orquestador NO lo corre ni lo intenta: no existe collectors/moneygram.py a proposito.
