[2026-09-30T15:54:10.888166+00:00] === Iniciando Remitly (remitly.py) ===
[2026-09-30T15:54:12.899604+00:00]   [Remitly] US->SV: 9 observaciones insertadas desde https://www.remitly.com/us/en/el-salvador/pricing
[2026-09-30T15:54:12.899639+00:00]   [Remitly]   Evidencia: evidence/remitly_us_20260930T155411Z.html (sha256=1ab9f86d18f1e324b74c51f96a6220a34eac9b524526e8f626f894f106a97ede)
[2026-09-30T15:54:12.899643+00:00]   [Remitly] CA->SV: 9 observaciones insertadas desde https://www.remitly.com/ca/en/el-salvador/pricing
[2026-09-30T15:54:12.899646+00:00]   [Remitly]   Evidencia: evidence/remitly_ca_20260930T155412Z.html (sha256=555b2bc018854e545fd190d104f122f1cf64c7f6c54a0a468971ee66c43e32c0)
[2026-09-30T15:54:12.899652+00:00] OK Remitly: 18 observaciones nuevas
[2026-09-30T15:54:12.899678+00:00] === Iniciando Western Union (western_union.py) ===
[2026-09-30T15:55:10.270534+00:00]   [Western Union] US->SV $100: 5 observaciones insertadas. Evidencia: evidence/western_union_us_100_20260930T155424Z.jpg (sha256=c5b3f595171a106734434b4508ecd68622186b6c07799adacf74e767b7cc1946)
[2026-09-30T15:55:10.270582+00:00]   [Western Union] US->SV $200: 5 observaciones insertadas. Evidencia: evidence/western_union_us_200_20260930T155439Z.jpg (sha256=822efcb000ef123f2d616a8c039d8a3a7031a0840a0b7f60478491effca12765)
[2026-09-30T15:55:10.270603+00:00] FALLO Western Union: codigo de salida 1:     return task.result()
           ^^^^^^^^^^^^^
  File "/opt/hostedtoolcache/Python/3.11.16/x64/lib/python3.11/site-packages/playwright/_impl/_page.py", line 429, in wait_for_selector
    return await self._main_frame.wait_for_selector(**locals_to_params(locals()))
           ^^^^^^^^^^^^^^^^^^^^^^^^^^^^^^^^^^^^^^^^^^^^^^^^^^^^^^^^^^^^^^^^^^^^^^
  File "/opt/hostedtoolcache/Python/3.11.16/x64/lib/python3.11/site-packages/playwright/_impl/_frame.py", line 395, in wait_for_selector
    await self._channel.send(
  File "/opt/hostedtoolcache/Python/3.11.16/x64/lib/python3.11/site-packages/playwright/_impl/_connection.py", line 76, in send
    return await self._connection.wrap_api_call(
           ^^^^^^^^^^^^^^^^^^^^^^^^^^^^^^^^^^^^^
  File "/opt/hostedtoolcache/Python/3.11.16/x64/lib/python3.11/site-packages/playwright/_impl/_connection.py", line 632, in wrap_api_call
    raise rewrite_error(error, f"{parsed_st['apiName']}: {error}") from None
playwright._impl._errors.TimeoutError: Page.wait_for_selector: Timeout 15000ms exceeded.
Call log:
  - waiting for locator("[role=\"radiogroup\"] [role=\"radio\"]") to be visible
[2026-09-30T15:55:10.270630+00:00] === Iniciando Ria Money Transfer (ria.py) ===
[2026-09-30T15:56:01.500812+00:00]   [Ria Money Transfer] Intento 1/3 fallo para corredor US->SV: TimeoutError: Locator.click: Timeout 10000ms exceeded.
[2026-09-30T15:56:01.500864+00:00]   [Ria Money Transfer] Call log:
[2026-09-30T15:56:01.500869+00:00]   [Ria Money Transfer]   - waiting for get_by_role("option", name="Bank").first
[2026-09-30T15:56:01.500873+00:00]   [Ria Money Transfer] . Reintentando en 5s...
[2026-09-30T15:56:01.500877+00:00]   [Ria Money Transfer] Intento 2/3 fallo para corredor US->SV: TimeoutError: Locator.click: Timeout 10000ms exceeded.
[2026-09-30T15:56:01.500881+00:00]   [Ria Money Transfer] Call log:
[2026-09-30T15:56:01.500885+00:00]   [Ria Money Transfer]   - waiting for get_by_role("button", name="Select Destination")
[2026-09-30T15:56:01.500888+00:00]   [Ria Money Transfer] . Reintentando en 10s...
[2026-09-30T15:56:01.500903+00:00] FALLO Ria Money Transfer: codigo de salida 1:     return task.result()
           ^^^^^^^^^^^^^
  File "/opt/hostedtoolcache/Python/3.11.16/x64/lib/python3.11/site-packages/playwright/_impl/_locator.py", line 165, in click
    return await self._frame._click(self._selector, strict=True, **params)
           ^^^^^^^^^^^^^^^^^^^^^^^^^^^^^^^^^^^^^^^^^^^^^^^^^^^^^^^^^^^^^^^
  File "/opt/hostedtoolcache/Python/3.11.16/x64/lib/python3.11/site-packages/playwright/_impl/_frame.py", line 594, in _click
    await self._channel.send("click", self._timeout, locals_to_params(locals()))
  File "/opt/hostedtoolcache/Python/3.11.16/x64/lib/python3.11/site-packages/playwright/_impl/_connection.py", line 76, in send
    return await self._connection.wrap_api_call(
           ^^^^^^^^^^^^^^^^^^^^^^^^^^^^^^^^^^^^^
  File "/opt/hostedtoolcache/Python/3.11.16/x64/lib/python3.11/site-packages/playwright/_impl/_connection.py", line 632, in wrap_api_call
    raise rewrite_error(error, f"{parsed_st['apiName']}: {error}") from None
playwright._impl._errors.TimeoutError: Locator.click: Timeout 10000ms exceeded.
Call log:
  - waiting for get_by_role("button", name="Select Destination")
[2026-09-30T15:56:01.500940+00:00] === Iniciando Xoom (a PayPal service) (xoom.py) ===
[2026-09-30T15:56:25.798674+00:00]   [Xoom (a PayPal service)] US->SV $100: 15 observaciones insertadas. Evidencia: evidence/xoom_us_100_20260930T155605Z.jpg (sha256=498be2f8bb8ba86004bce4e02e934282c8df44a8d4105cff938a390abc4b15dc)
[2026-09-30T15:56:25.798709+00:00]   [Xoom (a PayPal service)] US->SV $200: 15 observaciones insertadas. Evidencia: evidence/xoom_us_200_20260930T155609Z.jpg (sha256=fc27963bd568495d0c73b83621948931765a929f080f1d10e8d59d0e9dc74bdd)
[2026-09-30T15:56:25.798712+00:00]   [Xoom (a PayPal service)] US->SV $500: 15 observaciones insertadas. Evidencia: evidence/xoom_us_500_20260930T155612Z.jpg (sha256=0cb445d70ef14f1fd0b18d35378ed5f6a745a95437861d9f6bf10aca93217dd2)
[2026-09-30T15:56:25.798715+00:00]   [Xoom (a PayPal service)] CA->SV $100: 8 observaciones insertadas. Evidencia: evidence/xoom_ca_100_20260930T155618Z.jpg (sha256=52a4941217794471fd297e5ecb32e33d726d83d035f35b79c01ec6fdab988a7f)
[2026-09-30T15:56:25.798718+00:00]   [Xoom (a PayPal service)] CA->SV $200: 8 observaciones insertadas. Evidencia: evidence/xoom_ca_200_20260930T155621Z.jpg (sha256=ef0542b330b2117772a6c35abde8d6c625af4cfa8b7f45d2740dda27d7742716)
[2026-09-30T15:56:25.798722+00:00]   [Xoom (a PayPal service)] CA->SV $500: 8 observaciones insertadas. Evidencia: evidence/xoom_ca_500_20260930T155625Z.jpg (sha256=15b50d059dd03f6682dcc209716533f1f21f94c29648f217bb0861a8c2ca8c6b)
[2026-09-30T15:56:25.798728+00:00] OK Xoom (a PayPal service): 69 observaciones nuevas
[2026-09-30T15:56:25.798753+00:00] === Iniciando RemitBee (remitbee.py) ===
[2026-09-30T15:56:35.038460+00:00]   [RemitBee] CA->SV $100: 4 observaciones insertadas. Evidencia: evidence/remitbee_ca_100_20260930T155629Z.jpg (sha256=c4682d2d892f00a6c120f12adda395c59013be9525464a2e300042d2b893e9b1)
[2026-09-30T15:56:35.038499+00:00]   [RemitBee] CA->SV $200: 4 observaciones insertadas. Evidencia: evidence/remitbee_ca_200_20260930T155631Z.jpg (sha256=569e47abbe1cf2dacf2cc43c398f9bd584c3ce1a42cc793cac32baebd41c2ce6)
[2026-09-30T15:56:35.038504+00:00]   [RemitBee] CA->SV $500: 4 observaciones insertadas. Evidencia: evidence/remitbee_ca_500_20260930T155634Z.jpg (sha256=c16ed47c15476ae4c1158d178bd0a798ab102793efdc45e8975dc8ea4a35b07e)
[2026-09-30T15:56:35.038512+00:00] OK RemitBee: 12 observaciones nuevas

RECORDATORIO: MoneyGram sigue pendiente de muestreo manual (operators.requires_manual_sampling=1) -- su sitio bloquea automatizacion de forma explicita (ver operators.notes, confirmado 2026-08-01). Este orquestador NO lo corre ni lo intenta: no existe collectors/moneygram.py a proposito.
