[2026-09-12T12:50:10.120697+00:00] === Iniciando Remitly (remitly.py) ===
[2026-09-12T12:50:11.333828+00:00]   [Remitly] US->SV: 9 observaciones insertadas desde https://www.remitly.com/us/en/el-salvador/pricing
[2026-09-12T12:50:11.333860+00:00]   [Remitly]   Evidencia: evidence/remitly_us_20260912T125010Z.html (sha256=2f00d43329f45a538953622d1c0ac5650b94cf592d9a402b90afd09cfc5cd58b)
[2026-09-12T12:50:11.333867+00:00]   [Remitly] CA->SV: 9 observaciones insertadas desde https://www.remitly.com/ca/en/el-salvador/pricing
[2026-09-12T12:50:11.333872+00:00]   [Remitly]   Evidencia: evidence/remitly_ca_20260912T125011Z.html (sha256=a1e90f74bcc00098577e48cfa21a078d3edf007460d95eca33c68f4f104aee95)
[2026-09-12T12:50:11.333879+00:00] OK Remitly: 18 observaciones nuevas
[2026-09-12T12:50:11.333905+00:00] === Iniciando Western Union (western_union.py) ===
[2026-09-12T12:51:49.619862+00:00]   [Western Union] US->SV $100: 5 observaciones insertadas. Evidencia: evidence/western_union_us_100_20260912T125028Z.jpg (sha256=f65063ee399e60e5fb219c608aee97972f7f1d992dcea46898cfe845b8df90f2)
[2026-09-12T12:51:49.619902+00:00]   [Western Union] US->SV $200: 5 observaciones insertadas. Evidencia: evidence/western_union_us_200_20260912T125049Z.jpg (sha256=822efcb000ef123f2d616a8c039d8a3a7031a0840a0b7f60478491effca12765)
[2026-09-12T12:51:49.619913+00:00]   [Western Union] US->SV $500: 5 observaciones insertadas. Evidencia: evidence/western_union_us_500_20260912T125112Z.jpg (sha256=7a8bdf5cff0363ad52667e485738740df2468b961fa77c80b3d91368d37fccb6)
[2026-09-12T12:51:49.619935+00:00] FALLO Western Union: codigo de salida 1:     return task.result()
           ^^^^^^^^^^^^^
  File "/opt/hostedtoolcache/Python/3.11.16/x64/lib/python3.11/site-packages/playwright/_impl/_locator.py", line 748, in wait_for
    await self._frame.wait_for_selector(
  File "/opt/hostedtoolcache/Python/3.11.16/x64/lib/python3.11/site-packages/playwright/_impl/_frame.py", line 394, in wait_for_selector
    await self._channel.send(
  File "/opt/hostedtoolcache/Python/3.11.16/x64/lib/python3.11/site-packages/playwright/_impl/_connection.py", line 76, in send
    return await self._connection.wrap_api_call(
           ^^^^^^^^^^^^^^^^^^^^^^^^^^^^^^^^^^^^^
  File "/opt/hostedtoolcache/Python/3.11.16/x64/lib/python3.11/site-packages/playwright/_impl/_connection.py", line 632, in wrap_api_call
    raise rewrite_error(error, f"{parsed_st['apiName']}: {error}") from None
playwright._impl._errors.TimeoutError: Locator.wait_for: Timeout 15000ms exceeded.
Call log:
  - waiting for locator("[role=\"dialog\"]").last to be visible
    32 × locator resolved to hidden <div role="dialog" tabindex="-1" aria-modal="true" class="modal-overlay" data-modal-element-overlay="" data-modal-close-button-parent="">…</div>
[2026-09-12T12:51:49.619969+00:00] === Iniciando Ria Money Transfer (ria.py) ===
[2026-09-12T12:53:17.842914+00:00]   [Ria Money Transfer] Intento 1/3 fallo para corredor US->SV: TimeoutError: Locator.fill: Timeout 30000ms exceeded.
[2026-09-12T12:53:17.842949+00:00]   [Ria Money Transfer] Call log:
[2026-09-12T12:53:17.842957+00:00]   [Ria Money Transfer]   - waiting for get_by_placeholder("Search currency or country")
[2026-09-12T12:53:17.842963+00:00]   [Ria Money Transfer] . Reintentando en 5s...
[2026-09-12T12:53:17.842969+00:00]   [Ria Money Transfer] Intento 2/3 fallo para corredor US->SV: TimeoutError: Locator.fill: Timeout 30000ms exceeded.
[2026-09-12T12:53:17.842975+00:00]   [Ria Money Transfer] Call log:
[2026-09-12T12:53:17.842980+00:00]   [Ria Money Transfer]   - waiting for get_by_placeholder("Search currency or country")
[2026-09-12T12:53:17.842986+00:00]   [Ria Money Transfer] . Reintentando en 10s...
[2026-09-12T12:53:17.843000+00:00] FALLO Ria Money Transfer: codigo de salida 1:   File "/home/runner/work/remesas-tracker/remesas-tracker/collectors/ria.py", line 371, in <module>
    main()
  File "/home/runner/work/remesas-tracker/remesas-tracker/collectors/ria.py", line 342, in main
    collect_corridor_with_retries(
  File "/home/runner/work/remesas-tracker/remesas-tracker/collectors/ria.py", line 315, in collect_corridor_with_retries
    raise last_exc
  File "/home/runner/work/remesas-tracker/remesas-tracker/collectors/ria.py", line 304, in collect_corridor_with_retries
    return collect_corridor(page, conn, **kwargs)
           ^^^^^^^^^^^^^^^^^^^^^^^^^^^^^^^^^^^^^^
  File "/home/runner/work/remesas-tracker/remesas-tracker/collectors/ria.py", line 229, in collect_corridor
    fee_result = parse_fee(text)
                 ^^^^^^^^^^^^^^^
  File "/home/runner/work/remesas-tracker/remesas-tracker/collectors/ria.py", line 163, in parse_fee
    raise ValueError(f"No se pudo leer 'Fee' en el resumen de Ria: {text!r}")
ValueError: No se pudo leer 'Fee' en el resumen de Ria: 'Quote details\n\nYou send\n\nUSD\n\nThey receive\n\nUSD\n\nEnter an amount between 1-29999.99 USD.\n\nPayment method\nDelivery method\nFee\nTotal to pay\nStart your transfer\nSend via WhatsApp\n\nLearn more about sending money on WhatsApp'
[2026-09-12T12:53:17.843037+00:00] === Iniciando Xoom (a PayPal service) (xoom.py) ===
[2026-09-12T12:53:42.933765+00:00]   [Xoom (a PayPal service)] US->SV $100: 15 observaciones insertadas. Evidencia: evidence/xoom_us_100_20260912T125322Z.jpg (sha256=1d6b67788fbe56afee71348307f9481f19c650399bc5b86c79f31d479a2eb0c0)
[2026-09-12T12:53:42.933802+00:00]   [Xoom (a PayPal service)] US->SV $200: 15 observaciones insertadas. Evidencia: evidence/xoom_us_200_20260912T125325Z.jpg (sha256=4b4da355a97f999a776f38231eace6812f7a8c13d12b6eb3112234f725f9d161)
[2026-09-12T12:53:42.933810+00:00]   [Xoom (a PayPal service)] US->SV $500: 15 observaciones insertadas. Evidencia: evidence/xoom_us_500_20260912T125329Z.jpg (sha256=ca9ea5ab614877e377a9554fbfc1e9b69d83c9f50b23090adb913b855e115301)
[2026-09-12T12:53:42.933816+00:00]   [Xoom (a PayPal service)] CA->SV $100: 8 observaciones insertadas. Evidencia: evidence/xoom_ca_100_20260912T125335Z.jpg (sha256=669f70c0025138084a06ec0823f04adb9aafcc328fac48ca7f08a9e7f8725c2d)
[2026-09-12T12:53:42.933825+00:00]   [Xoom (a PayPal service)] CA->SV $200: 8 observaciones insertadas. Evidencia: evidence/xoom_ca_200_20260912T125338Z.jpg (sha256=ec4b455e77cc2df78ad4e18969c3746a32a1212ca90dbfe490c599d3f87a3878)
[2026-09-12T12:53:42.933831+00:00]   [Xoom (a PayPal service)] CA->SV $500: 8 observaciones insertadas. Evidencia: evidence/xoom_ca_500_20260912T125342Z.jpg (sha256=4372ebd6822c4ba6dc0ffab71c332e6baa79db8542da86f495a925f5aae8d979)
[2026-09-12T12:53:42.933838+00:00] OK Xoom (a PayPal service): 69 observaciones nuevas
[2026-09-12T12:53:42.933870+00:00] === Iniciando RemitBee (remitbee.py) ===
[2026-09-12T12:53:52.402476+00:00]   [RemitBee] CA->SV $100: 4 observaciones insertadas. Evidencia: evidence/remitbee_ca_100_20260912T125346Z.jpg (sha256=d97e5bcf9cd6f02b29d79c096a2bf34cde3d35144c48ba210d3376fd40bd073b)
[2026-09-12T12:53:52.402512+00:00]   [RemitBee] CA->SV $200: 4 observaciones insertadas. Evidencia: evidence/remitbee_ca_200_20260912T125349Z.jpg (sha256=1c7cb7936b176ad3b7e0bc0936d9533d31de12114072867abc7a9557d1c14bec)
[2026-09-12T12:53:52.402521+00:00]   [RemitBee] CA->SV $500: 4 observaciones insertadas. Evidencia: evidence/remitbee_ca_500_20260912T125351Z.jpg (sha256=60e475bf3d2ea89533263077d37f969eeeef1cd24d1bc1b83759bd4853e8c790)
[2026-09-12T12:53:52.402534+00:00] OK RemitBee: 12 observaciones nuevas

RECORDATORIO: MoneyGram sigue pendiente de muestreo manual (operators.requires_manual_sampling=1) -- su sitio bloquea automatizacion de forma explicita (ver operators.notes, confirmado 2026-08-01). Este orquestador NO lo corre ni lo intenta: no existe collectors/moneygram.py a proposito.
