[2026-10-07T16:25:06.230812+00:00] === Iniciando Remitly (remitly.py) ===
[2026-10-07T16:25:07.636195+00:00]   [Remitly] US->SV: 9 observaciones insertadas desde https://www.remitly.com/us/en/el-salvador/pricing
[2026-10-07T16:25:07.636234+00:00]   [Remitly]   Evidencia: evidence/remitly_us_20261007T162507Z.html (sha256=3ebeea1a23f1afb1fd118e63b647254f347b84812085c7bfe9bf7ac49cc03b18)
[2026-10-07T16:25:07.636242+00:00]   [Remitly] CA->SV: 9 observaciones insertadas desde https://www.remitly.com/ca/en/el-salvador/pricing
[2026-10-07T16:25:07.636246+00:00]   [Remitly]   Evidencia: evidence/remitly_ca_20261007T162507Z.html (sha256=2b4765cfa947409a3062965f12f752f9d3a2aef394a0bfc49fe697544beeb8a0)
[2026-10-07T16:25:07.636254+00:00] OK Remitly: 18 observaciones nuevas
[2026-10-07T16:25:07.636283+00:00] === Iniciando Western Union (western_union.py) ===
[2026-10-07T16:26:45.969454+00:00]   [Western Union] US->SV $100: 5 observaciones insertadas. Evidencia: evidence/western_union_us_100_20261007T162525Z.jpg (sha256=015a62e08b1a049e69292fe4452e3049e255b1bc3eaeb42d0fc67838980c7e9a)
[2026-10-07T16:26:45.969496+00:00]   [Western Union] US->SV $200: 5 observaciones insertadas. Evidencia: evidence/western_union_us_200_20261007T162546Z.jpg (sha256=9df069365a5c264ea6b2107a1ea06731b3e61476d4b18255c683e2fd38b317f4)
[2026-10-07T16:26:45.969508+00:00]   [Western Union] US->SV $500: 5 observaciones insertadas. Evidencia: evidence/western_union_us_500_20261007T162607Z.jpg (sha256=e550fa2e90b31d42b6fb4c6e2dd9b060859cc9c17b04b0dbe806e4b98dd9f55f)
[2026-10-07T16:26:45.969531+00:00] FALLO Western Union: codigo de salida 1:     return task.result()
           ^^^^^^^^^^^^^
  File "/opt/hostedtoolcache/Python/3.11.16/x64/lib/python3.11/site-packages/playwright/_impl/_locator.py", line 752, in wait_for
    await self._frame.wait_for_selector(
  File "/opt/hostedtoolcache/Python/3.11.16/x64/lib/python3.11/site-packages/playwright/_impl/_frame.py", line 395, in wait_for_selector
    await self._channel.send(
  File "/opt/hostedtoolcache/Python/3.11.16/x64/lib/python3.11/site-packages/playwright/_impl/_connection.py", line 76, in send
    return await self._connection.wrap_api_call(
           ^^^^^^^^^^^^^^^^^^^^^^^^^^^^^^^^^^^^^
  File "/opt/hostedtoolcache/Python/3.11.16/x64/lib/python3.11/site-packages/playwright/_impl/_connection.py", line 632, in wrap_api_call
    raise rewrite_error(error, f"{parsed_st['apiName']}: {error}") from None
playwright._impl._errors.TimeoutError: Locator.wait_for: Timeout 15000ms exceeded.
Call log:
  - waiting for locator("[role=\"dialog\"]").last to be visible
    33 × locator resolved to hidden <div role="dialog" tabindex="-1" aria-modal="true" class="modal-overlay" data-modal-element-overlay="" data-modal-close-button-parent="">…</div>
[2026-10-07T16:26:45.969568+00:00] === Iniciando Ria Money Transfer (ria.py) ===
[2026-10-07T16:28:15.050707+00:00]   [Ria Money Transfer] US->SV $100 (Bank): 1 observacion insertada. Evidencia: evidence/ria_us_bank_account_100_20261007T162656Z.jpg (sha256=e309f5c29c714142b04f945081bb24515db13877181e7d9729a1358916959e31)
[2026-10-07T16:28:15.050747+00:00]   [Ria Money Transfer] US->SV $100 (Credit card): 1 observacion insertada. Evidencia: evidence/ria_us_credit_card_100_20261007T162659Z.jpg (sha256=8f9bd622523786fa28d348ce3d780f75f82c0d0ee25eaab39766ef34f7e69c68)
[2026-10-07T16:28:15.050755+00:00]   [Ria Money Transfer] US->SV $100 (Debit card): 1 observacion insertada. Evidencia: evidence/ria_us_debit_card_100_20261007T162701Z.jpg (sha256=96a5cf22125c3e08d8b2ea4157d98726e4a431d234f848f43a1ff8b2a237221a)
[2026-10-07T16:28:15.050761+00:00]   [Ria Money Transfer] US->SV $100 (Cash): 1 observacion insertada. Evidencia: evidence/ria_us_cash_100_20261007T162704Z.jpg (sha256=30b26b648058e146766695476e1b075c7d492b8361d92872206b9d37dfe1ae3b)
[2026-10-07T16:28:15.050766+00:00]   [Ria Money Transfer] US->SV $200 (Bank): 1 observacion insertada. Evidencia: evidence/ria_us_bank_account_200_20261007T162708Z.jpg (sha256=f04d4a1041207a18456e0d8894b7b6b13d8e631b6321e5b28d62846d83e6ec41)
[2026-10-07T16:28:15.050772+00:00]   [Ria Money Transfer] US->SV $200 (Credit card): 1 observacion insertada. Evidencia: evidence/ria_us_credit_card_200_20261007T162710Z.jpg (sha256=7ff82b56d2d35e43170d4c8fcd8d241c417c7e5676a7e3b41af382eb05deb24b)
[2026-10-07T16:28:15.050787+00:00]   [Ria Money Transfer] US->SV $200 (Debit card): 1 observacion insertada. Evidencia: evidence/ria_us_debit_card_200_20261007T162713Z.jpg (sha256=a9f74e33cadde8ef4c15e388371631407241d6f3908ba7d0661819a04aad46dc)
[2026-10-07T16:28:15.050792+00:00]   [Ria Money Transfer] US->SV $200 (Cash): 1 observacion insertada. Evidencia: evidence/ria_us_cash_200_20261007T162715Z.jpg (sha256=867cf643484f6b61938aaaf1267bf076f643525b3f29278d9d1a477c189c5a84)
[2026-10-07T16:28:15.050796+00:00]   [Ria Money Transfer] US->SV $500 (Bank): 1 observacion insertada. Evidencia: evidence/ria_us_bank_account_500_20261007T162720Z.jpg (sha256=31b962de2a831e49de41d903ef875c477fbb3dd15ae91bffadcef313c3a258f8)
[2026-10-07T16:28:15.050800+00:00]   [Ria Money Transfer] US->SV $500 (Credit card): 1 observacion insertada. Evidencia: evidence/ria_us_credit_card_500_20261007T162723Z.jpg (sha256=03d56aabd544f902f0fc86b9a0d88d1231d5b41621fd3df85ff7f4d32f46b50c)
[2026-10-07T16:28:15.050804+00:00]   [Ria Money Transfer] US->SV $500 (Debit card): 1 observacion insertada. Evidencia: evidence/ria_us_debit_card_500_20261007T162725Z.jpg (sha256=7bf678c644134a3d6069815dbf1055e524e1d1262e57a1b024a7b5561dc689cf)
[2026-10-07T16:28:15.050808+00:00]   [Ria Money Transfer] US->SV $500 (Cash): fuera de rango valido, se omite (no se inserta fila).
[2026-10-07T16:28:15.050812+00:00]   [Ria Money Transfer] Intento 1/3 fallo para corredor CA->SV: TimeoutError: Locator.click: Timeout 10000ms exceeded.
[2026-10-07T16:28:15.050816+00:00]   [Ria Money Transfer] Call log:
[2026-10-07T16:28:15.050821+00:00]   [Ria Money Transfer]   - waiting for get_by_role("button", name="Select Destination")
[2026-10-07T16:28:15.050825+00:00]   [Ria Money Transfer] . Reintentando en 5s...
[2026-10-07T16:28:15.050829+00:00]   [Ria Money Transfer] Intento 2/3 fallo para corredor CA->SV: TimeoutError: Locator.click: Timeout 10000ms exceeded.
[2026-10-07T16:28:15.050833+00:00]   [Ria Money Transfer] Call log:
[2026-10-07T16:28:15.050837+00:00]   [Ria Money Transfer]   - waiting for get_by_role("button", name="Select Destination")
[2026-10-07T16:28:15.050842+00:00]   [Ria Money Transfer] . Reintentando en 10s...
[2026-10-07T16:28:15.050860+00:00] FALLO Ria Money Transfer: codigo de salida 1:     return task.result()
           ^^^^^^^^^^^^^
  File "/opt/hostedtoolcache/Python/3.11.16/x64/lib/python3.11/site-packages/playwright/_impl/_locator.py", line 165, in click
    return await self._frame._click(self._selector, strict=True, **params)
           ^^^^^^^^^^^^^^^^^^^^^^^^^^^^^^^^^^^^^^^^^^^^^^^^^^^^^^^^^^^^^^^
  File "/opt/hostedtoolcache/Python/3.11.16/x64/lib/python3.11/site-packages/playwright/_impl/_frame.py", line 594, in _click
    await self._channel.send("click", self._timeout, locals_to_params(locals()))
  File "/opt/hostedtoolcache/Python/3.11.16/x64/lib/python3.11/site-packages/playwright/_impl/_connection.py", line 76, in send
    return await self._connection.wrap_api_call(
           ^^^^^^^^^^^^^^^^^^^^^^^^^^^^^^^^^^^^^
  File "/opt/hostedtoolcache/Python/3.11.16/x64/lib/python3.11/site-packages/playwright/_impl/_connection.py", line 632, in wrap_api_call
    raise rewrite_error(error, f"{parsed_st['apiName']}: {error}") from None
playwright._impl._errors.TimeoutError: Locator.click: Timeout 10000ms exceeded.
Call log:
  - waiting for get_by_role("button", name="Select Destination")
[2026-10-07T16:28:15.050890+00:00] === Iniciando Xoom (a PayPal service) (xoom.py) ===
[2026-10-07T16:28:40.730613+00:00]   [Xoom (a PayPal service)] US->SV $100: 15 observaciones insertadas. Evidencia: evidence/xoom_us_100_20261007T162820Z.jpg (sha256=54df752ae438aece307006ba172205e6004491bba8b704384ad2adacb29b3ac5)
[2026-10-07T16:28:40.730657+00:00]   [Xoom (a PayPal service)] US->SV $200: 15 observaciones insertadas. Evidencia: evidence/xoom_us_200_20261007T162823Z.jpg (sha256=9fff0ba9f5a2b517406e5a19424cca526ff4dd0df66949882482f282b3641c14)
[2026-10-07T16:28:40.730702+00:00]   [Xoom (a PayPal service)] US->SV $500: 15 observaciones insertadas. Evidencia: evidence/xoom_us_500_20261007T162826Z.jpg (sha256=e9f372342ab46164a61873edf4d4122f36d49a21fce875c45dac6a66817e6a70)
[2026-10-07T16:28:40.730713+00:00]   [Xoom (a PayPal service)] CA->SV $100: 8 observaciones insertadas. Evidencia: evidence/xoom_ca_100_20261007T162833Z.jpg (sha256=b6812989a4a15d973807011f7f1fcc5c6ed36642d98bf8fa944c8d5a5b2b760e)
[2026-10-07T16:28:40.730722+00:00]   [Xoom (a PayPal service)] CA->SV $200: 8 observaciones insertadas. Evidencia: evidence/xoom_ca_200_20261007T162836Z.jpg (sha256=a86d471b6d7bce83c9696b0a8fb038b006d36e53f3916b8913fad5cafb283c3b)
[2026-10-07T16:28:40.730730+00:00]   [Xoom (a PayPal service)] CA->SV $500: 8 observaciones insertadas. Evidencia: evidence/xoom_ca_500_20261007T162839Z.jpg (sha256=a7728743db05f0cd9a57ff254932ee8d991f9e3dbee26f4c2717fdadf252d242)
[2026-10-07T16:28:40.730746+00:00] OK Xoom (a PayPal service): 69 observaciones nuevas
[2026-10-07T16:28:40.730786+00:00] === Iniciando RemitBee (remitbee.py) ===
[2026-10-07T16:28:52.388562+00:00]   [RemitBee] CA->SV $100: 4 observaciones insertadas. Evidencia: evidence/remitbee_ca_100_20261007T162844Z.jpg (sha256=2c55153a9e6d73cbaccecf39f07ed1ac22d8235d704b6f1ad1ae27b8ff5b09cf)
[2026-10-07T16:28:52.388600+00:00]   [RemitBee] CA->SV $200: 4 observaciones insertadas. Evidencia: evidence/remitbee_ca_200_20261007T162848Z.jpg (sha256=4566c591da5be291b7e7e8301aba5909d1e57e871233662359b0c3288b559a5e)
[2026-10-07T16:28:52.388608+00:00]   [RemitBee] CA->SV $500: 4 observaciones insertadas. Evidencia: evidence/remitbee_ca_500_20261007T162851Z.jpg (sha256=6380fc53495d67fd64832f4c904d166103b5d78c97ee79dc610149d08f4b6fb6)
[2026-10-07T16:28:52.388620+00:00] OK RemitBee: 12 observaciones nuevas

RECORDATORIO: MoneyGram sigue pendiente de muestreo manual (operators.requires_manual_sampling=1) -- su sitio bloquea automatizacion de forma explicita (ver operators.notes, confirmado 2026-08-01). Este orquestador NO lo corre ni lo intenta: no existe collectors/moneygram.py a proposito.
