[2026-08-17T09:55:10.690091+00:00] === Iniciando Remitly (remitly.py) ===
[2026-08-17T09:55:13.521229+00:00]   [Remitly] US->SV: 9 observaciones insertadas desde https://www.remitly.com/us/en/el-salvador/pricing
[2026-08-17T09:55:13.521266+00:00]   [Remitly]   Evidencia: evidence/remitly_us_20260817T095512Z.html (sha256=d7a56e7658250d329cfc6be3d0453b1fee9b07af64832b6e3b726344384a292b)
[2026-08-17T09:55:13.521271+00:00]   [Remitly] CA->SV: 9 observaciones insertadas desde https://www.remitly.com/ca/en/el-salvador/pricing
[2026-08-17T09:55:13.521274+00:00]   [Remitly]   Evidencia: evidence/remitly_ca_20260817T095513Z.html (sha256=38982ea464db990e2f18591da02472163abfddea4b51ced1f84021857f154496)
[2026-08-17T09:55:13.521280+00:00] OK Remitly: 18 observaciones nuevas
[2026-08-17T09:55:13.521307+00:00] === Iniciando Western Union (western_union.py) ===
[2026-08-17T09:56:41.690698+00:00]   [Western Union] US->SV $100: 5 observaciones insertadas. Evidencia: evidence/western_union_us_100_20260817T095530Z.jpg (sha256=f65063ee399e60e5fb219c608aee97972f7f1d992dcea46898cfe845b8df90f2)
[2026-08-17T09:56:41.690733+00:00]   [Western Union] US->SV $200: 5 observaciones insertadas. Evidencia: evidence/western_union_us_200_20260817T095549Z.jpg (sha256=822efcb000ef123f2d616a8c039d8a3a7031a0840a0b7f60478491effca12765)
[2026-08-17T09:56:41.690740+00:00]   [Western Union] US->SV $500: 5 observaciones insertadas. Evidencia: evidence/western_union_us_500_20260817T095606Z.jpg (sha256=7a8bdf5cff0363ad52667e485738740df2468b961fa77c80b3d91368d37fccb6)
[2026-08-17T09:56:41.690759+00:00] FALLO Western Union: codigo de salida 1:     return task.result()
           ^^^^^^^^^^^^^
  File "/opt/hostedtoolcache/Python/3.11.15/x64/lib/python3.11/site-packages/playwright/_impl/_locator.py", line 748, in wait_for
    await self._frame.wait_for_selector(
  File "/opt/hostedtoolcache/Python/3.11.15/x64/lib/python3.11/site-packages/playwright/_impl/_frame.py", line 394, in wait_for_selector
    await self._channel.send(
  File "/opt/hostedtoolcache/Python/3.11.15/x64/lib/python3.11/site-packages/playwright/_impl/_connection.py", line 76, in send
    return await self._connection.wrap_api_call(
           ^^^^^^^^^^^^^^^^^^^^^^^^^^^^^^^^^^^^^
  File "/opt/hostedtoolcache/Python/3.11.15/x64/lib/python3.11/site-packages/playwright/_impl/_connection.py", line 632, in wrap_api_call
    raise rewrite_error(error, f"{parsed_st['apiName']}: {error}") from None
playwright._impl._errors.TimeoutError: Locator.wait_for: Timeout 15000ms exceeded.
Call log:
  - waiting for locator("[role=\"dialog\"]").last to be visible
    33 × locator resolved to hidden <div role="dialog" tabindex="-1" aria-modal="true" class="modal-overlay" data-modal-element-overlay="" data-modal-close-button-parent="">…</div>
[2026-08-17T09:56:41.690821+00:00] === Iniciando Ria Money Transfer (ria.py) ===
[2026-08-17T09:57:42.166678+00:00]   [Ria Money Transfer] Intento 1/3 fallo para corredor US->SV: TimeoutError: Locator.click: Timeout 10000ms exceeded.
[2026-08-17T09:57:42.166715+00:00]   [Ria Money Transfer] Call log:
[2026-08-17T09:57:42.166720+00:00]   [Ria Money Transfer]   - waiting for get_by_role("option", name="Bank").first
[2026-08-17T09:57:42.166724+00:00]   [Ria Money Transfer] . Reintentando en 5s...
[2026-08-17T09:57:42.166727+00:00]   [Ria Money Transfer] Intento 2/3 fallo para corredor US->SV: TimeoutError: Locator.click: Timeout 10000ms exceeded.
[2026-08-17T09:57:42.166731+00:00]   [Ria Money Transfer] Call log:
[2026-08-17T09:57:42.166735+00:00]   [Ria Money Transfer]   - waiting for get_by_role("option", name="Bank").first
[2026-08-17T09:57:42.166738+00:00]   [Ria Money Transfer] . Reintentando en 10s...
[2026-08-17T09:57:42.166754+00:00] FALLO Ria Money Transfer: codigo de salida 1:     return task.result()
           ^^^^^^^^^^^^^
  File "/opt/hostedtoolcache/Python/3.11.15/x64/lib/python3.11/site-packages/playwright/_impl/_locator.py", line 165, in click
    return await self._frame._click(self._selector, strict=True, **params)
           ^^^^^^^^^^^^^^^^^^^^^^^^^^^^^^^^^^^^^^^^^^^^^^^^^^^^^^^^^^^^^^^
  File "/opt/hostedtoolcache/Python/3.11.15/x64/lib/python3.11/site-packages/playwright/_impl/_frame.py", line 593, in _click
    await self._channel.send("click", self._timeout, locals_to_params(locals()))
  File "/opt/hostedtoolcache/Python/3.11.15/x64/lib/python3.11/site-packages/playwright/_impl/_connection.py", line 76, in send
    return await self._connection.wrap_api_call(
           ^^^^^^^^^^^^^^^^^^^^^^^^^^^^^^^^^^^^^
  File "/opt/hostedtoolcache/Python/3.11.15/x64/lib/python3.11/site-packages/playwright/_impl/_connection.py", line 632, in wrap_api_call
    raise rewrite_error(error, f"{parsed_st['apiName']}: {error}") from None
playwright._impl._errors.TimeoutError: Locator.click: Timeout 10000ms exceeded.
Call log:
  - waiting for get_by_role("option", name="Bank").first
[2026-08-17T09:57:42.166817+00:00] === Iniciando Xoom (a PayPal service) (xoom.py) ===
[2026-08-17T09:58:08.645800+00:00]   [Xoom (a PayPal service)] US->SV $100: 15 observaciones insertadas. Evidencia: evidence/xoom_us_100_20260817T095747Z.jpg (sha256=a8f55a7f8b00c4cea65d09ee582ce264974a51405297c0a0aba6e0e9c92fa5da)
[2026-08-17T09:58:08.645833+00:00]   [Xoom (a PayPal service)] US->SV $200: 15 observaciones insertadas. Evidencia: evidence/xoom_us_200_20260817T095750Z.jpg (sha256=44cfdc9a6ae7dddc730975ab49077f78a75627b8c2b98abd8f4082f4a245ac87)
[2026-08-17T09:58:08.645837+00:00]   [Xoom (a PayPal service)] US->SV $500: 15 observaciones insertadas. Evidencia: evidence/xoom_us_500_20260817T095754Z.jpg (sha256=16d7db564bd04a6b7b00ffb9123116d782a79b7e037ec39c97b4052c28fb4d95)
[2026-08-17T09:58:08.645840+00:00]   [Xoom (a PayPal service)] CA->SV $100: 8 observaciones insertadas. Evidencia: evidence/xoom_ca_100_20260817T095800Z.jpg (sha256=d44dfdb042d9d0ce8a86a586cf8bff7a7290a7ccebbf47a9d95a1cee912f9c29)
[2026-08-17T09:58:08.645845+00:00]   [Xoom (a PayPal service)] CA->SV $200: 8 observaciones insertadas. Evidencia: evidence/xoom_ca_200_20260817T095804Z.jpg (sha256=a59afb32489fbf64e3494eb78976f51580e1eb2d5523b758c46c7d62199acbcf)
[2026-08-17T09:58:08.645849+00:00]   [Xoom (a PayPal service)] CA->SV $500: 8 observaciones insertadas. Evidencia: evidence/xoom_ca_500_20260817T095807Z.jpg (sha256=751b570b4bca26b7f425aaed43341bc3afafaf99d3601e13a27ab50ce33b4b6e)
[2026-08-17T09:58:08.645853+00:00] OK Xoom (a PayPal service): 69 observaciones nuevas
[2026-08-17T09:58:08.645881+00:00] === Iniciando RemitBee (remitbee.py) ===
[2026-08-17T09:58:20.071581+00:00]   [RemitBee] CA->SV $100: 4 observaciones insertadas. Evidencia: evidence/remitbee_ca_100_20260817T095813Z.jpg (sha256=39565b9aaea83163c960b0523e57a440ec93df968af7711fb4a25bc699279e4a)
[2026-08-17T09:58:20.071616+00:00]   [RemitBee] CA->SV $200: 4 observaciones insertadas. Evidencia: evidence/remitbee_ca_200_20260817T095816Z.jpg (sha256=62487d957f8bfbf3456d972ab6ef7834c6855c8d831ae4ef42e9aeef01d25827)
[2026-08-17T09:58:20.071620+00:00]   [RemitBee] CA->SV $500: 4 observaciones insertadas. Evidencia: evidence/remitbee_ca_500_20260817T095819Z.jpg (sha256=50a012415d1e8e80d3d5e00102f35594005fd9736525608b3e21a3bd4cd204dd)
[2026-08-17T09:58:20.071630+00:00] OK RemitBee: 12 observaciones nuevas

RECORDATORIO: MoneyGram sigue pendiente de muestreo manual (operators.requires_manual_sampling=1) -- su sitio bloquea automatizacion de forma explicita (ver operators.notes, confirmado 2026-08-01). Este orquestador NO lo corre ni lo intenta: no existe collectors/moneygram.py a proposito.
