[2026-09-22T14:01:33.228812+00:00] === Iniciando Remitly (remitly.py) ===
[2026-09-22T14:01:34.637092+00:00]   [Remitly] US->SV: 9 observaciones insertadas desde https://www.remitly.com/us/en/el-salvador/pricing
[2026-09-22T14:01:34.637128+00:00]   [Remitly]   Evidencia: evidence/remitly_us_20260922T140134Z.html (sha256=686d94f9226c3b63f2bdac770b11b5d09a904e9b7986720427061e8d9d7861b6)
[2026-09-22T14:01:34.637136+00:00]   [Remitly] CA->SV: 9 observaciones insertadas desde https://www.remitly.com/ca/en/el-salvador/pricing
[2026-09-22T14:01:34.637141+00:00]   [Remitly]   Evidencia: evidence/remitly_ca_20260922T140134Z.html (sha256=464d32d78f8a138e4219bea67cbd73ccb2ace8952678b478e7c47d38e0635516)
[2026-09-22T14:01:34.637182+00:00] OK Remitly: 18 observaciones nuevas
[2026-09-22T14:01:34.637219+00:00] === Iniciando Western Union (western_union.py) ===
[2026-09-22T14:03:12.005855+00:00]   [Western Union] US->SV $100: 5 observaciones insertadas. Evidencia: evidence/western_union_us_100_20260922T140151Z.jpg (sha256=015a62e08b1a049e69292fe4452e3049e255b1bc3eaeb42d0fc67838980c7e9a)
[2026-09-22T14:03:12.005900+00:00]   [Western Union] US->SV $200: 5 observaciones insertadas. Evidencia: evidence/western_union_us_200_20260922T140211Z.jpg (sha256=9df069365a5c264ea6b2107a1ea06731b3e61476d4b18255c683e2fd38b317f4)
[2026-09-22T14:03:12.005912+00:00]   [Western Union] US->SV $500: 5 observaciones insertadas. Evidencia: evidence/western_union_us_500_20260922T140232Z.jpg (sha256=e550fa2e90b31d42b6fb4c6e2dd9b060859cc9c17b04b0dbe806e4b98dd9f55f)
[2026-09-22T14:03:12.005938+00:00] FALLO Western Union: codigo de salida 1:     return task.result()
           ^^^^^^^^^^^^^
  File "/opt/hostedtoolcache/Python/3.11.16/x64/lib/python3.11/site-packages/playwright/_impl/_locator.py", line 752, in wait_for
    await self._frame.wait_for_selector(
  File "/opt/hostedtoolcache/Python/3.11.16/x64/lib/python3.11/site-packages/playwright/_impl/_frame.py", line 395, in wait_for_selector
    await self._channel.send(
  File "/opt/hostedtoolcache/Python/3.11.16/x64/lib/python3.11/site-packages/playwright/_impl/_connection.py", line 76, in send
    return await self._connection.wrap_api_call(
           ^^^^^^^^^^^^^^^^^^^^^^^^^^^^^^^^^^^^^
  File "/opt/hostedtoolcache/Python/3.11.16/x64/lib/python3.11/site-packages/playwright/_impl/_connection.py", line 632, in wrap_api_call
    raise rewrite_error(error, f"{parsed_st['apiName']}: {error}") from None
playwright._impl._errors.TimeoutError: Locator.wait_for: Timeout 15000ms exceeded.
Call log:
  - waiting for locator("[role=\"dialog\"]").last to be visible
    33 × locator resolved to hidden <div role="dialog" tabindex="-1" aria-modal="true" class="modal-overlay" data-modal-element-overlay="" data-modal-close-button-parent="">…</div>
[2026-09-22T14:03:12.005975+00:00] === Iniciando Ria Money Transfer (ria.py) ===
[2026-09-22T14:04:39.864898+00:00]   [Ria Money Transfer] US->SV $100 (Bank): 1 observacion insertada. Evidencia: evidence/ria_us_bank_account_100_20260922T140321Z.jpg (sha256=c10e1a8db862afd5f2fef64ef099b7f0cd657b44a89a78635b6b7af7ce91062a)
[2026-09-22T14:04:39.864947+00:00]   [Ria Money Transfer] US->SV $100 (Credit card): 1 observacion insertada. Evidencia: evidence/ria_us_credit_card_100_20260922T140324Z.jpg (sha256=34520d3a99c448dbc8d9097f07a8fa6a5a7e2880574998f0c1b89ac2022aacfa)
[2026-09-22T14:04:39.864955+00:00]   [Ria Money Transfer] US->SV $100 (Debit card): 1 observacion insertada. Evidencia: evidence/ria_us_debit_card_100_20260922T140327Z.jpg (sha256=7674fdfb4c13e0a508e7bd1ac3581898648ed45a9baf069f11f3360a16baef82)
[2026-09-22T14:04:39.864961+00:00]   [Ria Money Transfer] US->SV $100 (Cash): 1 observacion insertada. Evidencia: evidence/ria_us_cash_100_20260922T140329Z.jpg (sha256=8cb839957aea4356739a6bc94127b7d5b4cf7de3ade941c2beb7439fd59ca154)
[2026-09-22T14:04:39.864967+00:00]   [Ria Money Transfer] US->SV $200 (Bank): 1 observacion insertada. Evidencia: evidence/ria_us_bank_account_200_20260922T140333Z.jpg (sha256=0e758fc1feaea53caf8989368c6a27ea379006077a37b9b6b0ad28ba48dd7afb)
[2026-09-22T14:04:39.864974+00:00]   [Ria Money Transfer] US->SV $200 (Credit card): 1 observacion insertada. Evidencia: evidence/ria_us_credit_card_200_20260922T140335Z.jpg (sha256=70b37fd26caa52082cabe95e7aeae915bca79e4d84ec14d69a0839c4622226ff)
[2026-09-22T14:04:39.864990+00:00]   [Ria Money Transfer] US->SV $200 (Debit card): 1 observacion insertada. Evidencia: evidence/ria_us_debit_card_200_20260922T140338Z.jpg (sha256=a6079f810c6e0228b311395877a34bbf8f2645b90d7c42d5d72d416d4c2a4fbe)
[2026-09-22T14:04:39.864996+00:00]   [Ria Money Transfer] US->SV $200 (Cash): 1 observacion insertada. Evidencia: evidence/ria_us_cash_200_20260922T140340Z.jpg (sha256=3e3da11ade2d11bebb4b7926a6ed20f2fef762316a46ea56a5bd3a1fe51c71bf)
[2026-09-22T14:04:39.865000+00:00]   [Ria Money Transfer] US->SV $500 (Bank): 1 observacion insertada. Evidencia: evidence/ria_us_bank_account_500_20260922T140345Z.jpg (sha256=d41e2240d14a02b26c15fbe0a63a144a994a39ac20e692b09eb42018b6dc7fea)
[2026-09-22T14:04:39.865005+00:00]   [Ria Money Transfer] US->SV $500 (Credit card): 1 observacion insertada. Evidencia: evidence/ria_us_credit_card_500_20260922T140347Z.jpg (sha256=72cd186b94475cfa90559db73d02e659db264a901b03718017087ffda8a2d350)
[2026-09-22T14:04:39.865009+00:00]   [Ria Money Transfer] US->SV $500 (Debit card): 1 observacion insertada. Evidencia: evidence/ria_us_debit_card_500_20260922T140350Z.jpg (sha256=bd95419d2308f34b24042c727df904a8f198dad1b77bba7d6cc758a96f4f908b)
[2026-09-22T14:04:39.865014+00:00]   [Ria Money Transfer] US->SV $500 (Cash): fuera de rango valido, se omite (no se inserta fila).
[2026-09-22T14:04:39.865019+00:00]   [Ria Money Transfer] Intento 1/3 fallo para corredor CA->SV: TimeoutError: Locator.click: Timeout 10000ms exceeded.
[2026-09-22T14:04:39.865024+00:00]   [Ria Money Transfer] Call log:
[2026-09-22T14:04:39.865028+00:00]   [Ria Money Transfer]   - waiting for get_by_role("button", name="Select Destination")
[2026-09-22T14:04:39.865033+00:00]   [Ria Money Transfer] . Reintentando en 5s...
[2026-09-22T14:04:39.865037+00:00]   [Ria Money Transfer] Intento 2/3 fallo para corredor CA->SV: TimeoutError: Locator.click: Timeout 10000ms exceeded.
[2026-09-22T14:04:39.865042+00:00]   [Ria Money Transfer] Call log:
[2026-09-22T14:04:39.865046+00:00]   [Ria Money Transfer]   - waiting for get_by_role("button", name="Select Destination")
[2026-09-22T14:04:39.865050+00:00]   [Ria Money Transfer] . Reintentando en 10s...
[2026-09-22T14:04:39.865069+00:00] FALLO Ria Money Transfer: codigo de salida 1:     return task.result()
           ^^^^^^^^^^^^^
  File "/opt/hostedtoolcache/Python/3.11.16/x64/lib/python3.11/site-packages/playwright/_impl/_locator.py", line 165, in click
    return await self._frame._click(self._selector, strict=True, **params)
           ^^^^^^^^^^^^^^^^^^^^^^^^^^^^^^^^^^^^^^^^^^^^^^^^^^^^^^^^^^^^^^^
  File "/opt/hostedtoolcache/Python/3.11.16/x64/lib/python3.11/site-packages/playwright/_impl/_frame.py", line 594, in _click
    await self._channel.send("click", self._timeout, locals_to_params(locals()))
  File "/opt/hostedtoolcache/Python/3.11.16/x64/lib/python3.11/site-packages/playwright/_impl/_connection.py", line 76, in send
    return await self._connection.wrap_api_call(
           ^^^^^^^^^^^^^^^^^^^^^^^^^^^^^^^^^^^^^
  File "/opt/hostedtoolcache/Python/3.11.16/x64/lib/python3.11/site-packages/playwright/_impl/_connection.py", line 632, in wrap_api_call
    raise rewrite_error(error, f"{parsed_st['apiName']}: {error}") from None
playwright._impl._errors.TimeoutError: Locator.click: Timeout 10000ms exceeded.
Call log:
  - waiting for get_by_role("button", name="Select Destination")
[2026-09-22T14:04:39.865098+00:00] === Iniciando Xoom (a PayPal service) (xoom.py) ===
[2026-09-22T14:05:04.730334+00:00]   [Xoom (a PayPal service)] US->SV $100: 15 observaciones insertadas. Evidencia: evidence/xoom_us_100_20260922T140444Z.jpg (sha256=d3de3d8b67fd3819dc44b60b6580d19847b31be3e1e153c35d739cbefe6707d0)
[2026-09-22T14:05:04.730378+00:00]   [Xoom (a PayPal service)] US->SV $200: 15 observaciones insertadas. Evidencia: evidence/xoom_us_200_20260922T140447Z.jpg (sha256=6ad23f7d1dc08eb7bda1bbb51b59df062ecafa5efca2bc49f8f927a765be5abc)
[2026-09-22T14:05:04.730410+00:00]   [Xoom (a PayPal service)] US->SV $500: 15 observaciones insertadas. Evidencia: evidence/xoom_us_500_20260922T140451Z.jpg (sha256=7d78b1d529c4a5526dc35ee49dbc61ee80bc74668ea7c87458b2d957001abd8b)
[2026-09-22T14:05:04.730416+00:00]   [Xoom (a PayPal service)] CA->SV $100: 8 observaciones insertadas. Evidencia: evidence/xoom_ca_100_20260922T140457Z.jpg (sha256=669f70c0025138084a06ec0823f04adb9aafcc328fac48ca7f08a9e7f8725c2d)
[2026-09-22T14:05:04.730420+00:00]   [Xoom (a PayPal service)] CA->SV $200: 8 observaciones insertadas. Evidencia: evidence/xoom_ca_200_20260922T140500Z.jpg (sha256=bd3cb00887b33cff94054aeb21fca9bf857147ee99bd1f1524d14d7903171473)
[2026-09-22T14:05:04.730425+00:00]   [Xoom (a PayPal service)] CA->SV $500: 8 observaciones insertadas. Evidencia: evidence/xoom_ca_500_20260922T140503Z.jpg (sha256=4372ebd6822c4ba6dc0ffab71c332e6baa79db8542da86f495a925f5aae8d979)
[2026-09-22T14:05:04.730432+00:00] OK Xoom (a PayPal service): 69 observaciones nuevas
[2026-09-22T14:05:04.730474+00:00] === Iniciando RemitBee (remitbee.py) ===
[2026-09-22T14:05:16.736379+00:00]   [RemitBee] CA->SV $100: 4 observaciones insertadas. Evidencia: evidence/remitbee_ca_100_20260922T140510Z.jpg (sha256=3a753f0d00cd81ae9d1f3e9c4f6e93fc5feeda2b50951243206b7562288a4474)
[2026-09-22T14:05:16.736423+00:00]   [RemitBee] CA->SV $200: 4 observaciones insertadas. Evidencia: evidence/remitbee_ca_200_20260922T140513Z.jpg (sha256=9c28fd05348577cd9b193859660341621c1f4ae823542baf3fd3a5292a98bcd5)
[2026-09-22T14:05:16.736432+00:00]   [RemitBee] CA->SV $500: 4 observaciones insertadas. Evidencia: evidence/remitbee_ca_500_20260922T140516Z.jpg (sha256=5c49769aa0cc9340672f039d1cae18695f747d76631fa1970e040f6824b1922b)
[2026-09-22T14:05:16.736445+00:00] OK RemitBee: 12 observaciones nuevas

RECORDATORIO: MoneyGram sigue pendiente de muestreo manual (operators.requires_manual_sampling=1) -- su sitio bloquea automatizacion de forma explicita (ver operators.notes, confirmado 2026-08-01). Este orquestador NO lo corre ni lo intenta: no existe collectors/moneygram.py a proposito.
