[2026-09-26T13:44:14.637966+00:00] === Iniciando Remitly (remitly.py) ===
[2026-09-26T13:44:16.239442+00:00]   [Remitly] US->SV: 9 observaciones insertadas desde https://www.remitly.com/us/en/el-salvador/pricing
[2026-09-26T13:44:16.239473+00:00]   [Remitly]   Evidencia: evidence/remitly_us_20260926T134415Z.html (sha256=33a6bd780eade4c348ba8ef7b2948f2a712fb5d83ad75804ccf8b36e1015e534)
[2026-09-26T13:44:16.239477+00:00]   [Remitly] CA->SV: 9 observaciones insertadas desde https://www.remitly.com/ca/en/el-salvador/pricing
[2026-09-26T13:44:16.239480+00:00]   [Remitly]   Evidencia: evidence/remitly_ca_20260926T134416Z.html (sha256=9a3b31403a7ab6a6ec3b44f6a6435f2f65e12565de568e8eba7aef840ce07568)
[2026-09-26T13:44:16.239485+00:00] OK Remitly: 18 observaciones nuevas
[2026-09-26T13:44:16.239510+00:00] === Iniciando Western Union (western_union.py) ===
[2026-09-26T13:45:30.794380+00:00]   [Western Union] US->SV $100: 5 observaciones insertadas. Evidencia: evidence/western_union_us_100_20260926T134428Z.jpg (sha256=dbdd60006f39d53f24dc1c7a511b1d012ce592f872a1911225692003a47eb0d7)
[2026-09-26T13:45:30.794419+00:00]   [Western Union] US->SV $200: 5 observaciones insertadas. Evidencia: evidence/western_union_us_200_20260926T134443Z.jpg (sha256=9df069365a5c264ea6b2107a1ea06731b3e61476d4b18255c683e2fd38b317f4)
[2026-09-26T13:45:30.794428+00:00]   [Western Union] US->SV $500: 5 observaciones insertadas. Evidencia: evidence/western_union_us_500_20260926T134459Z.jpg (sha256=e550fa2e90b31d42b6fb4c6e2dd9b060859cc9c17b04b0dbe806e4b98dd9f55f)
[2026-09-26T13:45:30.794445+00:00] FALLO Western Union: codigo de salida 1:     return task.result()
           ^^^^^^^^^^^^^
  File "/opt/hostedtoolcache/Python/3.11.16/x64/lib/python3.11/site-packages/playwright/_impl/_locator.py", line 752, in wait_for
    await self._frame.wait_for_selector(
  File "/opt/hostedtoolcache/Python/3.11.16/x64/lib/python3.11/site-packages/playwright/_impl/_frame.py", line 395, in wait_for_selector
    await self._channel.send(
  File "/opt/hostedtoolcache/Python/3.11.16/x64/lib/python3.11/site-packages/playwright/_impl/_connection.py", line 76, in send
    return await self._connection.wrap_api_call(
           ^^^^^^^^^^^^^^^^^^^^^^^^^^^^^^^^^^^^^
  File "/opt/hostedtoolcache/Python/3.11.16/x64/lib/python3.11/site-packages/playwright/_impl/_connection.py", line 632, in wrap_api_call
    raise rewrite_error(error, f"{parsed_st['apiName']}: {error}") from None
playwright._impl._errors.TimeoutError: Locator.wait_for: Timeout 15000ms exceeded.
Call log:
  - waiting for locator("[role=\"dialog\"]").last to be visible
    33 × locator resolved to hidden <div role="dialog" tabindex="-1" aria-modal="true" class="modal-overlay" data-modal-element-overlay="" data-modal-close-button-parent="">…</div>
[2026-09-26T13:45:30.794475+00:00] === Iniciando Ria Money Transfer (ria.py) ===
[2026-09-26T13:46:53.219283+00:00]   [Ria Money Transfer] US->SV $100 (Bank): 1 observacion insertada. Evidencia: evidence/ria_us_bank_account_100_20260926T134539Z.jpg (sha256=eea7708f0369c2bd8adb49238c8e589539cda783407d6c8052f6bab6f419fcbd)
[2026-09-26T13:46:53.219317+00:00]   [Ria Money Transfer] US->SV $100 (Credit card): 1 observacion insertada. Evidencia: evidence/ria_us_credit_card_100_20260926T134541Z.jpg (sha256=9008508a755bf731441b2a9ea476e116104d593772dd2a5c9b3441ffd7c6e58d)
[2026-09-26T13:46:53.219322+00:00]   [Ria Money Transfer] US->SV $100 (Debit card): 1 observacion insertada. Evidencia: evidence/ria_us_debit_card_100_20260926T134543Z.jpg (sha256=69a6611b7950e2e766dc6642ec84d24e0b8729d1562b594d0301ceb5c857d1bb)
[2026-09-26T13:46:53.219326+00:00]   [Ria Money Transfer] US->SV $100 (Cash): 1 observacion insertada. Evidencia: evidence/ria_us_cash_100_20260926T134546Z.jpg (sha256=09db198cbdfc021aee433b044f05e034bdf8a5b6bcedc492d38a3f4e3be82d40)
[2026-09-26T13:46:53.219329+00:00]   [Ria Money Transfer] US->SV $200 (Bank): 1 observacion insertada. Evidencia: evidence/ria_us_bank_account_200_20260926T134549Z.jpg (sha256=75386b61786ab1ede0726af4b3c3c0380177b7c53b677bf9d1b632fac3bee29f)
[2026-09-26T13:46:53.219333+00:00]   [Ria Money Transfer] US->SV $200 (Credit card): 1 observacion insertada. Evidencia: evidence/ria_us_credit_card_200_20260926T134551Z.jpg (sha256=18fa9d883246c290537f842e0fb3e174ce38662e85b6342a1bd295ffc6e80517)
[2026-09-26T13:46:53.219345+00:00]   [Ria Money Transfer] US->SV $200 (Debit card): 1 observacion insertada. Evidencia: evidence/ria_us_debit_card_200_20260926T134554Z.jpg (sha256=3cc428121e6487e0048774d13e80c8bc12d31f6ed35074241c4e19cf46e76ab9)
[2026-09-26T13:46:53.219347+00:00]   [Ria Money Transfer] US->SV $200 (Cash): 1 observacion insertada. Evidencia: evidence/ria_us_cash_200_20260926T134556Z.jpg (sha256=dd822ab83fd42339820f55ab954f50677dd7b40ce216c54330c2727583758210)
[2026-09-26T13:46:53.219350+00:00]   [Ria Money Transfer] US->SV $500 (Bank): 1 observacion insertada. Evidencia: evidence/ria_us_bank_account_500_20260926T134559Z.jpg (sha256=ee3d0337494d5e18b04dc9ac1cf9c97e5904fa5aa2cdc44cf087e86befe20c20)
[2026-09-26T13:46:53.219353+00:00]   [Ria Money Transfer] US->SV $500 (Credit card): 1 observacion insertada. Evidencia: evidence/ria_us_credit_card_500_20260926T134601Z.jpg (sha256=77086e891305d4a21aa55d54c23d516373f1a2cd6fe3eda1660d7461f02b07d4)
[2026-09-26T13:46:53.219355+00:00]   [Ria Money Transfer] US->SV $500 (Debit card): 1 observacion insertada. Evidencia: evidence/ria_us_debit_card_500_20260926T134604Z.jpg (sha256=71e4d32db2af629f4c21cf175b776e426d135d971437aae3d5cb441c14018069)
[2026-09-26T13:46:53.219358+00:00]   [Ria Money Transfer] US->SV $500 (Cash): fuera de rango valido, se omite (no se inserta fila).
[2026-09-26T13:46:53.219360+00:00]   [Ria Money Transfer] Intento 1/3 fallo para corredor CA->SV: TimeoutError: Locator.click: Timeout 10000ms exceeded.
[2026-09-26T13:46:53.219363+00:00]   [Ria Money Transfer] Call log:
[2026-09-26T13:46:53.219366+00:00]   [Ria Money Transfer]   - waiting for get_by_role("button", name="Select Destination")
[2026-09-26T13:46:53.219369+00:00]   [Ria Money Transfer] . Reintentando en 5s...
[2026-09-26T13:46:53.219372+00:00]   [Ria Money Transfer] Intento 2/3 fallo para corredor CA->SV: TimeoutError: Locator.click: Timeout 10000ms exceeded.
[2026-09-26T13:46:53.219374+00:00]   [Ria Money Transfer] Call log:
[2026-09-26T13:46:53.219377+00:00]   [Ria Money Transfer]   - waiting for get_by_role("button", name="Select Destination")
[2026-09-26T13:46:53.219380+00:00]   [Ria Money Transfer] . Reintentando en 10s...
[2026-09-26T13:46:53.219391+00:00] FALLO Ria Money Transfer: codigo de salida 1:     return task.result()
           ^^^^^^^^^^^^^
  File "/opt/hostedtoolcache/Python/3.11.16/x64/lib/python3.11/site-packages/playwright/_impl/_locator.py", line 165, in click
    return await self._frame._click(self._selector, strict=True, **params)
           ^^^^^^^^^^^^^^^^^^^^^^^^^^^^^^^^^^^^^^^^^^^^^^^^^^^^^^^^^^^^^^^
  File "/opt/hostedtoolcache/Python/3.11.16/x64/lib/python3.11/site-packages/playwright/_impl/_frame.py", line 594, in _click
    await self._channel.send("click", self._timeout, locals_to_params(locals()))
  File "/opt/hostedtoolcache/Python/3.11.16/x64/lib/python3.11/site-packages/playwright/_impl/_connection.py", line 76, in send
    return await self._connection.wrap_api_call(
           ^^^^^^^^^^^^^^^^^^^^^^^^^^^^^^^^^^^^^
  File "/opt/hostedtoolcache/Python/3.11.16/x64/lib/python3.11/site-packages/playwright/_impl/_connection.py", line 632, in wrap_api_call
    raise rewrite_error(error, f"{parsed_st['apiName']}: {error}") from None
playwright._impl._errors.TimeoutError: Locator.click: Timeout 10000ms exceeded.
Call log:
  - waiting for get_by_role("button", name="Select Destination")
[2026-09-26T13:46:53.219414+00:00] === Iniciando Xoom (a PayPal service) (xoom.py) ===
[2026-09-26T13:47:16.325190+00:00]   [Xoom (a PayPal service)] US->SV $100: 15 observaciones insertadas. Evidencia: evidence/xoom_us_100_20260926T134656Z.jpg (sha256=908d8a0ca3034eeb89531a21b2684000816b336de0ecf805b46a0c19d4588d2c)
[2026-09-26T13:47:16.325223+00:00]   [Xoom (a PayPal service)] US->SV $200: 15 observaciones insertadas. Evidencia: evidence/xoom_us_200_20260926T134700Z.jpg (sha256=b99058aad732f34fba6d3e3145cda3d8f3541c4bd55f8d160940fa97149d0b73)
[2026-09-26T13:47:16.325248+00:00]   [Xoom (a PayPal service)] US->SV $500: 15 observaciones insertadas. Evidencia: evidence/xoom_us_500_20260926T134703Z.jpg (sha256=a3116a9732938c939232f779318c97a73da0f07859c6e173c4dafb06baf566f3)
[2026-09-26T13:47:16.325252+00:00]   [Xoom (a PayPal service)] CA->SV $100: 8 observaciones insertadas. Evidencia: evidence/xoom_ca_100_20260926T134709Z.jpg (sha256=356d386d44ac27ed36075a3b6d1f5198dc448a6a78c2be0b213470d059b89df9)
[2026-09-26T13:47:16.325255+00:00]   [Xoom (a PayPal service)] CA->SV $200: 8 observaciones insertadas. Evidencia: evidence/xoom_ca_200_20260926T134712Z.jpg (sha256=05c178ee295ca15764b94f3d36f0eb8cf7b893793498388e8e78cd2874805861)
[2026-09-26T13:47:16.325258+00:00]   [Xoom (a PayPal service)] CA->SV $500: 8 observaciones insertadas. Evidencia: evidence/xoom_ca_500_20260926T134715Z.jpg (sha256=2f7170821d6790ff5fc47c2cc8dbfa6abbe99c9705da7ca46ee75006f2ad0d1e)
[2026-09-26T13:47:16.325264+00:00] OK Xoom (a PayPal service): 69 observaciones nuevas
[2026-09-26T13:47:16.325294+00:00] === Iniciando RemitBee (remitbee.py) ===
[2026-09-26T13:47:25.649668+00:00]   [RemitBee] CA->SV $100: 4 observaciones insertadas. Evidencia: evidence/remitbee_ca_100_20260926T134720Z.jpg (sha256=ee1f2fd67944d6ff4efe5a787d0f7da7d47a340144fb1236bc1ed9589c01d2e7)
[2026-09-26T13:47:25.649697+00:00]   [RemitBee] CA->SV $200: 4 observaciones insertadas. Evidencia: evidence/remitbee_ca_200_20260926T134722Z.jpg (sha256=156179efbd4d051e4ee962516c764bc9551fde1991c1809b243590dc57d5c9f9)
[2026-09-26T13:47:25.649701+00:00]   [RemitBee] CA->SV $500: 4 observaciones insertadas. Evidencia: evidence/remitbee_ca_500_20260926T134725Z.jpg (sha256=a84f49d977deb7be97318c8e8fe2baf66e2ca96726359467b1577f9b18e572b0)
[2026-09-26T13:47:25.649708+00:00] OK RemitBee: 12 observaciones nuevas

RECORDATORIO: MoneyGram sigue pendiente de muestreo manual (operators.requires_manual_sampling=1) -- su sitio bloquea automatizacion de forma explicita (ver operators.notes, confirmado 2026-08-01). Este orquestador NO lo corre ni lo intenta: no existe collectors/moneygram.py a proposito.
