[2026-08-18T09:46:37.550074+00:00] === Iniciando Remitly (remitly.py) ===
[2026-08-18T09:46:39.136703+00:00]   [Remitly] US->SV: 9 observaciones insertadas desde https://www.remitly.com/us/en/el-salvador/pricing
[2026-08-18T09:46:39.136737+00:00]   [Remitly]   Evidencia: evidence/remitly_us_20260818T094638Z.html (sha256=a5820605b5c6320871ca5c1f2ed94fc60b2973fc0e5cf73e85a45cfd2d408d71)
[2026-08-18T09:46:39.136744+00:00]   [Remitly] CA->SV: 9 observaciones insertadas desde https://www.remitly.com/ca/en/el-salvador/pricing
[2026-08-18T09:46:39.136749+00:00]   [Remitly]   Evidencia: evidence/remitly_ca_20260818T094639Z.html (sha256=935b7142b5d5595e7ae1507855696e49c4212c4af2e38f3c876b2674e7fdd602)
[2026-08-18T09:46:39.136756+00:00] OK Remitly: 18 observaciones nuevas
[2026-08-18T09:46:39.136786+00:00] === Iniciando Western Union (western_union.py) ===
[2026-08-18T09:48:17.681130+00:00]   [Western Union] US->SV $100: 5 observaciones insertadas. Evidencia: evidence/western_union_us_100_20260818T094656Z.jpg (sha256=015a62e08b1a049e69292fe4452e3049e255b1bc3eaeb42d0fc67838980c7e9a)
[2026-08-18T09:48:17.681177+00:00]   [Western Union] US->SV $200: 5 observaciones insertadas. Evidencia: evidence/western_union_us_200_20260818T094717Z.jpg (sha256=9df069365a5c264ea6b2107a1ea06731b3e61476d4b18255c683e2fd38b317f4)
[2026-08-18T09:48:17.681189+00:00]   [Western Union] US->SV $500: 5 observaciones insertadas. Evidencia: evidence/western_union_us_500_20260818T094739Z.jpg (sha256=e550fa2e90b31d42b6fb4c6e2dd9b060859cc9c17b04b0dbe806e4b98dd9f55f)
[2026-08-18T09:48:17.681214+00:00] FALLO Western Union: codigo de salida 1:     return task.result()
           ^^^^^^^^^^^^^
  File "/opt/hostedtoolcache/Python/3.11.15/x64/lib/python3.11/site-packages/playwright/_impl/_locator.py", line 748, in wait_for
    await self._frame.wait_for_selector(
  File "/opt/hostedtoolcache/Python/3.11.15/x64/lib/python3.11/site-packages/playwright/_impl/_frame.py", line 394, in wait_for_selector
    await self._channel.send(
  File "/opt/hostedtoolcache/Python/3.11.15/x64/lib/python3.11/site-packages/playwright/_impl/_connection.py", line 76, in send
    return await self._connection.wrap_api_call(
           ^^^^^^^^^^^^^^^^^^^^^^^^^^^^^^^^^^^^^
  File "/opt/hostedtoolcache/Python/3.11.15/x64/lib/python3.11/site-packages/playwright/_impl/_connection.py", line 632, in wrap_api_call
    raise rewrite_error(error, f"{parsed_st['apiName']}: {error}") from None
playwright._impl._errors.TimeoutError: Locator.wait_for: Timeout 15000ms exceeded.
Call log:
  - waiting for locator("[role=\"dialog\"]").last to be visible
    33 × locator resolved to hidden <div role="dialog" tabindex="-1" aria-modal="true" class="modal-overlay" data-modal-element-overlay="" data-modal-close-button-parent="">…</div>
[2026-08-18T09:48:17.681251+00:00] === Iniciando Ria Money Transfer (ria.py) ===
[2026-08-18T09:49:26.897439+00:00]   [Ria Money Transfer] US->SV $100 (Bank): 1 observacion insertada. Evidencia: evidence/ria_us_bank_account_100_20260818T094827Z.jpg (sha256=b2a6d7bd6ea0104931761ec6c983e5c2d3b0dbbbd77623d7252081ccb7b2ac30)
[2026-08-18T09:49:26.897481+00:00]   [Ria Money Transfer] US->SV $100 (Credit card): 1 observacion insertada. Evidencia: evidence/ria_us_credit_card_100_20260818T094830Z.jpg (sha256=46d12c9db0a3ec1a2644e54366e3ea6601258a2d5ad43305c4934b124ea23999)
[2026-08-18T09:49:26.897489+00:00]   [Ria Money Transfer] US->SV $100 (Debit card): 1 observacion insertada. Evidencia: evidence/ria_us_debit_card_100_20260818T094832Z.jpg (sha256=2c21813d488bbced4fc6700f981dfdcbccbf485a2d507d740cc1ec9678d01bd3)
[2026-08-18T09:49:26.897495+00:00]   [Ria Money Transfer] US->SV $100 (Cash): 1 observacion insertada. Evidencia: evidence/ria_us_cash_100_20260818T094835Z.jpg (sha256=7d0b0cd4873204347bb5c4461998fac624295642148cac60be1bdbf38dbee9d2)
[2026-08-18T09:49:26.897501+00:00]   [Ria Money Transfer] US->SV $200 (Bank): 1 observacion insertada. Evidencia: evidence/ria_us_bank_account_200_20260818T094840Z.jpg (sha256=68d0826667d707c679f057ad2ad455139a0c38a64a6af14ced2fbe6fd5dcea5b)
[2026-08-18T09:49:26.897507+00:00]   [Ria Money Transfer] US->SV $200 (Credit card): 1 observacion insertada. Evidencia: evidence/ria_us_credit_card_200_20260818T094842Z.jpg (sha256=232d9b1118f1875b699732082a5b786ef197a17e94fc276173efab287196439a)
[2026-08-18T09:49:26.897523+00:00]   [Ria Money Transfer] US->SV $200 (Debit card): 1 observacion insertada. Evidencia: evidence/ria_us_debit_card_200_20260818T094845Z.jpg (sha256=5bca46678c22e7e25b4592cad9409fa4158fc68cd39a2de89e3b4c0cf28fd1a4)
[2026-08-18T09:49:26.897528+00:00]   [Ria Money Transfer] US->SV $200 (Cash): 1 observacion insertada. Evidencia: evidence/ria_us_cash_200_20260818T094847Z.jpg (sha256=3f28dbca8bb04a7a854fcceddf93ba4a16bb95cfd54e2e203580327ec8943eb3)
[2026-08-18T09:49:26.897532+00:00]   [Ria Money Transfer] US->SV $500 (Bank): 1 observacion insertada. Evidencia: evidence/ria_us_bank_account_500_20260818T094852Z.jpg (sha256=dd420c47ed7982830078ba8adf0c0a4935360671b8aa916b4a057bcf6ea36d1d)
[2026-08-18T09:49:26.897537+00:00]   [Ria Money Transfer] US->SV $500 (Credit card): 1 observacion insertada. Evidencia: evidence/ria_us_credit_card_500_20260818T094854Z.jpg (sha256=dc8b1b7b5dab1bab31879bd332547ef8c5c5e7943766786fb3e52f923b40f1c7)
[2026-08-18T09:49:26.897541+00:00]   [Ria Money Transfer] US->SV $500 (Debit card): 1 observacion insertada. Evidencia: evidence/ria_us_debit_card_500_20260818T094857Z.jpg (sha256=6b9247d53953e5c2aefbfcfccb9aae79e00deb915892d27f459ced7c7c27f92f)
[2026-08-18T09:49:26.897545+00:00]   [Ria Money Transfer] US->SV $500 (Cash): fuera de rango valido, se omite (no se inserta fila).
[2026-08-18T09:49:26.897550+00:00]   [Ria Money Transfer] CA->SV $100 (Credit card): 1 observacion insertada. Evidencia: evidence/ria_ca_credit_card_100_20260818T094909Z.jpg (sha256=d88f22fcf59c4475a59b3b716f164dfeed76355e2bd52e397b23ff46a05d300f)
[2026-08-18T09:49:26.897554+00:00]   [Ria Money Transfer] CA->SV $100 (Debit card): 1 observacion insertada. Evidencia: evidence/ria_ca_debit_card_100_20260818T094912Z.jpg (sha256=eb64330e424cd46796d31bc3f6f3584dd69bfb540e39b41705e6257b73dd5cc4)
[2026-08-18T09:49:26.897559+00:00]   [Ria Money Transfer] CA->SV $200 (Credit card): 1 observacion insertada. Evidencia: evidence/ria_ca_credit_card_200_20260818T094916Z.jpg (sha256=351808171f04fe3ce50cdaf7f26d3c9592c4ab902adaf6a089ef79f755759882)
[2026-08-18T09:49:26.897568+00:00]   [Ria Money Transfer] CA->SV $200 (Debit card): 1 observacion insertada. Evidencia: evidence/ria_ca_debit_card_200_20260818T094919Z.jpg (sha256=6750d9fb74b7df27a7367dee381819e99652eed80961b6b87ed47331996b734e)
[2026-08-18T09:49:26.897573+00:00]   [Ria Money Transfer] CA->SV $500 (Credit card): 1 observacion insertada. Evidencia: evidence/ria_ca_credit_card_500_20260818T094923Z.jpg (sha256=00b0afb8db0726d4790e947ea03799e5a3b6f08dc18ca945e008c919024a9727)
[2026-08-18T09:49:26.897577+00:00]   [Ria Money Transfer] CA->SV $500 (Debit card): 1 observacion insertada. Evidencia: evidence/ria_ca_debit_card_500_20260818T094926Z.jpg (sha256=4dde290f65312f107e09edb4c17bef94f0dcc95d4500e00a54b940d28264277f)
[2026-08-18T09:49:26.897585+00:00] OK Ria Money Transfer: 17 observaciones nuevas
[2026-08-18T09:49:26.897615+00:00] === Iniciando Xoom (a PayPal service) (xoom.py) ===
[2026-08-18T09:49:52.124448+00:00]   [Xoom (a PayPal service)] US->SV $100: 15 observaciones insertadas. Evidencia: evidence/xoom_us_100_20260818T094931Z.jpg (sha256=51b481f70498b5fba7a98c39ae822d4ea7a575052ff7b2634e3d0efa5e2ebc9e)
[2026-08-18T09:49:52.124490+00:00]   [Xoom (a PayPal service)] US->SV $200: 15 observaciones insertadas. Evidencia: evidence/xoom_us_200_20260818T094935Z.jpg (sha256=3dc9385db43a213b92a33a071464b81c58a3b27acc8e499a225e7e83f26d2047)
[2026-08-18T09:49:52.124501+00:00]   [Xoom (a PayPal service)] US->SV $500: 15 observaciones insertadas. Evidencia: evidence/xoom_us_500_20260818T094938Z.jpg (sha256=1625e2a272f9f708d344cc899921b6e8256b8f16c8a93baee194cafa1dc8fa1d)
[2026-08-18T09:49:52.124506+00:00]   [Xoom (a PayPal service)] CA->SV $100: 8 observaciones insertadas. Evidencia: evidence/xoom_ca_100_20260818T094944Z.jpg (sha256=98509f97433cac688f5177ad3d1219e865f213daadeb5a5f62d4c80d12767d48)
[2026-08-18T09:49:52.124537+00:00]   [Xoom (a PayPal service)] CA->SV $200: 8 observaciones insertadas. Evidencia: evidence/xoom_ca_200_20260818T094947Z.jpg (sha256=cc7c9a30e5bcac77b1cfe8adc5d369d44041889f74897c57f4a232e502fbc49a)
[2026-08-18T09:49:52.124542+00:00]   [Xoom (a PayPal service)] CA->SV $500: 8 observaciones insertadas. Evidencia: evidence/xoom_ca_500_20260818T094951Z.jpg (sha256=4675b4a988acf669d3d766d3ed88812da5852f92b55a5cba2bab02bd04831f91)
[2026-08-18T09:49:52.124549+00:00] OK Xoom (a PayPal service): 69 observaciones nuevas
[2026-08-18T09:49:52.124588+00:00] === Iniciando RemitBee (remitbee.py) ===
[2026-08-18T09:50:01.847574+00:00]   [RemitBee] CA->SV $100: 4 observaciones insertadas. Evidencia: evidence/remitbee_ca_100_20260818T094956Z.jpg (sha256=6f72cd25c08cbe27ecb7e1bcb8fb3893cf560aa6678e32656dd65e91aadc6252)
[2026-08-18T09:50:01.847615+00:00]   [RemitBee] CA->SV $200: 4 observaciones insertadas. Evidencia: evidence/remitbee_ca_200_20260818T094958Z.jpg (sha256=00c321f64d3e445f76ff81b224c5a7437bf50145e853d79b8dad2730ba1a5749)
[2026-08-18T09:50:01.847623+00:00]   [RemitBee] CA->SV $500: 4 observaciones insertadas. Evidencia: evidence/remitbee_ca_500_20260818T095001Z.jpg (sha256=48bca7b275b69390ccb1ba8fa7623b4773a7c584c5c08d8b2d38f84940002664)
[2026-08-18T09:50:01.847635+00:00] OK RemitBee: 12 observaciones nuevas

RECORDATORIO: MoneyGram sigue pendiente de muestreo manual (operators.requires_manual_sampling=1) -- su sitio bloquea automatizacion de forma explicita (ver operators.notes, confirmado 2026-08-01). Este orquestador NO lo corre ni lo intenta: no existe collectors/moneygram.py a proposito.
