[2026-08-14T10:15:50.424343+00:00] === Iniciando Remitly (remitly.py) ===
[2026-08-14T10:15:51.880225+00:00]   [Remitly] US->SV: 9 observaciones insertadas desde https://www.remitly.com/us/en/el-salvador/pricing
[2026-08-14T10:15:51.880263+00:00]   [Remitly]   Evidencia: evidence/remitly_us_20260814T101551Z.html (sha256=c3660e9c4b951220166b5d568534951289a126644726dfb27a8bc767c320178b)
[2026-08-14T10:15:51.880270+00:00]   [Remitly] CA->SV: 9 observaciones insertadas desde https://www.remitly.com/ca/en/el-salvador/pricing
[2026-08-14T10:15:51.880275+00:00]   [Remitly]   Evidencia: evidence/remitly_ca_20260814T101551Z.html (sha256=fc6ac548eda5166c57849e5dab1e26aa71b9b8dea6b60cc478933fdbde3e2898)
[2026-08-14T10:15:51.880282+00:00] OK Remitly: 18 observaciones nuevas
[2026-08-14T10:15:51.880312+00:00] === Iniciando Western Union (western_union.py) ===
[2026-08-14T10:16:44.944212+00:00]   [Western Union] US->SV $100: 5 observaciones insertadas. Evidencia: evidence/western_union_us_100_20260814T101611Z.jpg (sha256=015a62e08b1a049e69292fe4452e3049e255b1bc3eaeb42d0fc67838980c7e9a)
[2026-08-14T10:16:44.944284+00:00] FALLO Western Union: codigo de salida 1:     return task.result()
           ^^^^^^^^^^^^^
  File "/opt/hostedtoolcache/Python/3.11.15/x64/lib/python3.11/site-packages/playwright/_impl/_page.py", line 427, in wait_for_selector
    return await self._main_frame.wait_for_selector(**locals_to_params(locals()))
           ^^^^^^^^^^^^^^^^^^^^^^^^^^^^^^^^^^^^^^^^^^^^^^^^^^^^^^^^^^^^^^^^^^^^^^
  File "/opt/hostedtoolcache/Python/3.11.15/x64/lib/python3.11/site-packages/playwright/_impl/_frame.py", line 394, in wait_for_selector
    await self._channel.send(
  File "/opt/hostedtoolcache/Python/3.11.15/x64/lib/python3.11/site-packages/playwright/_impl/_connection.py", line 76, in send
    return await self._connection.wrap_api_call(
           ^^^^^^^^^^^^^^^^^^^^^^^^^^^^^^^^^^^^^
  File "/opt/hostedtoolcache/Python/3.11.15/x64/lib/python3.11/site-packages/playwright/_impl/_connection.py", line 632, in wrap_api_call
    raise rewrite_error(error, f"{parsed_st['apiName']}: {error}") from None
playwright._impl._errors.TimeoutError: Page.wait_for_selector: Timeout 15000ms exceeded.
Call log:
  - waiting for locator("[role=\"radiogroup\"] [role=\"radio\"]") to be visible
[2026-08-14T10:16:44.944321+00:00] === Iniciando Ria Money Transfer (ria.py) ===
[2026-08-14T10:17:44.472197+00:00]   [Ria Money Transfer] Intento 1/3 fallo para corredor US->SV: TimeoutError: Locator.click: Timeout 10000ms exceeded.
[2026-08-14T10:17:44.472245+00:00]   [Ria Money Transfer] Call log:
[2026-08-14T10:17:44.472253+00:00]   [Ria Money Transfer]   - waiting for get_by_role("option", name="Bank").first
[2026-08-14T10:17:44.472260+00:00]   [Ria Money Transfer] . Reintentando en 5s...
[2026-08-14T10:17:44.472266+00:00]   [Ria Money Transfer] Intento 2/3 fallo para corredor US->SV: TimeoutError: Locator.click: Timeout 10000ms exceeded.
[2026-08-14T10:17:44.472272+00:00]   [Ria Money Transfer] Call log:
[2026-08-14T10:17:44.472278+00:00]   [Ria Money Transfer]   - waiting for get_by_role("option", name="Bank").first
[2026-08-14T10:17:44.472284+00:00]   [Ria Money Transfer] . Reintentando en 10s...
[2026-08-14T10:17:44.472306+00:00] FALLO Ria Money Transfer: codigo de salida 1:     return task.result()
           ^^^^^^^^^^^^^
  File "/opt/hostedtoolcache/Python/3.11.15/x64/lib/python3.11/site-packages/playwright/_impl/_locator.py", line 165, in click
    return await self._frame._click(self._selector, strict=True, **params)
           ^^^^^^^^^^^^^^^^^^^^^^^^^^^^^^^^^^^^^^^^^^^^^^^^^^^^^^^^^^^^^^^
  File "/opt/hostedtoolcache/Python/3.11.15/x64/lib/python3.11/site-packages/playwright/_impl/_frame.py", line 593, in _click
    await self._channel.send("click", self._timeout, locals_to_params(locals()))
  File "/opt/hostedtoolcache/Python/3.11.15/x64/lib/python3.11/site-packages/playwright/_impl/_connection.py", line 76, in send
    return await self._connection.wrap_api_call(
           ^^^^^^^^^^^^^^^^^^^^^^^^^^^^^^^^^^^^^
  File "/opt/hostedtoolcache/Python/3.11.15/x64/lib/python3.11/site-packages/playwright/_impl/_connection.py", line 632, in wrap_api_call
    raise rewrite_error(error, f"{parsed_st['apiName']}: {error}") from None
playwright._impl._errors.TimeoutError: Locator.click: Timeout 10000ms exceeded.
Call log:
  - waiting for get_by_role("option", name="Bank").first
[2026-08-14T10:17:44.472346+00:00] === Iniciando Xoom (a PayPal service) (xoom.py) ===
[2026-08-14T10:18:09.603813+00:00]   [Xoom (a PayPal service)] US->SV $100: 15 observaciones insertadas. Evidencia: evidence/xoom_us_100_20260814T101749Z.jpg (sha256=adde1ea5f7b6cfcfb9dbddcbadb3b952e0beaf1336c8ce166648e5e577547e6c)
[2026-08-14T10:18:09.603850+00:00]   [Xoom (a PayPal service)] US->SV $200: 15 observaciones insertadas. Evidencia: evidence/xoom_us_200_20260814T101752Z.jpg (sha256=89f806b0ab52126e284b586a2582ac529f3f27b986c703a0a9ffd7910c49a5e5)
[2026-08-14T10:18:09.603856+00:00]   [Xoom (a PayPal service)] US->SV $500: 15 observaciones insertadas. Evidencia: evidence/xoom_us_500_20260814T101755Z.jpg (sha256=2972f9cc6fb60238295c210df2a892ae317b65e2e939dad411cdbb8e18194915)
[2026-08-14T10:18:09.603860+00:00]   [Xoom (a PayPal service)] CA->SV $100: 8 observaciones insertadas. Evidencia: evidence/xoom_ca_100_20260814T101802Z.jpg (sha256=a6c68f3def07c910a2d3e343ab269a6585b96c9062d720b571a49b7c2aaf9075)
[2026-08-14T10:18:09.603865+00:00]   [Xoom (a PayPal service)] CA->SV $200: 8 observaciones insertadas. Evidencia: evidence/xoom_ca_200_20260814T101805Z.jpg (sha256=53f0a919d17da3bd2dfc940e9fac20f88e6e4e688deb70331de86d6c3aa2450c)
[2026-08-14T10:18:09.603869+00:00]   [Xoom (a PayPal service)] CA->SV $500: 8 observaciones insertadas. Evidencia: evidence/xoom_ca_500_20260814T101808Z.jpg (sha256=cabbea46752bf3ae6f6b849cc470b881e2d068cdff6ab3638dd37b7161bba29a)
[2026-08-14T10:18:09.603880+00:00] OK Xoom (a PayPal service): 69 observaciones nuevas
[2026-08-14T10:18:09.603938+00:00] === Iniciando RemitBee (remitbee.py) ===
[2026-08-14T10:18:18.671082+00:00]   [RemitBee] CA->SV $100: 4 observaciones insertadas. Evidencia: evidence/remitbee_ca_100_20260814T101813Z.jpg (sha256=54b33e48d5d4e20662b9c25641aa3497fb76d76a4ac825d8735ba7c9f2b561ec)
[2026-08-14T10:18:18.671122+00:00]   [RemitBee] CA->SV $200: 4 observaciones insertadas. Evidencia: evidence/remitbee_ca_200_20260814T101815Z.jpg (sha256=15ecf01cc1abd3d20def457b9873b1a1dd3b4c43d3d453f92eb2b025fac8929d)
[2026-08-14T10:18:18.671130+00:00]   [RemitBee] CA->SV $500: 4 observaciones insertadas. Evidencia: evidence/remitbee_ca_500_20260814T101818Z.jpg (sha256=52279ad25e1cd55fff8c1cd60742cca49c48d40bb193db19e9e1fa16ea66005e)
[2026-08-14T10:18:18.671142+00:00] OK RemitBee: 12 observaciones nuevas

RECORDATORIO: MoneyGram sigue pendiente de muestreo manual (operators.requires_manual_sampling=1) -- su sitio bloquea automatizacion de forma explicita (ver operators.notes, confirmado 2026-08-01). Este orquestador NO lo corre ni lo intenta: no existe collectors/moneygram.py a proposito.
