[2026-09-24T14:11:41.389248+00:00] === Iniciando Remitly (remitly.py) ===
[2026-09-24T14:11:42.906588+00:00]   [Remitly] US->SV: 9 observaciones insertadas desde https://www.remitly.com/us/en/el-salvador/pricing
[2026-09-24T14:11:42.906622+00:00]   [Remitly]   Evidencia: evidence/remitly_us_20260924T141142Z.html (sha256=8c0c05de35425141a155483db9db358d9e1dd9c50e384e320ab3baab57ced034)
[2026-09-24T14:11:42.906629+00:00]   [Remitly] CA->SV: 9 observaciones insertadas desde https://www.remitly.com/ca/en/el-salvador/pricing
[2026-09-24T14:11:42.906634+00:00]   [Remitly]   Evidencia: evidence/remitly_ca_20260924T141142Z.html (sha256=6dcf64394655f221057a920f1ac42df3bdf4c3a410923fb2f3df0edc25e6a308)
[2026-09-24T14:11:42.906640+00:00] OK Remitly: 18 observaciones nuevas
[2026-09-24T14:11:42.906667+00:00] === Iniciando Western Union (western_union.py) ===
[2026-09-24T14:12:35.493353+00:00]   [Western Union] US->SV $100: 5 observaciones insertadas. Evidencia: evidence/western_union_us_100_20260924T141202Z.jpg (sha256=f65063ee399e60e5fb219c608aee97972f7f1d992dcea46898cfe845b8df90f2)
[2026-09-24T14:12:35.493409+00:00] FALLO Western Union: codigo de salida 1:     return task.result()
           ^^^^^^^^^^^^^
  File "/opt/hostedtoolcache/Python/3.11.16/x64/lib/python3.11/site-packages/playwright/_impl/_page.py", line 429, in wait_for_selector
    return await self._main_frame.wait_for_selector(**locals_to_params(locals()))
           ^^^^^^^^^^^^^^^^^^^^^^^^^^^^^^^^^^^^^^^^^^^^^^^^^^^^^^^^^^^^^^^^^^^^^^
  File "/opt/hostedtoolcache/Python/3.11.16/x64/lib/python3.11/site-packages/playwright/_impl/_frame.py", line 395, in wait_for_selector
    await self._channel.send(
  File "/opt/hostedtoolcache/Python/3.11.16/x64/lib/python3.11/site-packages/playwright/_impl/_connection.py", line 76, in send
    return await self._connection.wrap_api_call(
           ^^^^^^^^^^^^^^^^^^^^^^^^^^^^^^^^^^^^^
  File "/opt/hostedtoolcache/Python/3.11.16/x64/lib/python3.11/site-packages/playwright/_impl/_connection.py", line 632, in wrap_api_call
    raise rewrite_error(error, f"{parsed_st['apiName']}: {error}") from None
playwright._impl._errors.TimeoutError: Page.wait_for_selector: Timeout 15000ms exceeded.
Call log:
  - waiting for locator("[role=\"radiogroup\"] [role=\"radio\"]") to be visible
[2026-09-24T14:12:35.493444+00:00] === Iniciando Ria Money Transfer (ria.py) ===
[2026-09-24T14:14:06.222140+00:00]   [Ria Money Transfer] US->SV $100 (Bank): 1 observacion insertada. Evidencia: evidence/ria_us_bank_account_100_20260924T141246Z.jpg (sha256=929b3dfd61d46856551deb3e6f024d31cdbf7aaf7ed115e5ae29c895ee47de29)
[2026-09-24T14:14:06.222179+00:00]   [Ria Money Transfer] US->SV $100 (Credit card): 1 observacion insertada. Evidencia: evidence/ria_us_credit_card_100_20260924T141249Z.jpg (sha256=629c7b69f0794eccea91d9c9515d8c6479925e2bd2b13912034f96dfd2c5af1c)
[2026-09-24T14:14:06.222187+00:00]   [Ria Money Transfer] US->SV $100 (Debit card): 1 observacion insertada. Evidencia: evidence/ria_us_debit_card_100_20260924T141251Z.jpg (sha256=e5daeecca69423482b5aeb2bd9b18a328696694a039f3f30be57add89e538777)
[2026-09-24T14:14:06.222193+00:00]   [Ria Money Transfer] US->SV $100 (Cash): 1 observacion insertada. Evidencia: evidence/ria_us_cash_100_20260924T141254Z.jpg (sha256=6d05ec78321d4ddf62a991ef361d0280157d27ab33c5cef952856510cabf4c1e)
[2026-09-24T14:14:06.222199+00:00]   [Ria Money Transfer] US->SV $200 (Bank): 1 observacion insertada. Evidencia: evidence/ria_us_bank_account_200_20260924T141259Z.jpg (sha256=99078af5a56f0252f7a587d1ec3e153d620bd7856bd067d45179b2213fe9c8ba)
[2026-09-24T14:14:06.222204+00:00]   [Ria Money Transfer] US->SV $200 (Credit card): 1 observacion insertada. Evidencia: evidence/ria_us_credit_card_200_20260924T141301Z.jpg (sha256=5fbc0c6892f893d061cab9fc7a50487f1d5876c2e4246b440463c38eb5d67964)
[2026-09-24T14:14:06.222209+00:00]   [Ria Money Transfer] US->SV $200 (Debit card): 1 observacion insertada. Evidencia: evidence/ria_us_debit_card_200_20260924T141304Z.jpg (sha256=bb315dcd83a7a276c0cb62713b10c59d436ba44cc289c501b360cd61d765d832)
[2026-09-24T14:14:06.222215+00:00]   [Ria Money Transfer] US->SV $200 (Cash): 1 observacion insertada. Evidencia: evidence/ria_us_cash_200_20260924T141306Z.jpg (sha256=da228bbc1bea2b753040a4a0e6656a5db6bbd0caa90ee3da345e6a228717c01b)
[2026-09-24T14:14:06.222229+00:00]   [Ria Money Transfer] US->SV $500 (Bank): 1 observacion insertada. Evidencia: evidence/ria_us_bank_account_500_20260924T141311Z.jpg (sha256=a01f14e7cbd46241186560a14688db8636929bd1a57e57214058f3c9fdb8b7a6)
[2026-09-24T14:14:06.222234+00:00]   [Ria Money Transfer] US->SV $500 (Credit card): 1 observacion insertada. Evidencia: evidence/ria_us_credit_card_500_20260924T141313Z.jpg (sha256=31f3aa31ed179136c1058ac0efb5fd3265fc31382a93e1c356631d844d5d27a0)
[2026-09-24T14:14:06.222238+00:00]   [Ria Money Transfer] US->SV $500 (Debit card): 1 observacion insertada. Evidencia: evidence/ria_us_debit_card_500_20260924T141316Z.jpg (sha256=8e34c382e3eafec4e6e2ad12812d622513225712b248602c613374dc87559192)
[2026-09-24T14:14:06.222242+00:00]   [Ria Money Transfer] US->SV $500 (Cash): fuera de rango valido, se omite (no se inserta fila).
[2026-09-24T14:14:06.222246+00:00]   [Ria Money Transfer] Intento 1/3 fallo para corredor CA->SV: TimeoutError: Locator.click: Timeout 10000ms exceeded.
[2026-09-24T14:14:06.222250+00:00]   [Ria Money Transfer] Call log:
[2026-09-24T14:14:06.222254+00:00]   [Ria Money Transfer]   - waiting for get_by_role("button", name="Select Destination")
[2026-09-24T14:14:06.222258+00:00]   [Ria Money Transfer] . Reintentando en 5s...
[2026-09-24T14:14:06.222262+00:00]   [Ria Money Transfer] Intento 2/3 fallo para corredor CA->SV: TimeoutError: Locator.click: Timeout 10000ms exceeded.
[2026-09-24T14:14:06.222267+00:00]   [Ria Money Transfer] Call log:
[2026-09-24T14:14:06.222271+00:00]   [Ria Money Transfer]   - waiting for get_by_role("button", name="Select Destination")
[2026-09-24T14:14:06.222274+00:00]   [Ria Money Transfer] . Reintentando en 10s...
[2026-09-24T14:14:06.222293+00:00] FALLO Ria Money Transfer: codigo de salida 1:     return task.result()
           ^^^^^^^^^^^^^
  File "/opt/hostedtoolcache/Python/3.11.16/x64/lib/python3.11/site-packages/playwright/_impl/_locator.py", line 165, in click
    return await self._frame._click(self._selector, strict=True, **params)
           ^^^^^^^^^^^^^^^^^^^^^^^^^^^^^^^^^^^^^^^^^^^^^^^^^^^^^^^^^^^^^^^
  File "/opt/hostedtoolcache/Python/3.11.16/x64/lib/python3.11/site-packages/playwright/_impl/_frame.py", line 594, in _click
    await self._channel.send("click", self._timeout, locals_to_params(locals()))
  File "/opt/hostedtoolcache/Python/3.11.16/x64/lib/python3.11/site-packages/playwright/_impl/_connection.py", line 76, in send
    return await self._connection.wrap_api_call(
           ^^^^^^^^^^^^^^^^^^^^^^^^^^^^^^^^^^^^^
  File "/opt/hostedtoolcache/Python/3.11.16/x64/lib/python3.11/site-packages/playwright/_impl/_connection.py", line 632, in wrap_api_call
    raise rewrite_error(error, f"{parsed_st['apiName']}: {error}") from None
playwright._impl._errors.TimeoutError: Locator.click: Timeout 10000ms exceeded.
Call log:
  - waiting for get_by_role("button", name="Select Destination")
[2026-09-24T14:14:06.222323+00:00] === Iniciando Xoom (a PayPal service) (xoom.py) ===
[2026-09-24T14:14:31.601440+00:00]   [Xoom (a PayPal service)] US->SV $100: 15 observaciones insertadas. Evidencia: evidence/xoom_us_100_20260924T141411Z.jpg (sha256=1d6b67788fbe56afee71348307f9481f19c650399bc5b86c79f31d479a2eb0c0)
[2026-09-24T14:14:31.601476+00:00]   [Xoom (a PayPal service)] US->SV $200: 15 observaciones insertadas. Evidencia: evidence/xoom_us_200_20260924T141414Z.jpg (sha256=685b45e69a2d7ebcd5806e7c3009e0d2d74dd58bc1d17bc1442ec8dea7903c5f)
[2026-09-24T14:14:31.601483+00:00]   [Xoom (a PayPal service)] US->SV $500: 15 observaciones insertadas. Evidencia: evidence/xoom_us_500_20260924T141417Z.jpg (sha256=ca9ea5ab614877e377a9554fbfc1e9b69d83c9f50b23090adb913b855e115301)
[2026-09-24T14:14:31.601488+00:00]   [Xoom (a PayPal service)] CA->SV $100: 8 observaciones insertadas. Evidencia: evidence/xoom_ca_100_20260924T141424Z.jpg (sha256=d63ea9d2b0c0af5b3619e0aa03502406c175b86d9d0a8452948908b4e182d454)
[2026-09-24T14:14:31.601526+00:00]   [Xoom (a PayPal service)] CA->SV $200: 8 observaciones insertadas. Evidencia: evidence/xoom_ca_200_20260924T141427Z.jpg (sha256=1e312e7ab008bbcbe5507ab6083b838348d567e37a346b944c9cc52f56aec1b4)
[2026-09-24T14:14:31.601536+00:00]   [Xoom (a PayPal service)] CA->SV $500: 8 observaciones insertadas. Evidencia: evidence/xoom_ca_500_20260924T141430Z.jpg (sha256=3a6a672f97460251db03cf08b2907b9cf13e252aa1ce422458732400ab90d5bd)
[2026-09-24T14:14:31.601545+00:00] OK Xoom (a PayPal service): 69 observaciones nuevas
[2026-09-24T14:14:31.601580+00:00] === Iniciando RemitBee (remitbee.py) ===
[2026-09-24T14:14:41.356955+00:00]   [RemitBee] CA->SV $100: 4 observaciones insertadas. Evidencia: evidence/remitbee_ca_100_20260924T141435Z.jpg (sha256=c4f10fcaaefe2a35d84e0451e8134115ab0690d0dc0f9962539cd1cf6372358b)
[2026-09-24T14:14:41.356997+00:00]   [RemitBee] CA->SV $200: 4 observaciones insertadas. Evidencia: evidence/remitbee_ca_200_20260924T141438Z.jpg (sha256=3bd077e0ee5e55ebbd572d8dde62dae13f38de1b8844c63ab85136f44c220b6c)
[2026-09-24T14:14:41.357006+00:00]   [RemitBee] CA->SV $500: 4 observaciones insertadas. Evidencia: evidence/remitbee_ca_500_20260924T141440Z.jpg (sha256=0269d382cb46e7eedd133dfc4a50f98c94854cc7afef52944212cce400c4176f)
[2026-09-24T14:14:41.357019+00:00] OK RemitBee: 12 observaciones nuevas

RECORDATORIO: MoneyGram sigue pendiente de muestreo manual (operators.requires_manual_sampling=1) -- su sitio bloquea automatizacion de forma explicita (ver operators.notes, confirmado 2026-08-01). Este orquestador NO lo corre ni lo intenta: no existe collectors/moneygram.py a proposito.
