[2026-09-11T13:31:08.898854+00:00] === Iniciando Remitly (remitly.py) ===
[2026-09-11T13:31:10.150917+00:00]   [Remitly] US->SV: 9 observaciones insertadas desde https://www.remitly.com/us/en/el-salvador/pricing
[2026-09-11T13:31:10.150947+00:00]   [Remitly]   Evidencia: evidence/remitly_us_20260911T133109Z.html (sha256=5e90f1ea596ce2dc01d2e4340fcf7101a742a8f1b17176c842e007dc47ecc5eb)
[2026-09-11T13:31:10.150954+00:00]   [Remitly] CA->SV: 9 observaciones insertadas desde https://www.remitly.com/ca/en/el-salvador/pricing
[2026-09-11T13:31:10.150959+00:00]   [Remitly]   Evidencia: evidence/remitly_ca_20260911T133110Z.html (sha256=5675473e4404b0370f769c38ac600999ec6e1cc07a7ed541340ed78472cdd71b)
[2026-09-11T13:31:10.150965+00:00] OK Remitly: 18 observaciones nuevas
[2026-09-11T13:31:10.150990+00:00] === Iniciando Western Union (western_union.py) ===
[2026-09-11T13:32:54.363093+00:00]   [Western Union] US->SV $100: 5 observaciones insertadas. Evidencia: evidence/western_union_us_100_20260911T133129Z.jpg (sha256=015a62e08b1a049e69292fe4452e3049e255b1bc3eaeb42d0fc67838980c7e9a)
[2026-09-11T13:32:54.363140+00:00]   [Western Union] US->SV $200: 5 observaciones insertadas. Evidencia: evidence/western_union_us_200_20260911T133152Z.jpg (sha256=9df069365a5c264ea6b2107a1ea06731b3e61476d4b18255c683e2fd38b317f4)
[2026-09-11T13:32:54.363154+00:00]   [Western Union] US->SV $500: 5 observaciones insertadas. Evidencia: evidence/western_union_us_500_20260911T133214Z.jpg (sha256=e550fa2e90b31d42b6fb4c6e2dd9b060859cc9c17b04b0dbe806e4b98dd9f55f)
[2026-09-11T13:32:54.363176+00:00] FALLO Western Union: codigo de salida 1:     return task.result()
           ^^^^^^^^^^^^^
  File "/opt/hostedtoolcache/Python/3.11.16/x64/lib/python3.11/site-packages/playwright/_impl/_locator.py", line 748, in wait_for
    await self._frame.wait_for_selector(
  File "/opt/hostedtoolcache/Python/3.11.16/x64/lib/python3.11/site-packages/playwright/_impl/_frame.py", line 394, in wait_for_selector
    await self._channel.send(
  File "/opt/hostedtoolcache/Python/3.11.16/x64/lib/python3.11/site-packages/playwright/_impl/_connection.py", line 76, in send
    return await self._connection.wrap_api_call(
           ^^^^^^^^^^^^^^^^^^^^^^^^^^^^^^^^^^^^^
  File "/opt/hostedtoolcache/Python/3.11.16/x64/lib/python3.11/site-packages/playwright/_impl/_connection.py", line 632, in wrap_api_call
    raise rewrite_error(error, f"{parsed_st['apiName']}: {error}") from None
playwright._impl._errors.TimeoutError: Locator.wait_for: Timeout 15000ms exceeded.
Call log:
  - waiting for locator("[role=\"dialog\"]").last to be visible
    33 × locator resolved to hidden <div role="dialog" tabindex="-1" aria-modal="true" class="modal-overlay" data-modal-element-overlay="" data-modal-close-button-parent="">…</div>
[2026-09-11T13:32:54.363214+00:00] === Iniciando Ria Money Transfer (ria.py) ===
[2026-09-11T13:34:44.301468+00:00]   [Ria Money Transfer] Intento 1/3 fallo para corredor US->SV: TimeoutError: Locator.fill: Timeout 30000ms exceeded.
[2026-09-11T13:34:44.301512+00:00]   [Ria Money Transfer] Call log:
[2026-09-11T13:34:44.301520+00:00]   [Ria Money Transfer]   - waiting for get_by_placeholder("Search currency or country")
[2026-09-11T13:34:44.301526+00:00]   [Ria Money Transfer] . Reintentando en 5s...
[2026-09-11T13:34:44.301532+00:00]   [Ria Money Transfer] Intento 2/3 fallo para corredor US->SV: TimeoutError: Locator.fill: Timeout 30000ms exceeded.
[2026-09-11T13:34:44.301538+00:00]   [Ria Money Transfer] Call log:
[2026-09-11T13:34:44.301543+00:00]   [Ria Money Transfer]   - waiting for get_by_placeholder("Search currency or country")
[2026-09-11T13:34:44.301548+00:00]   [Ria Money Transfer] . Reintentando en 10s...
[2026-09-11T13:34:44.301569+00:00] FALLO Ria Money Transfer: codigo de salida 1:   File "/opt/hostedtoolcache/Python/3.11.16/x64/lib/python3.11/site-packages/playwright/_impl/_locator.py", line 219, in fill
    return await self._frame.fill(self._selector, strict=True, **params)
           ^^^^^^^^^^^^^^^^^^^^^^^^^^^^^^^^^^^^^^^^^^^^^^^^^^^^^^^^^^^^^
  File "/opt/hostedtoolcache/Python/3.11.16/x64/lib/python3.11/site-packages/playwright/_impl/_frame.py", line 636, in fill
    await self._fill(**locals_to_params(locals()))
  File "/opt/hostedtoolcache/Python/3.11.16/x64/lib/python3.11/site-packages/playwright/_impl/_frame.py", line 648, in _fill
    await self._channel.send("fill", self._timeout, locals_to_params(locals()))
  File "/opt/hostedtoolcache/Python/3.11.16/x64/lib/python3.11/site-packages/playwright/_impl/_connection.py", line 76, in send
    return await self._connection.wrap_api_call(
           ^^^^^^^^^^^^^^^^^^^^^^^^^^^^^^^^^^^^^
  File "/opt/hostedtoolcache/Python/3.11.16/x64/lib/python3.11/site-packages/playwright/_impl/_connection.py", line 632, in wrap_api_call
    raise rewrite_error(error, f"{parsed_st['apiName']}: {error}") from None
playwright._impl._errors.TimeoutError: Locator.fill: Timeout 30000ms exceeded.
Call log:
  - waiting for get_by_placeholder("Search currency or country")
[2026-09-11T13:34:44.301610+00:00] === Iniciando Xoom (a PayPal service) (xoom.py) ===
[2026-09-11T13:35:09.489399+00:00]   [Xoom (a PayPal service)] US->SV $100: 15 observaciones insertadas. Evidencia: evidence/xoom_us_100_20260911T133449Z.jpg (sha256=1d6b67788fbe56afee71348307f9481f19c650399bc5b86c79f31d479a2eb0c0)
[2026-09-11T13:35:09.489433+00:00]   [Xoom (a PayPal service)] US->SV $200: 15 observaciones insertadas. Evidencia: evidence/xoom_us_200_20260911T133452Z.jpg (sha256=4b4da355a97f999a776f38231eace6812f7a8c13d12b6eb3112234f725f9d161)
[2026-09-11T13:35:09.489440+00:00]   [Xoom (a PayPal service)] US->SV $500: 15 observaciones insertadas. Evidencia: evidence/xoom_us_500_20260911T133455Z.jpg (sha256=5016f00be692faee4ef894440a2e992a9ae1d1741f8ebe80a4ce43034d40c569)
[2026-09-11T13:35:09.489444+00:00]   [Xoom (a PayPal service)] CA->SV $100: 8 observaciones insertadas. Evidencia: evidence/xoom_ca_100_20260911T133502Z.jpg (sha256=52a4941217794471fd297e5ecb32e33d726d83d035f35b79c01ec6fdab988a7f)
[2026-09-11T13:35:09.489453+00:00]   [Xoom (a PayPal service)] CA->SV $200: 8 observaciones insertadas. Evidencia: evidence/xoom_ca_200_20260911T133505Z.jpg (sha256=f3a0210bdc7ff24e3aef989b4b9120ee4fe07ee63213f41a8d6c3f0405fc004d)
[2026-09-11T13:35:09.489457+00:00]   [Xoom (a PayPal service)] CA->SV $500: 8 observaciones insertadas. Evidencia: evidence/xoom_ca_500_20260911T133508Z.jpg (sha256=2f5b7a88eafcb626cb2e92c5fb02273f577a5228398eb31a2f0e1584d3ea303b)
[2026-09-11T13:35:09.489463+00:00] OK Xoom (a PayPal service): 69 observaciones nuevas
[2026-09-11T13:35:09.489491+00:00] === Iniciando RemitBee (remitbee.py) ===
[2026-09-11T13:35:22.609360+00:00]   [RemitBee] CA->SV $100: 4 observaciones insertadas. Evidencia: evidence/remitbee_ca_100_20260911T133516Z.jpg (sha256=11949104d3ee68c5ee633d923385aa0453f6f74b26ae7b9ea5ba6920daf57365)
[2026-09-11T13:35:22.609394+00:00]   [RemitBee] CA->SV $200: 4 observaciones insertadas. Evidencia: evidence/remitbee_ca_200_20260911T133519Z.jpg (sha256=ede4aa8046a6a0194ab96ad640a6349fc6119120f17d412205a5fa3dff29ee42)
[2026-09-11T13:35:22.609402+00:00]   [RemitBee] CA->SV $500: 4 observaciones insertadas. Evidencia: evidence/remitbee_ca_500_20260911T133521Z.jpg (sha256=4cee7bd0f3ecb5063bad98056ccfa4677048a79de88836c3324808107c399fed)
[2026-09-11T13:35:22.609414+00:00] OK RemitBee: 12 observaciones nuevas

RECORDATORIO: MoneyGram sigue pendiente de muestreo manual (operators.requires_manual_sampling=1) -- su sitio bloquea automatizacion de forma explicita (ver operators.notes, confirmado 2026-08-01). Este orquestador NO lo corre ni lo intenta: no existe collectors/moneygram.py a proposito.
