[2026-09-27T14:40:47.507290+00:00] === Iniciando Remitly (remitly.py) ===
[2026-09-27T14:40:48.666213+00:00]   [Remitly] US->SV: 9 observaciones insertadas desde https://www.remitly.com/us/en/el-salvador/pricing
[2026-09-27T14:40:48.666245+00:00]   [Remitly]   Evidencia: evidence/remitly_us_20260927T144048Z.html (sha256=e805b5b29ba3caa51635601c269f6617af96e33b7d1bbdcc39b4a37203dd722d)
[2026-09-27T14:40:48.666254+00:00]   [Remitly] CA->SV: 9 observaciones insertadas desde https://www.remitly.com/ca/en/el-salvador/pricing
[2026-09-27T14:40:48.666261+00:00]   [Remitly]   Evidencia: evidence/remitly_ca_20260927T144048Z.html (sha256=cc5639f5e367c77f29495ad4229beaad91cce8e1adabc871b42ad2f21be4a58a)
[2026-09-27T14:40:48.666268+00:00] OK Remitly: 18 observaciones nuevas
[2026-09-27T14:40:48.666299+00:00] === Iniciando Western Union (western_union.py) ===
[2026-09-27T14:42:24.753740+00:00]   [Western Union] US->SV $100: 5 observaciones insertadas. Evidencia: evidence/western_union_us_100_20260927T144106Z.jpg (sha256=015a62e08b1a049e69292fe4452e3049e255b1bc3eaeb42d0fc67838980c7e9a)
[2026-09-27T14:42:24.753782+00:00]   [Western Union] US->SV $200: 5 observaciones insertadas. Evidencia: evidence/western_union_us_200_20260927T144126Z.jpg (sha256=9df069365a5c264ea6b2107a1ea06731b3e61476d4b18255c683e2fd38b317f4)
[2026-09-27T14:42:24.753795+00:00]   [Western Union] US->SV $500: 5 observaciones insertadas. Evidencia: evidence/western_union_us_500_20260927T144147Z.jpg (sha256=e550fa2e90b31d42b6fb4c6e2dd9b060859cc9c17b04b0dbe806e4b98dd9f55f)
[2026-09-27T14:42:24.753822+00:00] FALLO Western Union: codigo de salida 1:     return task.result()
           ^^^^^^^^^^^^^
  File "/opt/hostedtoolcache/Python/3.11.16/x64/lib/python3.11/site-packages/playwright/_impl/_locator.py", line 752, in wait_for
    await self._frame.wait_for_selector(
  File "/opt/hostedtoolcache/Python/3.11.16/x64/lib/python3.11/site-packages/playwright/_impl/_frame.py", line 395, in wait_for_selector
    await self._channel.send(
  File "/opt/hostedtoolcache/Python/3.11.16/x64/lib/python3.11/site-packages/playwright/_impl/_connection.py", line 76, in send
    return await self._connection.wrap_api_call(
           ^^^^^^^^^^^^^^^^^^^^^^^^^^^^^^^^^^^^^
  File "/opt/hostedtoolcache/Python/3.11.16/x64/lib/python3.11/site-packages/playwright/_impl/_connection.py", line 632, in wrap_api_call
    raise rewrite_error(error, f"{parsed_st['apiName']}: {error}") from None
playwright._impl._errors.TimeoutError: Locator.wait_for: Timeout 15000ms exceeded.
Call log:
  - waiting for locator("[role=\"dialog\"]").last to be visible
    33 × locator resolved to hidden <div role="dialog" tabindex="-1" aria-modal="true" class="modal-overlay" data-modal-element-overlay="" data-modal-close-button-parent="">…</div>
[2026-09-27T14:42:24.753862+00:00] === Iniciando Ria Money Transfer (ria.py) ===
[2026-09-27T14:43:53.496952+00:00]   [Ria Money Transfer] US->SV $100 (Bank): 1 observacion insertada. Evidencia: evidence/ria_us_bank_account_100_20260927T144234Z.jpg (sha256=7173c7618eac04f1aede3e6a0f052224cb2bd1db679e12c67a34cf30bb59fbb1)
[2026-09-27T14:43:53.496984+00:00]   [Ria Money Transfer] US->SV $100 (Credit card): 1 observacion insertada. Evidencia: evidence/ria_us_credit_card_100_20260927T144237Z.jpg (sha256=e72f31ea5fd6d8e42365e944ae7fdb75ed897b077b662410ae21d37dd0f67bbe)
[2026-09-27T14:43:53.496992+00:00]   [Ria Money Transfer] US->SV $100 (Debit card): 1 observacion insertada. Evidencia: evidence/ria_us_debit_card_100_20260927T144240Z.jpg (sha256=df351dcc3ace19d04fd61d25acb3d3874b2daa70d06366b43894ceaa45f1cdb3)
[2026-09-27T14:43:53.496998+00:00]   [Ria Money Transfer] US->SV $100 (Cash): 1 observacion insertada. Evidencia: evidence/ria_us_cash_100_20260927T144242Z.jpg (sha256=3630b77568545c27600d786173238e3a264d00247292bffd9243e36163205770)
[2026-09-27T14:43:53.497004+00:00]   [Ria Money Transfer] US->SV $200 (Bank): 1 observacion insertada. Evidencia: evidence/ria_us_bank_account_200_20260927T144247Z.jpg (sha256=5b496204bc42bcf686503e18e8589dcabfe40de638e9a36d8939372ee873f19d)
[2026-09-27T14:43:53.497009+00:00]   [Ria Money Transfer] US->SV $200 (Credit card): 1 observacion insertada. Evidencia: evidence/ria_us_credit_card_200_20260927T144249Z.jpg (sha256=5e0585b330548dc4bb35fdc382dd40bd55bded542c89eedd64e22c2f53a105fa)
[2026-09-27T14:43:53.497023+00:00]   [Ria Money Transfer] US->SV $200 (Debit card): 1 observacion insertada. Evidencia: evidence/ria_us_debit_card_200_20260927T144252Z.jpg (sha256=063e372d7fb1b3ac8570953625372657ca295f310c6f0c309e9ff3245c40419c)
[2026-09-27T14:43:53.497028+00:00]   [Ria Money Transfer] US->SV $200 (Cash): 1 observacion insertada. Evidencia: evidence/ria_us_cash_200_20260927T144254Z.jpg (sha256=90c76238790d4fbcfda69aecbae945e07816b1c198777b5d5d15128b7d558c7e)
[2026-09-27T14:43:53.497032+00:00]   [Ria Money Transfer] US->SV $500 (Bank): 1 observacion insertada. Evidencia: evidence/ria_us_bank_account_500_20260927T144259Z.jpg (sha256=8cd4f431bdd93db147a2179be8738143a5650a52ef5fa0d8f140375fa64ac20a)
[2026-09-27T14:43:53.497036+00:00]   [Ria Money Transfer] US->SV $500 (Credit card): 1 observacion insertada. Evidencia: evidence/ria_us_credit_card_500_20260927T144301Z.jpg (sha256=446eb99d21c9ba2e01e3e0d7e5cd7539d221ee9090f911f613387b9b52639b4e)
[2026-09-27T14:43:53.497041+00:00]   [Ria Money Transfer] US->SV $500 (Debit card): 1 observacion insertada. Evidencia: evidence/ria_us_debit_card_500_20260927T144304Z.jpg (sha256=8217a851c9221d269a3989bd72c8ca448b2694d806405fede4c9d579b74d0b39)
[2026-09-27T14:43:53.497045+00:00]   [Ria Money Transfer] US->SV $500 (Cash): fuera de rango valido, se omite (no se inserta fila).
[2026-09-27T14:43:53.497049+00:00]   [Ria Money Transfer] Intento 1/3 fallo para corredor CA->SV: TimeoutError: Locator.click: Timeout 10000ms exceeded.
[2026-09-27T14:43:53.497053+00:00]   [Ria Money Transfer] Call log:
[2026-09-27T14:43:53.497057+00:00]   [Ria Money Transfer]   - waiting for get_by_role("button", name="Select Destination")
[2026-09-27T14:43:53.497062+00:00]   [Ria Money Transfer] . Reintentando en 5s...
[2026-09-27T14:43:53.497066+00:00]   [Ria Money Transfer] Intento 2/3 fallo para corredor CA->SV: TimeoutError: Locator.click: Timeout 10000ms exceeded.
[2026-09-27T14:43:53.497070+00:00]   [Ria Money Transfer] Call log:
[2026-09-27T14:43:53.497074+00:00]   [Ria Money Transfer]   - waiting for get_by_role("button", name="Select Destination")
[2026-09-27T14:43:53.497078+00:00]   [Ria Money Transfer] . Reintentando en 10s...
[2026-09-27T14:43:53.497093+00:00] FALLO Ria Money Transfer: codigo de salida 1:     return task.result()
           ^^^^^^^^^^^^^
  File "/opt/hostedtoolcache/Python/3.11.16/x64/lib/python3.11/site-packages/playwright/_impl/_locator.py", line 165, in click
    return await self._frame._click(self._selector, strict=True, **params)
           ^^^^^^^^^^^^^^^^^^^^^^^^^^^^^^^^^^^^^^^^^^^^^^^^^^^^^^^^^^^^^^^
  File "/opt/hostedtoolcache/Python/3.11.16/x64/lib/python3.11/site-packages/playwright/_impl/_frame.py", line 594, in _click
    await self._channel.send("click", self._timeout, locals_to_params(locals()))
  File "/opt/hostedtoolcache/Python/3.11.16/x64/lib/python3.11/site-packages/playwright/_impl/_connection.py", line 76, in send
    return await self._connection.wrap_api_call(
           ^^^^^^^^^^^^^^^^^^^^^^^^^^^^^^^^^^^^^
  File "/opt/hostedtoolcache/Python/3.11.16/x64/lib/python3.11/site-packages/playwright/_impl/_connection.py", line 632, in wrap_api_call
    raise rewrite_error(error, f"{parsed_st['apiName']}: {error}") from None
playwright._impl._errors.TimeoutError: Locator.click: Timeout 10000ms exceeded.
Call log:
  - waiting for get_by_role("button", name="Select Destination")
[2026-09-27T14:43:53.497120+00:00] === Iniciando Xoom (a PayPal service) (xoom.py) ===
[2026-09-27T14:44:18.273533+00:00]   [Xoom (a PayPal service)] US->SV $100: 15 observaciones insertadas. Evidencia: evidence/xoom_us_100_20260927T144358Z.jpg (sha256=5c253aed7322a57252d761d2ba2d3c1dd756f416086ff2822d64f1e548dfa8cc)
[2026-09-27T14:44:18.273563+00:00]   [Xoom (a PayPal service)] US->SV $200: 15 observaciones insertadas. Evidencia: evidence/xoom_us_200_20260927T144401Z.jpg (sha256=991fd98c7bdf24434b01b365ac2b200fc2479028cb69d0f682f1bfd1a6f32d47)
[2026-09-27T14:44:18.273591+00:00]   [Xoom (a PayPal service)] US->SV $500: 15 observaciones insertadas. Evidencia: evidence/xoom_us_500_20260927T144404Z.jpg (sha256=7d78b1d529c4a5526dc35ee49dbc61ee80bc74668ea7c87458b2d957001abd8b)
[2026-09-27T14:44:18.273597+00:00]   [Xoom (a PayPal service)] CA->SV $100: 8 observaciones insertadas. Evidencia: evidence/xoom_ca_100_20260927T144410Z.jpg (sha256=52a4941217794471fd297e5ecb32e33d726d83d035f35b79c01ec6fdab988a7f)
[2026-09-27T14:44:18.273602+00:00]   [Xoom (a PayPal service)] CA->SV $200: 8 observaciones insertadas. Evidencia: evidence/xoom_ca_200_20260927T144414Z.jpg (sha256=182869fd12e5860a802e9dfedfde8c66c9ac448ea6a89d7703fd4ffbec2bbd1c)
[2026-09-27T14:44:18.273606+00:00]   [Xoom (a PayPal service)] CA->SV $500: 8 observaciones insertadas. Evidencia: evidence/xoom_ca_500_20260927T144417Z.jpg (sha256=866f3e4c6567b2fc1cda25f8fa28d7b87320b7c282e93219c16996b6b3bb389c)
[2026-09-27T14:44:18.273612+00:00] OK Xoom (a PayPal service): 69 observaciones nuevas
[2026-09-27T14:44:18.273640+00:00] === Iniciando RemitBee (remitbee.py) ===
[2026-09-27T14:44:27.740523+00:00]   [RemitBee] CA->SV $100: 4 observaciones insertadas. Evidencia: evidence/remitbee_ca_100_20260927T144421Z.jpg (sha256=e136893b2ec3da73ab3590e3789be21fd98ca52a8ed62defb1981208ee5ab5eb)
[2026-09-27T14:44:27.740557+00:00]   [RemitBee] CA->SV $200: 4 observaciones insertadas. Evidencia: evidence/remitbee_ca_200_20260927T144424Z.jpg (sha256=19a92a7290121b775d53e0869a72558cc5b452be907992174b3a42c889902b2d)
[2026-09-27T14:44:27.740565+00:00]   [RemitBee] CA->SV $500: 4 observaciones insertadas. Evidencia: evidence/remitbee_ca_500_20260927T144427Z.jpg (sha256=e106a7af25329fce916e3903aade0747922f8ed7a51b60c885f68bb3663d0f2f)
[2026-09-27T14:44:27.740578+00:00] OK RemitBee: 12 observaciones nuevas

RECORDATORIO: MoneyGram sigue pendiente de muestreo manual (operators.requires_manual_sampling=1) -- su sitio bloquea automatizacion de forma explicita (ver operators.notes, confirmado 2026-08-01). Este orquestador NO lo corre ni lo intenta: no existe collectors/moneygram.py a proposito.
