[2026-08-03T12:35:42.096047+00:00] === Iniciando Remitly (remitly.py) ===
[2026-08-03T12:35:43.615066+00:00]   [Remitly] YA RECOLECTADO HOY, se omite: Remitly US->SV $100 (funding=None, delivery=cash_pickup)
[2026-08-03T12:35:43.615105+00:00]   [Remitly]   YA RECOLECTADO HOY, se omite: Remitly US->SV $200 (funding=None, delivery=cash_pickup)
[2026-08-03T12:35:43.615112+00:00]   [Remitly]   YA RECOLECTADO HOY, se omite: Remitly US->SV $500 (funding=None, delivery=cash_pickup)
[2026-08-03T12:35:43.615117+00:00]   [Remitly]   YA RECOLECTADO HOY, se omite: Remitly US->SV $100 (funding=None, delivery=bank_deposit)
[2026-08-03T12:35:43.615124+00:00]   [Remitly]   YA RECOLECTADO HOY, se omite: Remitly US->SV $200 (funding=None, delivery=bank_deposit)
[2026-08-03T12:35:43.615128+00:00]   [Remitly]   YA RECOLECTADO HOY, se omite: Remitly US->SV $500 (funding=None, delivery=bank_deposit)
[2026-08-03T12:35:43.615133+00:00]   [Remitly]   YA RECOLECTADO HOY, se omite: Remitly US->SV $100 (funding=None, delivery=mobile_wallet)
[2026-08-03T12:35:43.615142+00:00]   [Remitly]   YA RECOLECTADO HOY, se omite: Remitly US->SV $200 (funding=None, delivery=mobile_wallet)
[2026-08-03T12:35:43.615147+00:00]   [Remitly]   YA RECOLECTADO HOY, se omite: Remitly US->SV $500 (funding=None, delivery=mobile_wallet)
[2026-08-03T12:35:43.615151+00:00]   [Remitly]   YA RECOLECTADO HOY, se omite: Remitly US->SV $100 (funding=None, delivery=debit_card_deposit)
[2026-08-03T12:35:43.615155+00:00]   [Remitly]   YA RECOLECTADO HOY, se omite: Remitly US->SV $200 (funding=None, delivery=debit_card_deposit)
[2026-08-03T12:35:43.615159+00:00]   [Remitly]   YA RECOLECTADO HOY, se omite: Remitly US->SV $500 (funding=None, delivery=debit_card_deposit)
[2026-08-03T12:35:43.615163+00:00]   [Remitly] US->SV: 0 observaciones insertadas desde https://www.remitly.com/us/en/el-salvador/pricing
[2026-08-03T12:35:43.615167+00:00]   [Remitly]   Evidencia: evidence/remitly_us_20260803T123543Z.html (sha256=d29762f46bba4e7c2efc16ac1fe77e173bab08e0c4a09a01243f3e466b4fc79d)
[2026-08-03T12:35:43.615172+00:00]   [Remitly]   YA RECOLECTADO HOY, se omite: Remitly CA->SV $100 (funding=None, delivery=cash_pickup)
[2026-08-03T12:35:43.615175+00:00]   [Remitly]   YA RECOLECTADO HOY, se omite: Remitly CA->SV $200 (funding=None, delivery=cash_pickup)
[2026-08-03T12:35:43.615180+00:00]   [Remitly]   YA RECOLECTADO HOY, se omite: Remitly CA->SV $500 (funding=None, delivery=cash_pickup)
[2026-08-03T12:35:43.615184+00:00]   [Remitly]   YA RECOLECTADO HOY, se omite: Remitly CA->SV $100 (funding=None, delivery=bank_deposit)
[2026-08-03T12:35:43.615187+00:00]   [Remitly]   YA RECOLECTADO HOY, se omite: Remitly CA->SV $200 (funding=None, delivery=bank_deposit)
[2026-08-03T12:35:43.615191+00:00]   [Remitly]   YA RECOLECTADO HOY, se omite: Remitly CA->SV $500 (funding=None, delivery=bank_deposit)
[2026-08-03T12:35:43.615195+00:00]   [Remitly]   YA RECOLECTADO HOY, se omite: Remitly CA->SV $100 (funding=None, delivery=mobile_wallet)
[2026-08-03T12:35:43.615199+00:00]   [Remitly]   YA RECOLECTADO HOY, se omite: Remitly CA->SV $200 (funding=None, delivery=mobile_wallet)
[2026-08-03T12:35:43.615203+00:00]   [Remitly]   YA RECOLECTADO HOY, se omite: Remitly CA->SV $500 (funding=None, delivery=mobile_wallet)
[2026-08-03T12:35:43.615207+00:00]   [Remitly]   YA RECOLECTADO HOY, se omite: Remitly CA->SV $100 (funding=None, delivery=debit_card_deposit)
[2026-08-03T12:35:43.615211+00:00]   [Remitly]   YA RECOLECTADO HOY, se omite: Remitly CA->SV $200 (funding=None, delivery=debit_card_deposit)
[2026-08-03T12:35:43.615215+00:00]   [Remitly]   YA RECOLECTADO HOY, se omite: Remitly CA->SV $500 (funding=None, delivery=debit_card_deposit)
[2026-08-03T12:35:43.615219+00:00]   [Remitly] CA->SV: 0 observaciones insertadas desde https://www.remitly.com/ca/en/el-salvador/pricing
[2026-08-03T12:35:43.615227+00:00]   [Remitly]   Evidencia: evidence/remitly_ca_20260803T123543Z.html (sha256=4c27a91a1e28214de43cbbccf8dadcda2d054425118e789a87981088ab2039de)
[2026-08-03T12:35:43.615234+00:00] OK Remitly: 0 observaciones nuevas
[2026-08-03T12:35:43.615259+00:00] === Iniciando Western Union (western_union.py) ===
[2026-08-03T12:36:07.591448+00:00]   [Western Union] US->SV $100: todo ya recolectado hoy, se omite (sin captura nueva de evidencia).
[2026-08-03T12:36:07.591485+00:00]   [Western Union] US->SV $200: todo ya recolectado hoy, se omite (sin captura nueva de evidencia).
[2026-08-03T12:36:07.591493+00:00]   [Western Union] US->SV $500: todo ya recolectado hoy, se omite (sin captura nueva de evidencia).
[2026-08-03T12:36:07.591498+00:00]   [Western Union] CA->SV $100: todo ya recolectado hoy, se omite (sin captura nueva de evidencia).
[2026-08-03T12:36:07.591502+00:00]   [Western Union] CA->SV $200: todo ya recolectado hoy, se omite (sin captura nueva de evidencia).
[2026-08-03T12:36:07.591506+00:00]   [Western Union] CA->SV $500: todo ya recolectado hoy, se omite (sin captura nueva de evidencia).
[2026-08-03T12:36:07.591511+00:00] OK Western Union: 0 observaciones nuevas
[2026-08-03T12:36:07.591574+00:00] === Iniciando Ria Money Transfer (ria.py) ===
[2026-08-03T12:37:00.375082+00:00]   [Ria Money Transfer] Intento 1/3 fallo para corredor US->SV: TimeoutError: Locator.click: Timeout 10000ms exceeded.
[2026-08-03T12:37:00.375123+00:00]   [Ria Money Transfer] Call log:
[2026-08-03T12:37:00.375132+00:00]   [Ria Money Transfer]   - waiting for get_by_role("option").first
[2026-08-03T12:37:00.375138+00:00]   [Ria Money Transfer] . Reintentando en 5s...
[2026-08-03T12:37:00.375143+00:00]   [Ria Money Transfer] Intento 2/3 fallo para corredor US->SV: TimeoutError: Locator.click: Timeout 10000ms exceeded.
[2026-08-03T12:37:00.375149+00:00]   [Ria Money Transfer] Call log:
[2026-08-03T12:37:00.375154+00:00]   [Ria Money Transfer]   - waiting for get_by_role("option").first
[2026-08-03T12:37:00.375159+00:00]   [Ria Money Transfer] . Reintentando en 10s...
[2026-08-03T12:37:00.375177+00:00] FALLO Ria Money Transfer: codigo de salida 1:     return task.result()
           ^^^^^^^^^^^^^
  File "/opt/hostedtoolcache/Python/3.11.15/x64/lib/python3.11/site-packages/playwright/_impl/_locator.py", line 165, in click
    return await self._frame._click(self._selector, strict=True, **params)
           ^^^^^^^^^^^^^^^^^^^^^^^^^^^^^^^^^^^^^^^^^^^^^^^^^^^^^^^^^^^^^^^
  File "/opt/hostedtoolcache/Python/3.11.15/x64/lib/python3.11/site-packages/playwright/_impl/_frame.py", line 593, in _click
    await self._channel.send("click", self._timeout, locals_to_params(locals()))
  File "/opt/hostedtoolcache/Python/3.11.15/x64/lib/python3.11/site-packages/playwright/_impl/_connection.py", line 76, in send
    return await self._connection.wrap_api_call(
           ^^^^^^^^^^^^^^^^^^^^^^^^^^^^^^^^^^^^^
  File "/opt/hostedtoolcache/Python/3.11.15/x64/lib/python3.11/site-packages/playwright/_impl/_connection.py", line 632, in wrap_api_call
    raise rewrite_error(error, f"{parsed_st['apiName']}: {error}") from None
playwright._impl._errors.TimeoutError: Locator.click: Timeout 10000ms exceeded.
Call log:
  - waiting for get_by_role("option").first
[2026-08-03T12:37:00.375204+00:00] === Iniciando Xoom (a PayPal service) (xoom.py) ===
[2026-08-03T12:37:16.342209+00:00]   [Xoom (a PayPal service)] US->SV $100: todo ya recolectado hoy, se omite (sin captura nueva de evidencia).
[2026-08-03T12:37:16.342257+00:00] FALLO Xoom (a PayPal service): codigo de salida 1:     return task.result()
           ^^^^^^^^^^^^^
  File "/opt/hostedtoolcache/Python/3.11.15/x64/lib/python3.11/site-packages/playwright/_impl/_locator.py", line 165, in click
    return await self._frame._click(self._selector, strict=True, **params)
           ^^^^^^^^^^^^^^^^^^^^^^^^^^^^^^^^^^^^^^^^^^^^^^^^^^^^^^^^^^^^^^^
  File "/opt/hostedtoolcache/Python/3.11.15/x64/lib/python3.11/site-packages/playwright/_impl/_frame.py", line 593, in _click
    await self._channel.send("click", self._timeout, locals_to_params(locals()))
  File "/opt/hostedtoolcache/Python/3.11.15/x64/lib/python3.11/site-packages/playwright/_impl/_connection.py", line 76, in send
    return await self._connection.wrap_api_call(
           ^^^^^^^^^^^^^^^^^^^^^^^^^^^^^^^^^^^^^
  File "/opt/hostedtoolcache/Python/3.11.15/x64/lib/python3.11/site-packages/playwright/_impl/_connection.py", line 632, in wrap_api_call
    raise rewrite_error(error, f"{parsed_st['apiName']}: {error}") from None
playwright._impl._errors.TimeoutError: Locator.click: Timeout 10000ms exceeded.
Call log:
  - waiting for get_by_role("button", name="Show Fees")
[2026-08-03T12:37:16.342314+00:00] === Iniciando RemitBee (remitbee.py) ===
[2026-08-03T12:37:28.321274+00:00]   [RemitBee] CA->SV $100: todo ya recolectado hoy, se omite (sin captura nueva de evidencia).
[2026-08-03T12:37:28.321313+00:00]   [RemitBee] CA->SV $200: todo ya recolectado hoy, se omite (sin captura nueva de evidencia).
[2026-08-03T12:37:28.321319+00:00]   [RemitBee] CA->SV $500: todo ya recolectado hoy, se omite (sin captura nueva de evidencia).
[2026-08-03T12:37:28.321326+00:00] OK RemitBee: 0 observaciones nuevas

RECORDATORIO: MoneyGram sigue pendiente de muestreo manual (operators.requires_manual_sampling=1) -- su sitio bloquea automatizacion de forma explicita (ver operators.notes, confirmado 2026-08-01). Este orquestador NO lo corre ni lo intenta: no existe collectors/moneygram.py a proposito.
