[2026-10-06T15:54:45.614408+00:00] === Iniciando Remitly (remitly.py) ===
[2026-10-06T15:54:47.481433+00:00]   [Remitly] US->SV: 9 observaciones insertadas desde https://www.remitly.com/us/en/el-salvador/pricing
[2026-10-06T15:54:47.481467+00:00]   [Remitly]   Evidencia: evidence/remitly_us_20261006T155446Z.html (sha256=5c6a0a450647a92db341b64895382a66100108f7e3086a13716d9fc0eb52a229)
[2026-10-06T15:54:47.481475+00:00]   [Remitly] CA->SV: 9 observaciones insertadas desde https://www.remitly.com/ca/en/el-salvador/pricing
[2026-10-06T15:54:47.481481+00:00]   [Remitly]   Evidencia: evidence/remitly_ca_20261006T155447Z.html (sha256=9951cf0e377daa167b197db23bc26e32b1d7e72970e48ff3806880acad293cc1)
[2026-10-06T15:54:47.481489+00:00] OK Remitly: 18 observaciones nuevas
[2026-10-06T15:54:47.481519+00:00] === Iniciando Western Union (western_union.py) ===
[2026-10-06T15:55:58.471398+00:00]   [Western Union] US->SV $100: 5 observaciones insertadas. Evidencia: evidence/western_union_us_100_20261006T155503Z.jpg (sha256=dbdd60006f39d53f24dc1c7a511b1d012ce592f872a1911225692003a47eb0d7)
[2026-10-06T15:55:58.471438+00:00]   [Western Union] US->SV $200: 5 observaciones insertadas. Evidencia: evidence/western_union_us_200_20261006T155524Z.jpg (sha256=9df069365a5c264ea6b2107a1ea06731b3e61476d4b18255c683e2fd38b317f4)
[2026-10-06T15:55:58.471464+00:00] FALLO Western Union: codigo de salida 1:     return task.result()
           ^^^^^^^^^^^^^
  File "/opt/hostedtoolcache/Python/3.11.16/x64/lib/python3.11/site-packages/playwright/_impl/_page.py", line 429, in wait_for_selector
    return await self._main_frame.wait_for_selector(**locals_to_params(locals()))
           ^^^^^^^^^^^^^^^^^^^^^^^^^^^^^^^^^^^^^^^^^^^^^^^^^^^^^^^^^^^^^^^^^^^^^^
  File "/opt/hostedtoolcache/Python/3.11.16/x64/lib/python3.11/site-packages/playwright/_impl/_frame.py", line 395, in wait_for_selector
    await self._channel.send(
  File "/opt/hostedtoolcache/Python/3.11.16/x64/lib/python3.11/site-packages/playwright/_impl/_connection.py", line 76, in send
    return await self._connection.wrap_api_call(
           ^^^^^^^^^^^^^^^^^^^^^^^^^^^^^^^^^^^^^
  File "/opt/hostedtoolcache/Python/3.11.16/x64/lib/python3.11/site-packages/playwright/_impl/_connection.py", line 632, in wrap_api_call
    raise rewrite_error(error, f"{parsed_st['apiName']}: {error}") from None
playwright._impl._errors.TimeoutError: Page.wait_for_selector: Timeout 15000ms exceeded.
Call log:
  - waiting for locator("[role=\"radiogroup\"] [role=\"radio\"]") to be visible
[2026-10-06T15:55:58.471494+00:00] === Iniciando Ria Money Transfer (ria.py) ===
[2026-10-06T15:57:02.785481+00:00]   [Ria Money Transfer] US->SV $100 (Bank): 1 observacion insertada. Evidencia: evidence/ria_us_bank_account_100_20261006T155609Z.jpg (sha256=c9b21076246aa6d6d94dde9166c1287b26f47957129b4f3b4826ecf5b5fead9c)
[2026-10-06T15:57:02.785521+00:00]   [Ria Money Transfer] US->SV $100 (Credit card): 1 observacion insertada. Evidencia: evidence/ria_us_credit_card_100_20261006T155611Z.jpg (sha256=dd346718ba78969d44af213ec29fc38ec98e770db2aa56f67207404b0e0494c8)
[2026-10-06T15:57:02.785528+00:00]   [Ria Money Transfer] US->SV $100 (Debit card): 1 observacion insertada. Evidencia: evidence/ria_us_debit_card_100_20261006T155614Z.jpg (sha256=cf51853cd9ac83b0fd781613f72b18bf20e8cfa9e1d0547f5811e591e0c5c377)
[2026-10-06T15:57:02.785534+00:00]   [Ria Money Transfer] US->SV $100 (Cash): 1 observacion insertada. Evidencia: evidence/ria_us_cash_100_20261006T155616Z.jpg (sha256=8e8a08af087b117a2f09a7459b8c6de0eeb3cbd692a06ad697a53945923655a1)
[2026-10-06T15:57:02.785540+00:00]   [Ria Money Transfer] US->SV $200 (Bank): 1 observacion insertada. Evidencia: evidence/ria_us_bank_account_200_20261006T155621Z.jpg (sha256=1604a5048035d94ae90c1a155379820c9070b80345e6076ef79d0879e27de49d)
[2026-10-06T15:57:02.785545+00:00]   [Ria Money Transfer] US->SV $200 (Credit card): 1 observacion insertada. Evidencia: evidence/ria_us_credit_card_200_20261006T155623Z.jpg (sha256=af36782ce7415baee3610359f5933661aaea7554e491de45ed4ad3f917837302)
[2026-10-06T15:57:02.785551+00:00]   [Ria Money Transfer] Intento 1/3 fallo para corredor US->SV: ValueError: No se pudo leer 'Fee' en el resumen de Ria: 'Quote details\n\nYou send\n\nUSD\n\nThey receive\n\nUSD\n\nEnter an amount between 1-29999.99 USD.\n\nPayment method\nDelivery method\nFee\nTotal to pay\nDelivery time\nStart your transfer\nSend via WhatsApp\n\nLearn more about sending money on WhatsApp'. Reintentando en 5s...
[2026-10-06T15:57:02.785567+00:00]   [Ria Money Transfer] Intento 2/3 fallo para corredor US->SV: TimeoutError: Locator.click: Timeout 10000ms exceeded.
[2026-10-06T15:57:02.785572+00:00]   [Ria Money Transfer] Call log:
[2026-10-06T15:57:02.785576+00:00]   [Ria Money Transfer]   - waiting for get_by_role("button", name="Select Destination")
[2026-10-06T15:57:02.785580+00:00]   [Ria Money Transfer] . Reintentando en 10s...
[2026-10-06T15:57:02.785593+00:00] FALLO Ria Money Transfer: codigo de salida 1:     return task.result()
           ^^^^^^^^^^^^^
  File "/opt/hostedtoolcache/Python/3.11.16/x64/lib/python3.11/site-packages/playwright/_impl/_locator.py", line 165, in click
    return await self._frame._click(self._selector, strict=True, **params)
           ^^^^^^^^^^^^^^^^^^^^^^^^^^^^^^^^^^^^^^^^^^^^^^^^^^^^^^^^^^^^^^^
  File "/opt/hostedtoolcache/Python/3.11.16/x64/lib/python3.11/site-packages/playwright/_impl/_frame.py", line 594, in _click
    await self._channel.send("click", self._timeout, locals_to_params(locals()))
  File "/opt/hostedtoolcache/Python/3.11.16/x64/lib/python3.11/site-packages/playwright/_impl/_connection.py", line 76, in send
    return await self._connection.wrap_api_call(
           ^^^^^^^^^^^^^^^^^^^^^^^^^^^^^^^^^^^^^
  File "/opt/hostedtoolcache/Python/3.11.16/x64/lib/python3.11/site-packages/playwright/_impl/_connection.py", line 632, in wrap_api_call
    raise rewrite_error(error, f"{parsed_st['apiName']}: {error}") from None
playwright._impl._errors.TimeoutError: Locator.click: Timeout 10000ms exceeded.
Call log:
  - waiting for get_by_role("button", name="Select Destination")
[2026-10-06T15:57:02.785625+00:00] === Iniciando Xoom (a PayPal service) (xoom.py) ===
[2026-10-06T15:57:27.723659+00:00]   [Xoom (a PayPal service)] US->SV $100: 15 observaciones insertadas. Evidencia: evidence/xoom_us_100_20261006T155707Z.jpg (sha256=83804bec87a0246eb36b6e7d39955f7acc5bc78da69842a7540b832583938f04)
[2026-10-06T15:57:27.723693+00:00]   [Xoom (a PayPal service)] US->SV $200: 15 observaciones insertadas. Evidencia: evidence/xoom_us_200_20261006T155710Z.jpg (sha256=8cc6d6b5958c6a1d8922b651497b65d9946e7be5d650ce7eac278cc1e1e3eaa4)
[2026-10-06T15:57:27.723699+00:00]   [Xoom (a PayPal service)] US->SV $500: 15 observaciones insertadas. Evidencia: evidence/xoom_us_500_20261006T155714Z.jpg (sha256=c2604f3103be4cc01c875c950ea1d56d309c9451c0732a339cd4f725fb596488)
[2026-10-06T15:57:27.723704+00:00]   [Xoom (a PayPal service)] CA->SV $100: 8 observaciones insertadas. Evidencia: evidence/xoom_ca_100_20261006T155720Z.jpg (sha256=6a6c4fa7979cd95e6de86352208bb4bd6b02e44d97588368e31ff1263542239e)
[2026-10-06T15:57:27.723712+00:00]   [Xoom (a PayPal service)] CA->SV $200: 8 observaciones insertadas. Evidencia: evidence/xoom_ca_200_20261006T155723Z.jpg (sha256=b6b1aeb1ff155e06484c975d3bdb749e7ad7eeb7e8d99a5b7b9d9bd40d6c9eb6)
[2026-10-06T15:57:27.723716+00:00]   [Xoom (a PayPal service)] CA->SV $500: 8 observaciones insertadas. Evidencia: evidence/xoom_ca_500_20261006T155726Z.jpg (sha256=b822bae76ffb007f7ede1053587ff3015952b63fab36e082aa13352407c22f4a)
[2026-10-06T15:57:27.723722+00:00] OK Xoom (a PayPal service): 69 observaciones nuevas
[2026-10-06T15:57:27.723750+00:00] === Iniciando RemitBee (remitbee.py) ===
[2026-10-06T15:57:38.450322+00:00]   [RemitBee] CA->SV $100: 4 observaciones insertadas. Evidencia: evidence/remitbee_ca_100_20261006T155732Z.jpg (sha256=5aacf47ec2a093b87e86d21b72483263c9be056894fa4ff822af1af7d94fbcd1)
[2026-10-06T15:57:38.450358+00:00]   [RemitBee] CA->SV $200: 4 observaciones insertadas. Evidencia: evidence/remitbee_ca_200_20261006T155734Z.jpg (sha256=396465cba4a7723bac662d1786f96335ec96133b01a3c45ff5a649617098051e)
[2026-10-06T15:57:38.450391+00:00]   [RemitBee] CA->SV $500: 4 observaciones insertadas. Evidencia: evidence/remitbee_ca_500_20261006T155737Z.jpg (sha256=d3aa0ba3ed1dac18a711100c85163ac96b9ffa78f8fbf3127e0dc7ce5904f3c9)
[2026-10-06T15:57:38.450399+00:00] OK RemitBee: 12 observaciones nuevas

RECORDATORIO: MoneyGram sigue pendiente de muestreo manual (operators.requires_manual_sampling=1) -- su sitio bloquea automatizacion de forma explicita (ver operators.notes, confirmado 2026-08-01). Este orquestador NO lo corre ni lo intenta: no existe collectors/moneygram.py a proposito.
