[2026-10-10T15:19:58.410367+00:00] === Iniciando Remitly (remitly.py) ===
[2026-10-10T15:19:59.498390+00:00]   [Remitly] US->SV: 9 observaciones insertadas desde https://www.remitly.com/us/en/el-salvador/pricing
[2026-10-10T15:19:59.498426+00:00]   [Remitly]   Evidencia: evidence/remitly_us_20261010T151959Z.html (sha256=0e47bb04990f6606bc05cd66d4b5654548a5adb66b378d841643c8b30e5521eb)
[2026-10-10T15:19:59.498430+00:00]   [Remitly] CA->SV: 9 observaciones insertadas desde https://www.remitly.com/ca/en/el-salvador/pricing
[2026-10-10T15:19:59.498433+00:00]   [Remitly]   Evidencia: evidence/remitly_ca_20261010T151959Z.html (sha256=eff8dad37a5ada7b2317b4aba2bd64dfe344a94796014843c9137c44278edbb1)
[2026-10-10T15:19:59.498438+00:00] OK Remitly: 18 observaciones nuevas
[2026-10-10T15:19:59.498464+00:00] === Iniciando Western Union (western_union.py) ===
[2026-10-10T15:21:19.048455+00:00]   [Western Union] US->SV $100: 5 observaciones insertadas. Evidencia: evidence/western_union_us_100_20261010T152010Z.jpg (sha256=c5b3f595171a106734434b4508ecd68622186b6c07799adacf74e767b7cc1946)
[2026-10-10T15:21:19.048505+00:00]   [Western Union] US->SV $200: 5 observaciones insertadas. Evidencia: evidence/western_union_us_200_20261010T152026Z.jpg (sha256=822efcb000ef123f2d616a8c039d8a3a7031a0840a0b7f60478491effca12765)
[2026-10-10T15:21:19.048513+00:00]   [Western Union] US->SV $500: 5 observaciones insertadas. Evidencia: evidence/western_union_us_500_20261010T152044Z.jpg (sha256=7a8bdf5cff0363ad52667e485738740df2468b961fa77c80b3d91368d37fccb6)
[2026-10-10T15:21:19.048532+00:00] FALLO Western Union: codigo de salida 1:     return task.result()
           ^^^^^^^^^^^^^
  File "/opt/hostedtoolcache/Python/3.11.17/x64/lib/python3.11/site-packages/playwright/_impl/_locator.py", line 752, in wait_for
    await self._frame.wait_for_selector(
  File "/opt/hostedtoolcache/Python/3.11.17/x64/lib/python3.11/site-packages/playwright/_impl/_frame.py", line 395, in wait_for_selector
    await self._channel.send(
  File "/opt/hostedtoolcache/Python/3.11.17/x64/lib/python3.11/site-packages/playwright/_impl/_connection.py", line 76, in send
    return await self._connection.wrap_api_call(
           ^^^^^^^^^^^^^^^^^^^^^^^^^^^^^^^^^^^^^
  File "/opt/hostedtoolcache/Python/3.11.17/x64/lib/python3.11/site-packages/playwright/_impl/_connection.py", line 632, in wrap_api_call
    raise rewrite_error(error, f"{parsed_st['apiName']}: {error}") from None
playwright._impl._errors.TimeoutError: Locator.wait_for: Timeout 15000ms exceeded.
Call log:
  - waiting for locator("[role=\"dialog\"]").last to be visible
    34 × locator resolved to hidden <div role="dialog" tabindex="-1" aria-modal="true" class="modal-overlay" data-modal-element-overlay="" data-modal-close-button-parent="">…</div>
[2026-10-10T15:21:19.048564+00:00] === Iniciando Ria Money Transfer (ria.py) ===
[2026-10-10T15:22:58.326755+00:00]   [Ria Money Transfer] Intento 1/3 fallo para corredor US->SV: TimeoutError: Locator.click: Timeout 10000ms exceeded.
[2026-10-10T15:22:58.326803+00:00]   [Ria Money Transfer] Call log:
[2026-10-10T15:22:58.326809+00:00]   [Ria Money Transfer]   - waiting for get_by_role("button", name="Select Destination")
[2026-10-10T15:22:58.326813+00:00]   [Ria Money Transfer] . Reintentando en 5s...
[2026-10-10T15:22:58.326817+00:00]   [Ria Money Transfer] US->SV $100 (Bank): 1 observacion insertada. Evidencia: evidence/ria_us_bank_account_100_20261010T152144Z.jpg (sha256=55b5b134f80b77b521d44d45be9f2b89d10f14544c007ebf15b73d98f939f30a)
[2026-10-10T15:22:58.326822+00:00]   [Ria Money Transfer] US->SV $100 (Credit card): 1 observacion insertada. Evidencia: evidence/ria_us_credit_card_100_20261010T152146Z.jpg (sha256=f1895ecc28c5548171e3b46d6912a9f17fcb6a84f454c71f1553903333f34ae4)
[2026-10-10T15:22:58.326826+00:00]   [Ria Money Transfer] US->SV $100 (Debit card): 1 observacion insertada. Evidencia: evidence/ria_us_debit_card_100_20261010T152148Z.jpg (sha256=59664978d67b8906dc436d5160f189629b0e5c90a9f4c98a918401cf7fbb8e27)
[2026-10-10T15:22:58.326830+00:00]   [Ria Money Transfer] US->SV $100 (Cash): 1 observacion insertada. Evidencia: evidence/ria_us_cash_100_20261010T152150Z.jpg (sha256=7fd6d1d0a336e81694191a1e6ffd266a3e80b19e2ba506b55150e9ab4169e495)
[2026-10-10T15:22:58.326843+00:00]   [Ria Money Transfer] US->SV $200 (Bank): 1 observacion insertada. Evidencia: evidence/ria_us_bank_account_200_20261010T152154Z.jpg (sha256=c6ee3199b57446f333c361e41143d2e0bae0e4196452a512dd659e948fef15ab)
[2026-10-10T15:22:58.326846+00:00]   [Ria Money Transfer] US->SV $200 (Credit card): 1 observacion insertada. Evidencia: evidence/ria_us_credit_card_200_20261010T152156Z.jpg (sha256=22d84a243785b2ae4b9fab684e5baee40a556f73521979960321cf539d96766f)
[2026-10-10T15:22:58.326849+00:00]   [Ria Money Transfer] US->SV $200 (Debit card): 1 observacion insertada. Evidencia: evidence/ria_us_debit_card_200_20261010T152158Z.jpg (sha256=3c55ecaec7105e66f1162b2c34beb219692ac9c3a457c099d7273a792dad974e)
[2026-10-10T15:22:58.326852+00:00]   [Ria Money Transfer] US->SV $200 (Cash): 1 observacion insertada. Evidencia: evidence/ria_us_cash_200_20261010T152200Z.jpg (sha256=357ff2135c63ab8e62062b32df8127621770b1d251d2e3e0d701b546aef796d1)
[2026-10-10T15:22:58.326855+00:00]   [Ria Money Transfer] US->SV $500 (Bank): 1 observacion insertada. Evidencia: evidence/ria_us_bank_account_500_20261010T152204Z.jpg (sha256=d8491672c264a8cb8f81fe3b1f459cc88206344015853a132e72a7b3457607a6)
[2026-10-10T15:22:58.326857+00:00]   [Ria Money Transfer] US->SV $500 (Credit card): 1 observacion insertada. Evidencia: evidence/ria_us_credit_card_500_20261010T152207Z.jpg (sha256=6c799a3612f1d1e1abdcc8363237ec1059416319ff3df5f0a687c944d1034db4)
[2026-10-10T15:22:58.326860+00:00]   [Ria Money Transfer] US->SV $500 (Debit card): 1 observacion insertada. Evidencia: evidence/ria_us_debit_card_500_20261010T152209Z.jpg (sha256=09ad72c304c609e517b707d3e3e780b96403981b64c9d95830042ec1db176555)
[2026-10-10T15:22:58.326863+00:00]   [Ria Money Transfer] US->SV $500 (Cash): fuera de rango valido, se omite (no se inserta fila).
[2026-10-10T15:22:58.326865+00:00]   [Ria Money Transfer] Intento 1/3 fallo para corredor CA->SV: TimeoutError: Locator.click: Timeout 10000ms exceeded.
[2026-10-10T15:22:58.326868+00:00]   [Ria Money Transfer] Call log:
[2026-10-10T15:22:58.326871+00:00]   [Ria Money Transfer]   - waiting for get_by_role("button", name="Select Destination")
[2026-10-10T15:22:58.326874+00:00]   [Ria Money Transfer] . Reintentando en 5s...
[2026-10-10T15:22:58.326877+00:00]   [Ria Money Transfer] Intento 2/3 fallo para corredor CA->SV: TimeoutError: Locator.click: Timeout 10000ms exceeded.
[2026-10-10T15:22:58.326879+00:00]   [Ria Money Transfer] Call log:
[2026-10-10T15:22:58.326882+00:00]   [Ria Money Transfer]   - waiting for get_by_role("button", name="Select Destination")
[2026-10-10T15:22:58.326885+00:00]   [Ria Money Transfer] . Reintentando en 10s...
[2026-10-10T15:22:58.326900+00:00] FALLO Ria Money Transfer: codigo de salida 1:     return task.result()
           ^^^^^^^^^^^^^
  File "/opt/hostedtoolcache/Python/3.11.17/x64/lib/python3.11/site-packages/playwright/_impl/_locator.py", line 165, in click
    return await self._frame._click(self._selector, strict=True, **params)
           ^^^^^^^^^^^^^^^^^^^^^^^^^^^^^^^^^^^^^^^^^^^^^^^^^^^^^^^^^^^^^^^
  File "/opt/hostedtoolcache/Python/3.11.17/x64/lib/python3.11/site-packages/playwright/_impl/_frame.py", line 594, in _click
    await self._channel.send("click", self._timeout, locals_to_params(locals()))
  File "/opt/hostedtoolcache/Python/3.11.17/x64/lib/python3.11/site-packages/playwright/_impl/_connection.py", line 76, in send
    return await self._connection.wrap_api_call(
           ^^^^^^^^^^^^^^^^^^^^^^^^^^^^^^^^^^^^^
  File "/opt/hostedtoolcache/Python/3.11.17/x64/lib/python3.11/site-packages/playwright/_impl/_connection.py", line 632, in wrap_api_call
    raise rewrite_error(error, f"{parsed_st['apiName']}: {error}") from None
playwright._impl._errors.TimeoutError: Locator.click: Timeout 10000ms exceeded.
Call log:
  - waiting for get_by_role("button", name="Select Destination")
[2026-10-10T15:22:58.326927+00:00] === Iniciando Xoom (a PayPal service) (xoom.py) ===
[2026-10-10T15:23:22.593891+00:00]   [Xoom (a PayPal service)] US->SV $100: 15 observaciones insertadas. Evidencia: evidence/xoom_us_100_20261010T152302Z.jpg (sha256=fea4112abd760744e0b0b50be222d5e9df98edf6b3099707cc188590204b2ba8)
[2026-10-10T15:23:22.593929+00:00]   [Xoom (a PayPal service)] US->SV $200: 15 observaciones insertadas. Evidencia: evidence/xoom_us_200_20261010T152306Z.jpg (sha256=cd4514786b3c7a4a1f84cc7dd4cb1bdd5fcef327acac889d6ea673a577fc86ba)
[2026-10-10T15:23:22.593933+00:00]   [Xoom (a PayPal service)] US->SV $500: 15 observaciones insertadas. Evidencia: evidence/xoom_us_500_20261010T152309Z.jpg (sha256=2f9d8e1f2ebab4c32eb1666b5c902b0208c6ef5c29de9096ed8c618d209d81a6)
[2026-10-10T15:23:22.593935+00:00]   [Xoom (a PayPal service)] CA->SV $100: 8 observaciones insertadas. Evidencia: evidence/xoom_ca_100_20261010T152315Z.jpg (sha256=f4aaa1d36cd3c580352ffc5f48dcf034e3914f4d00237b5dbd8d093f8dc766b6)
[2026-10-10T15:23:22.593938+00:00]   [Xoom (a PayPal service)] CA->SV $200: 8 observaciones insertadas. Evidencia: evidence/xoom_ca_200_20261010T152318Z.jpg (sha256=834e61963533b66585d3e961fa2ebaf109f058b30d035c0138a37462e691311d)
[2026-10-10T15:23:22.593941+00:00]   [Xoom (a PayPal service)] CA->SV $500: 8 observaciones insertadas. Evidencia: evidence/xoom_ca_500_20261010T152321Z.jpg (sha256=4a7b6b75e59f11fc4e2b04ead70d80d360dab569bb9a2c62674a9c3b60417b76)
[2026-10-10T15:23:22.593946+00:00] OK Xoom (a PayPal service): 69 observaciones nuevas
[2026-10-10T15:23:22.593973+00:00] === Iniciando RemitBee (remitbee.py) ===
[2026-10-10T15:23:31.379817+00:00]   [RemitBee] CA->SV $100: 4 observaciones insertadas. Evidencia: evidence/remitbee_ca_100_20261010T152325Z.jpg (sha256=e2271c896ebacfafe3f632559bd12991ac925ef21d3fb446405b0593070622e0)
[2026-10-10T15:23:31.379857+00:00]   [RemitBee] CA->SV $200: 4 observaciones insertadas. Evidencia: evidence/remitbee_ca_200_20261010T152328Z.jpg (sha256=b38e950b18fee5c594a942b8057e76342971fb4374b0393422f81657f1b58d28)
[2026-10-10T15:23:31.379862+00:00]   [RemitBee] CA->SV $500: 4 observaciones insertadas. Evidencia: evidence/remitbee_ca_500_20261010T152330Z.jpg (sha256=07bfcfd341846fb72fdf3273eee46103cd3c1321b2cb465811c0931ffb4f6ce4)
[2026-10-10T15:23:31.379871+00:00] OK RemitBee: 12 observaciones nuevas

RECORDATORIO: MoneyGram sigue pendiente de muestreo manual (operators.requires_manual_sampling=1) -- su sitio bloquea automatizacion de forma explicita (ver operators.notes, confirmado 2026-08-01). Este orquestador NO lo corre ni lo intenta: no existe collectors/moneygram.py a proposito.
