[2026-08-23T09:40:05.382211+00:00] === Iniciando Remitly (remitly.py) ===
[2026-08-23T09:40:06.766255+00:00]   [Remitly] US->SV: 9 observaciones insertadas desde https://www.remitly.com/us/en/el-salvador/pricing
[2026-08-23T09:40:06.766283+00:00]   [Remitly]   Evidencia: evidence/remitly_us_20260823T094006Z.html (sha256=31929b3cf1efdce7144dedcb87b30df196fdcd28371cc06c4b802c0a86a37027)
[2026-08-23T09:40:06.766288+00:00]   [Remitly] CA->SV: 9 observaciones insertadas desde https://www.remitly.com/ca/en/el-salvador/pricing
[2026-08-23T09:40:06.766290+00:00]   [Remitly]   Evidencia: evidence/remitly_ca_20260823T094006Z.html (sha256=846a62057a45ce198194a7f85458bcca42c2190e802bf6fa59a3094f45bc6b84)
[2026-08-23T09:40:06.766296+00:00] OK Remitly: 18 observaciones nuevas
[2026-08-23T09:40:06.766325+00:00] === Iniciando Western Union (western_union.py) ===
[2026-08-23T09:41:31.859031+00:00]   [Western Union] US->SV $100: 5 observaciones insertadas. Evidencia: evidence/western_union_us_100_20260823T094022Z.jpg (sha256=015a62e08b1a049e69292fe4452e3049e255b1bc3eaeb42d0fc67838980c7e9a)
[2026-08-23T09:41:31.859064+00:00]   [Western Union] US->SV $200: 5 observaciones insertadas. Evidencia: evidence/western_union_us_200_20260823T094038Z.jpg (sha256=9df069365a5c264ea6b2107a1ea06731b3e61476d4b18255c683e2fd38b317f4)
[2026-08-23T09:41:31.859070+00:00]   [Western Union] US->SV $500: 5 observaciones insertadas. Evidencia: evidence/western_union_us_500_20260823T094056Z.jpg (sha256=e550fa2e90b31d42b6fb4c6e2dd9b060859cc9c17b04b0dbe806e4b98dd9f55f)
[2026-08-23T09:41:31.859085+00:00] FALLO Western Union: codigo de salida 1:     return task.result()
           ^^^^^^^^^^^^^
  File "/opt/hostedtoolcache/Python/3.11.16/x64/lib/python3.11/site-packages/playwright/_impl/_locator.py", line 748, in wait_for
    await self._frame.wait_for_selector(
  File "/opt/hostedtoolcache/Python/3.11.16/x64/lib/python3.11/site-packages/playwright/_impl/_frame.py", line 394, in wait_for_selector
    await self._channel.send(
  File "/opt/hostedtoolcache/Python/3.11.16/x64/lib/python3.11/site-packages/playwright/_impl/_connection.py", line 76, in send
    return await self._connection.wrap_api_call(
           ^^^^^^^^^^^^^^^^^^^^^^^^^^^^^^^^^^^^^
  File "/opt/hostedtoolcache/Python/3.11.16/x64/lib/python3.11/site-packages/playwright/_impl/_connection.py", line 632, in wrap_api_call
    raise rewrite_error(error, f"{parsed_st['apiName']}: {error}") from None
playwright._impl._errors.TimeoutError: Locator.wait_for: Timeout 15000ms exceeded.
Call log:
  - waiting for locator("[role=\"dialog\"]").last to be visible
    34 × locator resolved to hidden <div role="dialog" tabindex="-1" aria-modal="true" class="modal-overlay" data-modal-element-overlay="" data-modal-close-button-parent="">…</div>
[2026-08-23T09:41:31.859112+00:00] === Iniciando Ria Money Transfer (ria.py) ===
[2026-08-23T09:42:38.437368+00:00]   [Ria Money Transfer] US->SV $100 (Bank): 1 observacion insertada. Evidencia: evidence/ria_us_bank_account_100_20260823T094142Z.jpg (sha256=3d494a4685ae615c71394f059580479dd20b5cb5f7e6b4facbd3e9bdb4348be8)
[2026-08-23T09:42:38.437399+00:00]   [Ria Money Transfer] US->SV $100 (Credit card): 1 observacion insertada. Evidencia: evidence/ria_us_credit_card_100_20260823T094144Z.jpg (sha256=b0a64fc04b54ba9ec8a4cdbfa3fbbbfcb7cab704ea97a185f49365b2ba914050)
[2026-08-23T09:42:38.437403+00:00]   [Ria Money Transfer] US->SV $100 (Debit card): 1 observacion insertada. Evidencia: evidence/ria_us_debit_card_100_20260823T094147Z.jpg (sha256=d5d5d817d6bed0588040d20356821f19d0ff8313a22b451cf249bd2b37de8e2b)
[2026-08-23T09:42:38.437405+00:00]   [Ria Money Transfer] US->SV $100 (Cash): 1 observacion insertada. Evidencia: evidence/ria_us_cash_100_20260823T094149Z.jpg (sha256=84a4bbf7851af85ddae3fb1a682a84492bcef7ef5da40d3272268eca33a7fa86)
[2026-08-23T09:42:38.437408+00:00]   [Ria Money Transfer] US->SV $200 (Bank): 1 observacion insertada. Evidencia: evidence/ria_us_bank_account_200_20260823T094153Z.jpg (sha256=953dc1d9841b2c4a2df9704caad9a08c5cccbc2ced046de861a33a9e60c1c692)
[2026-08-23T09:42:38.437411+00:00]   [Ria Money Transfer] US->SV $200 (Credit card): 1 observacion insertada. Evidencia: evidence/ria_us_credit_card_200_20260823T094156Z.jpg (sha256=30a1cddd386a6b7ef0dbc2d33c13b70c5f2ee5207e10eafe9a126843592df078)
[2026-08-23T09:42:38.437420+00:00]   [Ria Money Transfer] US->SV $200 (Debit card): 1 observacion insertada. Evidencia: evidence/ria_us_debit_card_200_20260823T094158Z.jpg (sha256=059dcb8a0124d95a279bb6ae4f10c7fc0d842bcc9df1bbaa54ed77e9c5fe346f)
[2026-08-23T09:42:38.437423+00:00]   [Ria Money Transfer] US->SV $200 (Cash): 1 observacion insertada. Evidencia: evidence/ria_us_cash_200_20260823T094200Z.jpg (sha256=304b61012326088bd056febe4495827e4a41be61f39a80a4a91518b1b688429d)
[2026-08-23T09:42:38.437425+00:00]   [Ria Money Transfer] US->SV $500 (Bank): 1 observacion insertada. Evidencia: evidence/ria_us_bank_account_500_20260823T094205Z.jpg (sha256=0a2052ce42d73c1f83e1641e80c4d53b2489be804c7e9ab0f39f8a4b3f504c95)
[2026-08-23T09:42:38.437427+00:00]   [Ria Money Transfer] US->SV $500 (Credit card): 1 observacion insertada. Evidencia: evidence/ria_us_credit_card_500_20260823T094207Z.jpg (sha256=2975d1658bae9d9387d924e746bfcfd6f75fe296c28e4052790d411545366cc9)
[2026-08-23T09:42:38.437429+00:00]   [Ria Money Transfer] US->SV $500 (Debit card): 1 observacion insertada. Evidencia: evidence/ria_us_debit_card_500_20260823T094210Z.jpg (sha256=de733a09c386ce2b97b7b3610909562695ddf6a0aec112e0746d4d6681cbf54a)
[2026-08-23T09:42:38.437431+00:00]   [Ria Money Transfer] US->SV $500 (Cash): fuera de rango valido, se omite (no se inserta fila).
[2026-08-23T09:42:38.437433+00:00]   [Ria Money Transfer] CA->SV $100 (Credit card): 1 observacion insertada. Evidencia: evidence/ria_ca_credit_card_100_20260823T094222Z.jpg (sha256=18b9479c034f89d26a62c004ca78bef9d5f54f7edf0d605451f4923325e660fd)
[2026-08-23T09:42:38.437436+00:00]   [Ria Money Transfer] CA->SV $100 (Debit card): 1 observacion insertada. Evidencia: evidence/ria_ca_debit_card_100_20260823T094224Z.jpg (sha256=4f77b79b302767ba620a3a5b69b47d76398036d9d4ced51622bde00cbb25901a)
[2026-08-23T09:42:38.437438+00:00]   [Ria Money Transfer] CA->SV $200 (Credit card): 1 observacion insertada. Evidencia: evidence/ria_ca_credit_card_200_20260823T094228Z.jpg (sha256=3c40416e3e3581481ec389298cc2d3a33a04725cdd545055cfc4e5a4ec724c12)
[2026-08-23T09:42:38.437443+00:00]   [Ria Money Transfer] CA->SV $200 (Debit card): 1 observacion insertada. Evidencia: evidence/ria_ca_debit_card_200_20260823T094231Z.jpg (sha256=515c2fa611705f1a532bfdb32d6ea79e40194caefde11aece4b3dfa3968833ed)
[2026-08-23T09:42:38.437445+00:00]   [Ria Money Transfer] CA->SV $500 (Credit card): 1 observacion insertada. Evidencia: evidence/ria_ca_credit_card_500_20260823T094235Z.jpg (sha256=e72482a7387655130a81fb6c344db3bba57fe86eb60c003cfdae56b6c9647200)
[2026-08-23T09:42:38.437447+00:00]   [Ria Money Transfer] CA->SV $500 (Debit card): 1 observacion insertada. Evidencia: evidence/ria_ca_debit_card_500_20260823T094237Z.jpg (sha256=aea23407f8ef4f59130ecb30f86d114af6ef2bdad97460a57c9b1c6c7faa90d7)
[2026-08-23T09:42:38.437451+00:00] OK Ria Money Transfer: 17 observaciones nuevas
[2026-08-23T09:42:38.437475+00:00] === Iniciando Xoom (a PayPal service) (xoom.py) ===
[2026-08-23T09:43:02.884857+00:00]   [Xoom (a PayPal service)] US->SV $100: 15 observaciones insertadas. Evidencia: evidence/xoom_us_100_20260823T094242Z.jpg (sha256=b6d428f7b984e0a05d8a7612ac6789c85a7e4efe1535a06320fbfcedb402a22c)
[2026-08-23T09:43:02.884891+00:00]   [Xoom (a PayPal service)] US->SV $200: 15 observaciones insertadas. Evidencia: evidence/xoom_us_200_20260823T094246Z.jpg (sha256=1b1ec8121c9e9820687bf5eb1d40fa15d57aa538321bb3e02ebbd24a1f0699d8)
[2026-08-23T09:43:02.884898+00:00]   [Xoom (a PayPal service)] US->SV $500: 15 observaciones insertadas. Evidencia: evidence/xoom_us_500_20260823T094249Z.jpg (sha256=14b1d81b9b939f1e5eea5daddbae403244784e57021fe47ae7b1b252aba8e985)
[2026-08-23T09:43:02.884901+00:00]   [Xoom (a PayPal service)] CA->SV $100: 8 observaciones insertadas. Evidencia: evidence/xoom_ca_100_20260823T094255Z.jpg (sha256=3ff72349ad5a8d865c2372a44a3b1486b2221091104b156ace9c7337d65e2b4d)
[2026-08-23T09:43:02.884926+00:00]   [Xoom (a PayPal service)] CA->SV $200: 8 observaciones insertadas. Evidencia: evidence/xoom_ca_200_20260823T094258Z.jpg (sha256=36ce1034737a05bb34c1bff40e37eb33889abcc36eb1c85ac4dee696d7845093)
[2026-08-23T09:43:02.884929+00:00]   [Xoom (a PayPal service)] CA->SV $500: 8 observaciones insertadas. Evidencia: evidence/xoom_ca_500_20260823T094302Z.jpg (sha256=35cafeb95d07f4ae24529e047173622173e5b943a0782ec6f4313781fe75a9af)
[2026-08-23T09:43:02.884934+00:00] OK Xoom (a PayPal service): 69 observaciones nuevas
[2026-08-23T09:43:02.884963+00:00] === Iniciando RemitBee (remitbee.py) ===
[2026-08-23T09:43:11.947485+00:00]   [RemitBee] CA->SV $100: 4 observaciones insertadas. Evidencia: evidence/remitbee_ca_100_20260823T094306Z.jpg (sha256=8c7f6277bd57601999d20a40cdc7e266205253f5eb987385ebf7e879b37eaea8)
[2026-08-23T09:43:11.947516+00:00]   [RemitBee] CA->SV $200: 4 observaciones insertadas. Evidencia: evidence/remitbee_ca_200_20260823T094308Z.jpg (sha256=fb41d8e5e33d3a19b32e85527461e7f9518785c9dd96e5a5cbd21c95ab683b3c)
[2026-08-23T09:43:11.947521+00:00]   [RemitBee] CA->SV $500: 4 observaciones insertadas. Evidencia: evidence/remitbee_ca_500_20260823T094311Z.jpg (sha256=4e3470bbd6c3a6df6c3e7ab6ae34e15d8b297026000391965be976887b7c5ee4)
[2026-08-23T09:43:11.947528+00:00] OK RemitBee: 12 observaciones nuevas

RECORDATORIO: MoneyGram sigue pendiente de muestreo manual (operators.requires_manual_sampling=1) -- su sitio bloquea automatizacion de forma explicita (ver operators.notes, confirmado 2026-08-01). Este orquestador NO lo corre ni lo intenta: no existe collectors/moneygram.py a proposito.
