[2026-08-07T10:09:16.826243+00:00] === Iniciando Remitly (remitly.py) ===
[2026-08-07T10:09:18.269544+00:00]   [Remitly] US->SV: 12 observaciones insertadas desde https://www.remitly.com/us/en/el-salvador/pricing
[2026-08-07T10:09:18.269581+00:00]   [Remitly]   Evidencia: evidence/remitly_us_20260807T100917Z.html (sha256=75bafb4da4bb0aef356f4dd92c03383e176498ac5e0f490a63f8942b9fc798cb)
[2026-08-07T10:09:18.269590+00:00]   [Remitly] CA->SV: 12 observaciones insertadas desde https://www.remitly.com/ca/en/el-salvador/pricing
[2026-08-07T10:09:18.269597+00:00]   [Remitly]   Evidencia: evidence/remitly_ca_20260807T100918Z.html (sha256=613798c3317513fc55db36e28e487972d5ef2e15150eb6db90d77c7b19a72b56)
[2026-08-07T10:09:18.269605+00:00] OK Remitly: 24 observaciones nuevas
[2026-08-07T10:09:18.269678+00:00] === Iniciando Western Union (western_union.py) ===
[2026-08-07T10:10:34.613420+00:00]   [Western Union] US->SV $100: 5 observaciones insertadas. Evidencia: evidence/western_union_us_100_20260807T100937Z.jpg (sha256=015a62e08b1a049e69292fe4452e3049e255b1bc3eaeb42d0fc67838980c7e9a)
[2026-08-07T10:10:34.613463+00:00]   [Western Union] US->SV $200: 5 observaciones insertadas. Evidencia: evidence/western_union_us_200_20260807T100958Z.jpg (sha256=9df069365a5c264ea6b2107a1ea06731b3e61476d4b18255c683e2fd38b317f4)
[2026-08-07T10:10:34.613490+00:00] FALLO Western Union: codigo de salida 1:     return task.result()
           ^^^^^^^^^^^^^
  File "/opt/hostedtoolcache/Python/3.11.15/x64/lib/python3.11/site-packages/playwright/_impl/_page.py", line 427, in wait_for_selector
    return await self._main_frame.wait_for_selector(**locals_to_params(locals()))
           ^^^^^^^^^^^^^^^^^^^^^^^^^^^^^^^^^^^^^^^^^^^^^^^^^^^^^^^^^^^^^^^^^^^^^^
  File "/opt/hostedtoolcache/Python/3.11.15/x64/lib/python3.11/site-packages/playwright/_impl/_frame.py", line 394, in wait_for_selector
    await self._channel.send(
  File "/opt/hostedtoolcache/Python/3.11.15/x64/lib/python3.11/site-packages/playwright/_impl/_connection.py", line 76, in send
    return await self._connection.wrap_api_call(
           ^^^^^^^^^^^^^^^^^^^^^^^^^^^^^^^^^^^^^
  File "/opt/hostedtoolcache/Python/3.11.15/x64/lib/python3.11/site-packages/playwright/_impl/_connection.py", line 632, in wrap_api_call
    raise rewrite_error(error, f"{parsed_st['apiName']}: {error}") from None
playwright._impl._errors.TimeoutError: Page.wait_for_selector: Timeout 15000ms exceeded.
Call log:
  - waiting for locator("[role=\"radiogroup\"] [role=\"radio\"]") to be visible
[2026-08-07T10:10:34.613520+00:00] === Iniciando Ria Money Transfer (ria.py) ===
[2026-08-07T10:11:27.190125+00:00]   [Ria Money Transfer] Intento 1/3 fallo para corredor US->SV: TimeoutError: Locator.click: Timeout 10000ms exceeded.
[2026-08-07T10:11:27.190163+00:00]   [Ria Money Transfer] Call log:
[2026-08-07T10:11:27.190172+00:00]   [Ria Money Transfer]   - waiting for get_by_role("option").first
[2026-08-07T10:11:27.190178+00:00]   [Ria Money Transfer] . Reintentando en 5s...
[2026-08-07T10:11:27.190183+00:00]   [Ria Money Transfer] Intento 2/3 fallo para corredor US->SV: TimeoutError: Locator.click: Timeout 10000ms exceeded.
[2026-08-07T10:11:27.190189+00:00]   [Ria Money Transfer] Call log:
[2026-08-07T10:11:27.190195+00:00]   [Ria Money Transfer]   - waiting for get_by_role("option").first
[2026-08-07T10:11:27.190201+00:00]   [Ria Money Transfer] . Reintentando en 10s...
[2026-08-07T10:11:27.190219+00:00] FALLO Ria Money Transfer: codigo de salida 1:     return task.result()
           ^^^^^^^^^^^^^
  File "/opt/hostedtoolcache/Python/3.11.15/x64/lib/python3.11/site-packages/playwright/_impl/_locator.py", line 165, in click
    return await self._frame._click(self._selector, strict=True, **params)
           ^^^^^^^^^^^^^^^^^^^^^^^^^^^^^^^^^^^^^^^^^^^^^^^^^^^^^^^^^^^^^^^
  File "/opt/hostedtoolcache/Python/3.11.15/x64/lib/python3.11/site-packages/playwright/_impl/_frame.py", line 593, in _click
    await self._channel.send("click", self._timeout, locals_to_params(locals()))
  File "/opt/hostedtoolcache/Python/3.11.15/x64/lib/python3.11/site-packages/playwright/_impl/_connection.py", line 76, in send
    return await self._connection.wrap_api_call(
           ^^^^^^^^^^^^^^^^^^^^^^^^^^^^^^^^^^^^^
  File "/opt/hostedtoolcache/Python/3.11.15/x64/lib/python3.11/site-packages/playwright/_impl/_connection.py", line 632, in wrap_api_call
    raise rewrite_error(error, f"{parsed_st['apiName']}: {error}") from None
playwright._impl._errors.TimeoutError: Locator.click: Timeout 10000ms exceeded.
Call log:
  - waiting for get_by_role("option").first
[2026-08-07T10:11:27.190256+00:00] === Iniciando Xoom (a PayPal service) (xoom.py) ===
[2026-08-07T10:11:52.505580+00:00]   [Xoom (a PayPal service)] US->SV $100: 15 observaciones insertadas. Evidencia: evidence/xoom_us_100_20260807T101132Z.jpg (sha256=da87cb118d8b3af0b7d8b719997a225b6c42fb1456952be6d94e79a487aca3f3)
[2026-08-07T10:11:52.505617+00:00]   [Xoom (a PayPal service)] US->SV $200: 15 observaciones insertadas. Evidencia: evidence/xoom_us_200_20260807T101135Z.jpg (sha256=07743328def48328cd83c6678be9539e37df3f23143eb0c2e490963547028fda)
[2026-08-07T10:11:52.505624+00:00]   [Xoom (a PayPal service)] US->SV $500: 15 observaciones insertadas. Evidencia: evidence/xoom_us_500_20260807T101138Z.jpg (sha256=5fcbbd52fd7c3b5c042a5bceac94ea6bd84f4573f53b08b5a35817aa11f1db40)
[2026-08-07T10:11:52.505630+00:00]   [Xoom (a PayPal service)] CA->SV $100: 8 observaciones insertadas. Evidencia: evidence/xoom_ca_100_20260807T101144Z.jpg (sha256=a6c68f3def07c910a2d3e343ab269a6585b96c9062d720b571a49b7c2aaf9075)
[2026-08-07T10:11:52.505687+00:00]   [Xoom (a PayPal service)] CA->SV $200: 8 observaciones insertadas. Evidencia: evidence/xoom_ca_200_20260807T101148Z.jpg (sha256=91be4c6bcb73532da348c4adbd3ea120fe43a84542e03a99333c713a75ee4864)
[2026-08-07T10:11:52.505700+00:00]   [Xoom (a PayPal service)] CA->SV $500: 8 observaciones insertadas. Evidencia: evidence/xoom_ca_500_20260807T101151Z.jpg (sha256=b960e83a9031a1ef7fc6045d2864d4b19c6151843628a9740b3a36195f8384e2)
[2026-08-07T10:11:52.505709+00:00] OK Xoom (a PayPal service): 69 observaciones nuevas
[2026-08-07T10:11:52.505740+00:00] === Iniciando RemitBee (remitbee.py) ===
[2026-08-07T10:12:05.045495+00:00]   [RemitBee] CA->SV $100: 4 observaciones insertadas. Evidencia: evidence/remitbee_ca_100_20260807T101158Z.jpg (sha256=3e8949c6ac6aaf23a40849d37236e8175b9c6a11dfbc970aa5c84ecdc5e593bf)
[2026-08-07T10:12:05.045533+00:00]   [RemitBee] CA->SV $200: 4 observaciones insertadas. Evidencia: evidence/remitbee_ca_200_20260807T101201Z.jpg (sha256=4c2fbb5dded7ee00740bde04af96f091f75d21d0c7b96b0f3d292148eece0bcc)
[2026-08-07T10:12:05.045541+00:00]   [RemitBee] CA->SV $500: 4 observaciones insertadas. Evidencia: evidence/remitbee_ca_500_20260807T101204Z.jpg (sha256=394ea803e11b4b5bb609f0481b607679c26ecd8923e017576e0597a3024b48b4)
[2026-08-07T10:12:05.045553+00:00] OK RemitBee: 12 observaciones nuevas

RECORDATORIO: MoneyGram sigue pendiente de muestreo manual (operators.requires_manual_sampling=1) -- su sitio bloquea automatizacion de forma explicita (ver operators.notes, confirmado 2026-08-01). Este orquestador NO lo corre ni lo intenta: no existe collectors/moneygram.py a proposito.
