[2026-08-08T09:51:37.331245+00:00] === Iniciando Remitly (remitly.py) ===
[2026-08-08T09:51:38.844544+00:00]   [Remitly] US->SV: 12 observaciones insertadas desde https://www.remitly.com/us/en/el-salvador/pricing
[2026-08-08T09:51:38.844580+00:00]   [Remitly]   Evidencia: evidence/remitly_us_20260808T095138Z.html (sha256=cf2610aaecf060a62a19d2f79433dd60311de5352bf7c7924d63bbabcde4a775)
[2026-08-08T09:51:38.844587+00:00]   [Remitly] CA->SV: 12 observaciones insertadas desde https://www.remitly.com/ca/en/el-salvador/pricing
[2026-08-08T09:51:38.844592+00:00]   [Remitly]   Evidencia: evidence/remitly_ca_20260808T095138Z.html (sha256=db3da329d86fad51ad7f697a176906b2df6190d20e50d5a747a9947e526dae8f)
[2026-08-08T09:51:38.844600+00:00] OK Remitly: 24 observaciones nuevas
[2026-08-08T09:51:38.844628+00:00] === Iniciando Western Union (western_union.py) ===
[2026-08-08T09:53:14.701061+00:00]   [Western Union] US->SV $100: 5 observaciones insertadas. Evidencia: evidence/western_union_us_100_20260808T095155Z.jpg (sha256=f65063ee399e60e5fb219c608aee97972f7f1d992dcea46898cfe845b8df90f2)
[2026-08-08T09:53:14.701100+00:00]   [Western Union] US->SV $200: 5 observaciones insertadas. Evidencia: evidence/western_union_us_200_20260808T095216Z.jpg (sha256=822efcb000ef123f2d616a8c039d8a3a7031a0840a0b7f60478491effca12765)
[2026-08-08T09:53:14.701112+00:00]   [Western Union] US->SV $500: 5 observaciones insertadas. Evidencia: evidence/western_union_us_500_20260808T095237Z.jpg (sha256=7a8bdf5cff0363ad52667e485738740df2468b961fa77c80b3d91368d37fccb6)
[2026-08-08T09:53:14.701118+00:00]   [Western Union] CA->SV $100: 5 observaciones insertadas. Evidencia: evidence/western_union_ca_100_20260808T095306Z.jpg (sha256=5ac3c02c0b2852b4c4dd24ab80d8e92e27e8aa6d3fd66aaf8b77144f59890d8a)
[2026-08-08T09:53:14.701124+00:00]   [Western Union] CA->SV $200: 5 observaciones insertadas. Evidencia: evidence/western_union_ca_200_20260808T095310Z.jpg (sha256=932f94f91c00fdcd65e758f1ab5b6848573d580514e234ed9f3f6bf9747cf215)
[2026-08-08T09:53:14.701130+00:00]   [Western Union] CA->SV $500: 5 observaciones insertadas. Evidencia: evidence/western_union_ca_500_20260808T095314Z.jpg (sha256=abe0117120b7724e3e9352b3796b1834c8f9b5f8c150458db63827e76adf37b3)
[2026-08-08T09:53:14.701138+00:00] OK Western Union: 30 observaciones nuevas
[2026-08-08T09:53:14.701167+00:00] === Iniciando Ria Money Transfer (ria.py) ===
[2026-08-08T09:54:06.931293+00:00]   [Ria Money Transfer] Intento 1/3 fallo para corredor US->SV: TimeoutError: Locator.click: Timeout 10000ms exceeded.
[2026-08-08T09:54:06.931334+00:00]   [Ria Money Transfer] Call log:
[2026-08-08T09:54:06.931343+00:00]   [Ria Money Transfer]   - waiting for get_by_role("option").first
[2026-08-08T09:54:06.931349+00:00]   [Ria Money Transfer] . Reintentando en 5s...
[2026-08-08T09:54:06.931355+00:00]   [Ria Money Transfer] Intento 2/3 fallo para corredor US->SV: TimeoutError: Locator.click: Timeout 10000ms exceeded.
[2026-08-08T09:54:06.931360+00:00]   [Ria Money Transfer] Call log:
[2026-08-08T09:54:06.931366+00:00]   [Ria Money Transfer]   - waiting for get_by_role("option").first
[2026-08-08T09:54:06.931371+00:00]   [Ria Money Transfer] . Reintentando en 10s...
[2026-08-08T09:54:06.931389+00:00] FALLO Ria Money Transfer: codigo de salida 1:     return task.result()
           ^^^^^^^^^^^^^
  File "/opt/hostedtoolcache/Python/3.11.15/x64/lib/python3.11/site-packages/playwright/_impl/_locator.py", line 165, in click
    return await self._frame._click(self._selector, strict=True, **params)
           ^^^^^^^^^^^^^^^^^^^^^^^^^^^^^^^^^^^^^^^^^^^^^^^^^^^^^^^^^^^^^^^
  File "/opt/hostedtoolcache/Python/3.11.15/x64/lib/python3.11/site-packages/playwright/_impl/_frame.py", line 593, in _click
    await self._channel.send("click", self._timeout, locals_to_params(locals()))
  File "/opt/hostedtoolcache/Python/3.11.15/x64/lib/python3.11/site-packages/playwright/_impl/_connection.py", line 76, in send
    return await self._connection.wrap_api_call(
           ^^^^^^^^^^^^^^^^^^^^^^^^^^^^^^^^^^^^^
  File "/opt/hostedtoolcache/Python/3.11.15/x64/lib/python3.11/site-packages/playwright/_impl/_connection.py", line 632, in wrap_api_call
    raise rewrite_error(error, f"{parsed_st['apiName']}: {error}") from None
playwright._impl._errors.TimeoutError: Locator.click: Timeout 10000ms exceeded.
Call log:
  - waiting for get_by_role("option").first
[2026-08-08T09:54:06.931427+00:00] === Iniciando Xoom (a PayPal service) (xoom.py) ===
[2026-08-08T09:54:31.859394+00:00]   [Xoom (a PayPal service)] US->SV $100: 15 observaciones insertadas. Evidencia: evidence/xoom_us_100_20260808T095411Z.jpg (sha256=adde1ea5f7b6cfcfb9dbddcbadb3b952e0beaf1336c8ce166648e5e577547e6c)
[2026-08-08T09:54:31.859433+00:00]   [Xoom (a PayPal service)] US->SV $200: 15 observaciones insertadas. Evidencia: evidence/xoom_us_200_20260808T095414Z.jpg (sha256=89f806b0ab52126e284b586a2582ac529f3f27b986c703a0a9ffd7910c49a5e5)
[2026-08-08T09:54:31.859440+00:00]   [Xoom (a PayPal service)] US->SV $500: 15 observaciones insertadas. Evidencia: evidence/xoom_us_500_20260808T095418Z.jpg (sha256=9589d5318864d39c710db8c44000f8ff56400dd93ed97a531cc9006eb608540a)
[2026-08-08T09:54:31.859445+00:00]   [Xoom (a PayPal service)] CA->SV $100: 8 observaciones insertadas. Evidencia: evidence/xoom_ca_100_20260808T095424Z.jpg (sha256=0cda20b262a1994eb7b59e01f1c374583a2ebc697c73fdb7118c5508bfff5c2f)
[2026-08-08T09:54:31.859451+00:00]   [Xoom (a PayPal service)] CA->SV $200: 8 observaciones insertadas. Evidencia: evidence/xoom_ca_200_20260808T095427Z.jpg (sha256=91be4c6bcb73532da348c4adbd3ea120fe43a84542e03a99333c713a75ee4864)
[2026-08-08T09:54:31.859455+00:00]   [Xoom (a PayPal service)] CA->SV $500: 8 observaciones insertadas. Evidencia: evidence/xoom_ca_500_20260808T095431Z.jpg (sha256=b960e83a9031a1ef7fc6045d2864d4b19c6151843628a9740b3a36195f8384e2)
[2026-08-08T09:54:31.859461+00:00] OK Xoom (a PayPal service): 69 observaciones nuevas
[2026-08-08T09:54:31.859524+00:00] === Iniciando RemitBee (remitbee.py) ===
[2026-08-08T09:54:42.673360+00:00]   [RemitBee] CA->SV $100: 4 observaciones insertadas. Evidencia: evidence/remitbee_ca_100_20260808T095435Z.jpg (sha256=5e48c065d19a38831ed3eaa43087d8f4fe72cf1ccf15d8cb271f51379d8907dc)
[2026-08-08T09:54:42.673400+00:00]   [RemitBee] CA->SV $200: 4 observaciones insertadas. Evidencia: evidence/remitbee_ca_200_20260808T095438Z.jpg (sha256=94c7c48f54f5023821c2e324eea3bbafdfc0cd14cd2e10f818afb04789d76322)
[2026-08-08T09:54:42.673409+00:00]   [RemitBee] CA->SV $500: 4 observaciones insertadas. Evidencia: evidence/remitbee_ca_500_20260808T095442Z.jpg (sha256=11f21f903184e40ef43cc65244f795559aa3a0ddbd57f3d7d032fd1e2a855d45)
[2026-08-08T09:54:42.673420+00:00] OK RemitBee: 12 observaciones nuevas

RECORDATORIO: MoneyGram sigue pendiente de muestreo manual (operators.requires_manual_sampling=1) -- su sitio bloquea automatizacion de forma explicita (ver operators.notes, confirmado 2026-08-01). Este orquestador NO lo corre ni lo intenta: no existe collectors/moneygram.py a proposito.
