[2026-08-13T10:20:35.690581+00:00] === Iniciando Remitly (remitly.py) ===
[2026-08-13T10:20:37.431450+00:00]   [Remitly] US->SV: 9 observaciones insertadas desde https://www.remitly.com/us/en/el-salvador/pricing
[2026-08-13T10:20:37.431479+00:00]   [Remitly]   Evidencia: evidence/remitly_us_20260813T102036Z.html (sha256=79c365bf62e6926ad2b7486510578973a6aac7ea4e0103e2e448faaedecb55e3)
[2026-08-13T10:20:37.431485+00:00]   [Remitly] CA->SV: 9 observaciones insertadas desde https://www.remitly.com/ca/en/el-salvador/pricing
[2026-08-13T10:20:37.431489+00:00]   [Remitly]   Evidencia: evidence/remitly_ca_20260813T102037Z.html (sha256=045ea83b938d7f41a04e1ee33ff8f059a9b72e9d2cd9da0c2f69fb4e6e394078)
[2026-08-13T10:20:37.431495+00:00] OK Remitly: 18 observaciones nuevas
[2026-08-13T10:20:37.431520+00:00] === Iniciando Western Union (western_union.py) ===
[2026-08-13T10:21:25.978439+00:00]   [Western Union] US->SV $100: 5 observaciones insertadas. Evidencia: evidence/western_union_us_100_20260813T102053Z.jpg (sha256=f65063ee399e60e5fb219c608aee97972f7f1d992dcea46898cfe845b8df90f2)
[2026-08-13T10:21:25.978494+00:00] FALLO Western Union: codigo de salida 1:     return task.result()
           ^^^^^^^^^^^^^
  File "/opt/hostedtoolcache/Python/3.11.15/x64/lib/python3.11/site-packages/playwright/_impl/_page.py", line 427, in wait_for_selector
    return await self._main_frame.wait_for_selector(**locals_to_params(locals()))
           ^^^^^^^^^^^^^^^^^^^^^^^^^^^^^^^^^^^^^^^^^^^^^^^^^^^^^^^^^^^^^^^^^^^^^^
  File "/opt/hostedtoolcache/Python/3.11.15/x64/lib/python3.11/site-packages/playwright/_impl/_frame.py", line 394, in wait_for_selector
    await self._channel.send(
  File "/opt/hostedtoolcache/Python/3.11.15/x64/lib/python3.11/site-packages/playwright/_impl/_connection.py", line 76, in send
    return await self._connection.wrap_api_call(
           ^^^^^^^^^^^^^^^^^^^^^^^^^^^^^^^^^^^^^
  File "/opt/hostedtoolcache/Python/3.11.15/x64/lib/python3.11/site-packages/playwright/_impl/_connection.py", line 632, in wrap_api_call
    raise rewrite_error(error, f"{parsed_st['apiName']}: {error}") from None
playwright._impl._errors.TimeoutError: Page.wait_for_selector: Timeout 15000ms exceeded.
Call log:
  - waiting for locator("[role=\"radiogroup\"] [role=\"radio\"]") to be visible
[2026-08-13T10:21:25.978526+00:00] === Iniciando Ria Money Transfer (ria.py) ===
[2026-08-13T10:22:18.368532+00:00]   [Ria Money Transfer] Intento 1/3 fallo para corredor US->SV: TimeoutError: Locator.click: Timeout 10000ms exceeded.
[2026-08-13T10:22:18.368569+00:00]   [Ria Money Transfer] Call log:
[2026-08-13T10:22:18.368576+00:00]   [Ria Money Transfer]   - waiting for get_by_role("option").first
[2026-08-13T10:22:18.368581+00:00]   [Ria Money Transfer] . Reintentando en 5s...
[2026-08-13T10:22:18.368586+00:00]   [Ria Money Transfer] Intento 2/3 fallo para corredor US->SV: TimeoutError: Locator.click: Timeout 10000ms exceeded.
[2026-08-13T10:22:18.368590+00:00]   [Ria Money Transfer] Call log:
[2026-08-13T10:22:18.368595+00:00]   [Ria Money Transfer]   - waiting for get_by_role("option").first
[2026-08-13T10:22:18.368600+00:00]   [Ria Money Transfer] . Reintentando en 10s...
[2026-08-13T10:22:18.368614+00:00] FALLO Ria Money Transfer: codigo de salida 1:     return task.result()
           ^^^^^^^^^^^^^
  File "/opt/hostedtoolcache/Python/3.11.15/x64/lib/python3.11/site-packages/playwright/_impl/_locator.py", line 165, in click
    return await self._frame._click(self._selector, strict=True, **params)
           ^^^^^^^^^^^^^^^^^^^^^^^^^^^^^^^^^^^^^^^^^^^^^^^^^^^^^^^^^^^^^^^
  File "/opt/hostedtoolcache/Python/3.11.15/x64/lib/python3.11/site-packages/playwright/_impl/_frame.py", line 593, in _click
    await self._channel.send("click", self._timeout, locals_to_params(locals()))
  File "/opt/hostedtoolcache/Python/3.11.15/x64/lib/python3.11/site-packages/playwright/_impl/_connection.py", line 76, in send
    return await self._connection.wrap_api_call(
           ^^^^^^^^^^^^^^^^^^^^^^^^^^^^^^^^^^^^^
  File "/opt/hostedtoolcache/Python/3.11.15/x64/lib/python3.11/site-packages/playwright/_impl/_connection.py", line 632, in wrap_api_call
    raise rewrite_error(error, f"{parsed_st['apiName']}: {error}") from None
playwright._impl._errors.TimeoutError: Locator.click: Timeout 10000ms exceeded.
Call log:
  - waiting for get_by_role("option").first
[2026-08-13T10:22:18.368650+00:00] === Iniciando Xoom (a PayPal service) (xoom.py) ===
[2026-08-13T10:22:43.125707+00:00]   [Xoom (a PayPal service)] US->SV $100: 15 observaciones insertadas. Evidencia: evidence/xoom_us_100_20260813T102223Z.jpg (sha256=5f809e3153bc9526e7fe9f7cf96a4f66154e198c30213db86ffae99daf3ea118)
[2026-08-13T10:22:43.125739+00:00]   [Xoom (a PayPal service)] US->SV $200: 15 observaciones insertadas. Evidencia: evidence/xoom_us_200_20260813T102226Z.jpg (sha256=3d6e4d4b37654e55a983c0104247878da5b2901acff8f3df1eaf69f7f51ef087)
[2026-08-13T10:22:43.125745+00:00]   [Xoom (a PayPal service)] US->SV $500: 15 observaciones insertadas. Evidencia: evidence/xoom_us_500_20260813T102229Z.jpg (sha256=91685287e5394e037f2f898e29a0f8046e8657783ca65805498988258027ea13)
[2026-08-13T10:22:43.125748+00:00]   [Xoom (a PayPal service)] CA->SV $100: 8 observaciones insertadas. Evidencia: evidence/xoom_ca_100_20260813T102235Z.jpg (sha256=5f1fea236313f7604fc9af4202af959136a075a468cb80021db31cf4298923da)
[2026-08-13T10:22:43.125752+00:00]   [Xoom (a PayPal service)] CA->SV $200: 8 observaciones insertadas. Evidencia: evidence/xoom_ca_200_20260813T102239Z.jpg (sha256=544c74c6bc7d32e40bd0cba05f7cb07c73194daf8b5158ced31e099ddc678933)
[2026-08-13T10:22:43.125755+00:00]   [Xoom (a PayPal service)] CA->SV $500: 8 observaciones insertadas. Evidencia: evidence/xoom_ca_500_20260813T102242Z.jpg (sha256=f1f1c1680ba1d77df24d3e7c849379bd6285525edbb780a36ba6c6e7eea5f7b2)
[2026-08-13T10:22:43.125764+00:00] OK Xoom (a PayPal service): 69 observaciones nuevas
[2026-08-13T10:22:43.125791+00:00] === Iniciando RemitBee (remitbee.py) ===
[2026-08-13T10:22:53.383201+00:00]   [RemitBee] CA->SV $100: 4 observaciones insertadas. Evidencia: evidence/remitbee_ca_100_20260813T102247Z.jpg (sha256=de8f4565b6e7774e8491890992477b9724cfff1232237781b46d1a45c281476d)
[2026-08-13T10:22:53.383237+00:00]   [RemitBee] CA->SV $200: 4 observaciones insertadas. Evidencia: evidence/remitbee_ca_200_20260813T102250Z.jpg (sha256=4c14468d9db1c2c53d452237d024bda81babbb9ca7d9b44c66b0ff4cf59a662c)
[2026-08-13T10:22:53.383244+00:00]   [RemitBee] CA->SV $500: 4 observaciones insertadas. Evidencia: evidence/remitbee_ca_500_20260813T102252Z.jpg (sha256=8d67fe9d39b43a3a550224e6615ae763f5183592146ac657f15b742939103b06)
[2026-08-13T10:22:53.383253+00:00] OK RemitBee: 12 observaciones nuevas

RECORDATORIO: MoneyGram sigue pendiente de muestreo manual (operators.requires_manual_sampling=1) -- su sitio bloquea automatizacion de forma explicita (ver operators.notes, confirmado 2026-08-01). Este orquestador NO lo corre ni lo intenta: no existe collectors/moneygram.py a proposito.
