[2026-09-29T15:46:01.222840+00:00] === Iniciando Remitly (remitly.py) ===
[2026-09-29T15:46:02.600837+00:00]   [Remitly] US->SV: 9 observaciones insertadas desde https://www.remitly.com/us/en/el-salvador/pricing
[2026-09-29T15:46:02.600873+00:00]   [Remitly]   Evidencia: evidence/remitly_us_20260929T154601Z.html (sha256=aebf862bbb783addd098aff39474aa3cbdb2e2ac73c1856ace7a186ab01645f5)
[2026-09-29T15:46:02.600881+00:00]   [Remitly] CA->SV: 9 observaciones insertadas desde https://www.remitly.com/ca/en/el-salvador/pricing
[2026-09-29T15:46:02.600886+00:00]   [Remitly]   Evidencia: evidence/remitly_ca_20260929T154602Z.html (sha256=09217993ea2a313e93e93174a6b3f73e4b766f1daa5f6f6574f9a88d037c99be)
[2026-09-29T15:46:02.600893+00:00] OK Remitly: 18 observaciones nuevas
[2026-09-29T15:46:02.600921+00:00] === Iniciando Western Union (western_union.py) ===
[2026-09-29T15:47:36.863407+00:00]   [Western Union] US->SV $100: 5 observaciones insertadas. Evidencia: evidence/western_union_us_100_20260929T154617Z.jpg (sha256=c5b3f595171a106734434b4508ecd68622186b6c07799adacf74e767b7cc1946)
[2026-09-29T15:47:36.863450+00:00]   [Western Union] US->SV $200: 5 observaciones insertadas. Evidencia: evidence/western_union_us_200_20260929T154638Z.jpg (sha256=822efcb000ef123f2d616a8c039d8a3a7031a0840a0b7f60478491effca12765)
[2026-09-29T15:47:36.863461+00:00]   [Western Union] US->SV $500: 5 observaciones insertadas. Evidencia: evidence/western_union_us_500_20260929T154658Z.jpg (sha256=7a8bdf5cff0363ad52667e485738740df2468b961fa77c80b3d91368d37fccb6)
[2026-09-29T15:47:36.863485+00:00] FALLO Western Union: codigo de salida 1:     return task.result()
           ^^^^^^^^^^^^^
  File "/opt/hostedtoolcache/Python/3.11.16/x64/lib/python3.11/site-packages/playwright/_impl/_locator.py", line 752, in wait_for
    await self._frame.wait_for_selector(
  File "/opt/hostedtoolcache/Python/3.11.16/x64/lib/python3.11/site-packages/playwright/_impl/_frame.py", line 395, in wait_for_selector
    await self._channel.send(
  File "/opt/hostedtoolcache/Python/3.11.16/x64/lib/python3.11/site-packages/playwright/_impl/_connection.py", line 76, in send
    return await self._connection.wrap_api_call(
           ^^^^^^^^^^^^^^^^^^^^^^^^^^^^^^^^^^^^^
  File "/opt/hostedtoolcache/Python/3.11.16/x64/lib/python3.11/site-packages/playwright/_impl/_connection.py", line 632, in wrap_api_call
    raise rewrite_error(error, f"{parsed_st['apiName']}: {error}") from None
playwright._impl._errors.TimeoutError: Locator.wait_for: Timeout 15000ms exceeded.
Call log:
  - waiting for locator("[role=\"dialog\"]").last to be visible
    34 × locator resolved to hidden <div role="dialog" tabindex="-1" aria-modal="true" class="modal-overlay" data-modal-element-overlay="" data-modal-close-button-parent="">…</div>
[2026-09-29T15:47:36.863522+00:00] === Iniciando Ria Money Transfer (ria.py) ===
[2026-09-29T15:48:26.079095+00:00]   [Ria Money Transfer] Intento 1/3 fallo para corredor US->SV: TimeoutError: Locator.click: Timeout 10000ms exceeded.
[2026-09-29T15:48:26.079136+00:00]   [Ria Money Transfer] Call log:
[2026-09-29T15:48:26.079144+00:00]   [Ria Money Transfer]   - waiting for get_by_role("option").first
[2026-09-29T15:48:26.079150+00:00]   [Ria Money Transfer] . Reintentando en 5s...
[2026-09-29T15:48:26.079155+00:00]   [Ria Money Transfer] Intento 2/3 fallo para corredor US->SV: TimeoutError: Locator.click: Timeout 10000ms exceeded.
[2026-09-29T15:48:26.079161+00:00]   [Ria Money Transfer] Call log:
[2026-09-29T15:48:26.079166+00:00]   [Ria Money Transfer]   - waiting for get_by_role("button", name="Select Destination")
[2026-09-29T15:48:26.079172+00:00]   [Ria Money Transfer] . Reintentando en 10s...
[2026-09-29T15:48:26.079188+00:00] FALLO Ria Money Transfer: codigo de salida 1:     return task.result()
           ^^^^^^^^^^^^^
  File "/opt/hostedtoolcache/Python/3.11.16/x64/lib/python3.11/site-packages/playwright/_impl/_locator.py", line 165, in click
    return await self._frame._click(self._selector, strict=True, **params)
           ^^^^^^^^^^^^^^^^^^^^^^^^^^^^^^^^^^^^^^^^^^^^^^^^^^^^^^^^^^^^^^^
  File "/opt/hostedtoolcache/Python/3.11.16/x64/lib/python3.11/site-packages/playwright/_impl/_frame.py", line 594, in _click
    await self._channel.send("click", self._timeout, locals_to_params(locals()))
  File "/opt/hostedtoolcache/Python/3.11.16/x64/lib/python3.11/site-packages/playwright/_impl/_connection.py", line 76, in send
    return await self._connection.wrap_api_call(
           ^^^^^^^^^^^^^^^^^^^^^^^^^^^^^^^^^^^^^
  File "/opt/hostedtoolcache/Python/3.11.16/x64/lib/python3.11/site-packages/playwright/_impl/_connection.py", line 632, in wrap_api_call
    raise rewrite_error(error, f"{parsed_st['apiName']}: {error}") from None
playwright._impl._errors.TimeoutError: Locator.click: Timeout 10000ms exceeded.
Call log:
  - waiting for get_by_role("button", name="Select Destination")
[2026-09-29T15:48:26.079227+00:00] === Iniciando Xoom (a PayPal service) (xoom.py) ===
[2026-09-29T15:48:51.585593+00:00]   [Xoom (a PayPal service)] US->SV $100: 15 observaciones insertadas. Evidencia: evidence/xoom_us_100_20260929T154831Z.jpg (sha256=498be2f8bb8ba86004bce4e02e934282c8df44a8d4105cff938a390abc4b15dc)
[2026-09-29T15:48:51.585636+00:00]   [Xoom (a PayPal service)] US->SV $200: 15 observaciones insertadas. Evidencia: evidence/xoom_us_200_20260929T154834Z.jpg (sha256=991fd98c7bdf24434b01b365ac2b200fc2479028cb69d0f682f1bfd1a6f32d47)
[2026-09-29T15:48:51.585643+00:00]   [Xoom (a PayPal service)] US->SV $500: 15 observaciones insertadas. Evidencia: evidence/xoom_us_500_20260929T154837Z.jpg (sha256=13a9c09f763f4eab50c5bee6d95188af6c58c9b64b2ae4c2a715585af79299a0)
[2026-09-29T15:48:51.585647+00:00]   [Xoom (a PayPal service)] CA->SV $100: 8 observaciones insertadas. Evidencia: evidence/xoom_ca_100_20260929T154844Z.jpg (sha256=d1eb26a3716ffaa6b1a62d1eab6edc12afed3c0445d9554f5bff2611dd82bb78)
[2026-09-29T15:48:51.585655+00:00]   [Xoom (a PayPal service)] CA->SV $200: 8 observaciones insertadas. Evidencia: evidence/xoom_ca_200_20260929T154847Z.jpg (sha256=182869fd12e5860a802e9dfedfde8c66c9ac448ea6a89d7703fd4ffbec2bbd1c)
[2026-09-29T15:48:51.585660+00:00]   [Xoom (a PayPal service)] CA->SV $500: 8 observaciones insertadas. Evidencia: evidence/xoom_ca_500_20260929T154850Z.jpg (sha256=0a48d0c66f83ed024cc6b0112396ca6a80eefd6d9d84a02f7ea52c26b28293c8)
[2026-09-29T15:48:51.585667+00:00] OK Xoom (a PayPal service): 69 observaciones nuevas
[2026-09-29T15:48:51.585702+00:00] === Iniciando RemitBee (remitbee.py) ===
[2026-09-29T15:49:04.849294+00:00]   [RemitBee] CA->SV $100: 4 observaciones insertadas. Evidencia: evidence/remitbee_ca_100_20260929T154858Z.jpg (sha256=766bfad149370d9fb414c1c84a83df47e4cc52a130d89344003b74a0a6b2d0f7)
[2026-09-29T15:49:04.849335+00:00]   [RemitBee] CA->SV $200: 4 observaciones insertadas. Evidencia: evidence/remitbee_ca_200_20260929T154901Z.jpg (sha256=5cd325f495aec804cd254060886952feec265f9ffd78581044a2cd2bb60ec28a)
[2026-09-29T15:49:04.849343+00:00]   [RemitBee] CA->SV $500: 4 observaciones insertadas. Evidencia: evidence/remitbee_ca_500_20260929T154904Z.jpg (sha256=f628f09824cd12451a3d4bdaaa08c9d138b513b2fd3d46aefa390dc896ee86ff)
[2026-09-29T15:49:04.849356+00:00] OK RemitBee: 12 observaciones nuevas

RECORDATORIO: MoneyGram sigue pendiente de muestreo manual (operators.requires_manual_sampling=1) -- su sitio bloquea automatizacion de forma explicita (ver operators.notes, confirmado 2026-08-01). Este orquestador NO lo corre ni lo intenta: no existe collectors/moneygram.py a proposito.
