[2026-09-16T14:11:04.560824+00:00] === Iniciando Remitly (remitly.py) ===
[2026-09-16T14:11:05.768356+00:00]   [Remitly] US->SV: 9 observaciones insertadas desde https://www.remitly.com/us/en/el-salvador/pricing
[2026-09-16T14:11:05.768396+00:00]   [Remitly]   Evidencia: evidence/remitly_us_20260916T141105Z.html (sha256=f62e2f989031a3f4673b212e8f288217a7be454dc1216e7a64d822efc731302b)
[2026-09-16T14:11:05.768406+00:00]   [Remitly] CA->SV: 9 observaciones insertadas desde https://www.remitly.com/ca/en/el-salvador/pricing
[2026-09-16T14:11:05.768413+00:00]   [Remitly]   Evidencia: evidence/remitly_ca_20260916T141105Z.html (sha256=7c2915c224dcfbc2a224dfb236ceaecd1cf8aac370c72534c866b320c8c00ba2)
[2026-09-16T14:11:05.768422+00:00] OK Remitly: 18 observaciones nuevas
[2026-09-16T14:11:05.768455+00:00] === Iniciando Western Union (western_union.py) ===
[2026-09-16T14:12:51.619210+00:00]   [Western Union] US->SV $100: 5 observaciones insertadas. Evidencia: evidence/western_union_us_100_20260916T141123Z.jpg (sha256=f65063ee399e60e5fb219c608aee97972f7f1d992dcea46898cfe845b8df90f2)
[2026-09-16T14:12:51.619248+00:00]   [Western Union] US->SV $200: 5 observaciones insertadas. Evidencia: evidence/western_union_us_200_20260916T141142Z.jpg (sha256=822efcb000ef123f2d616a8c039d8a3a7031a0840a0b7f60478491effca12765)
[2026-09-16T14:12:51.619259+00:00]   [Western Union] US->SV $500: 5 observaciones insertadas. Evidencia: evidence/western_union_us_500_20260916T141202Z.jpg (sha256=7a8bdf5cff0363ad52667e485738740df2468b961fa77c80b3d91368d37fccb6)
[2026-09-16T14:12:51.619279+00:00] FALLO Western Union: codigo de salida 1:     return task.result()
           ^^^^^^^^^^^^^
  File "/opt/hostedtoolcache/Python/3.11.16/x64/lib/python3.11/site-packages/playwright/_impl/_locator.py", line 165, in click
    return await self._frame._click(self._selector, strict=True, **params)
           ^^^^^^^^^^^^^^^^^^^^^^^^^^^^^^^^^^^^^^^^^^^^^^^^^^^^^^^^^^^^^^^
  File "/opt/hostedtoolcache/Python/3.11.16/x64/lib/python3.11/site-packages/playwright/_impl/_frame.py", line 594, in _click
    await self._channel.send("click", self._timeout, locals_to_params(locals()))
  File "/opt/hostedtoolcache/Python/3.11.16/x64/lib/python3.11/site-packages/playwright/_impl/_connection.py", line 76, in send
    return await self._connection.wrap_api_call(
           ^^^^^^^^^^^^^^^^^^^^^^^^^^^^^^^^^^^^^
  File "/opt/hostedtoolcache/Python/3.11.16/x64/lib/python3.11/site-packages/playwright/_impl/_connection.py", line 632, in wrap_api_call
    raise rewrite_error(error, f"{parsed_st['apiName']}: {error}") from None
playwright._impl._errors.TimeoutError: Locator.click: Timeout 30000ms exceeded.
Call log:
  - waiting for get_by_placeholder("Country/region or currency")
[2026-09-16T14:12:51.619308+00:00] === Iniciando Ria Money Transfer (ria.py) ===
[2026-09-16T14:14:42.085816+00:00]   [Ria Money Transfer] Intento 1/3 fallo para corredor US->SV: TimeoutError: Locator.fill: Timeout 30000ms exceeded.
[2026-09-16T14:14:42.085858+00:00]   [Ria Money Transfer] Call log:
[2026-09-16T14:14:42.085867+00:00]   [Ria Money Transfer]   - waiting for get_by_placeholder("Search currency or country")
[2026-09-16T14:14:42.085873+00:00]   [Ria Money Transfer] . Reintentando en 5s...
[2026-09-16T14:14:42.085878+00:00]   [Ria Money Transfer] Intento 2/3 fallo para corredor US->SV: TimeoutError: Locator.fill: Timeout 30000ms exceeded.
[2026-09-16T14:14:42.085884+00:00]   [Ria Money Transfer] Call log:
[2026-09-16T14:14:42.085890+00:00]   [Ria Money Transfer]   - waiting for get_by_placeholder("Search currency or country")
[2026-09-16T14:14:42.085895+00:00]   [Ria Money Transfer] . Reintentando en 10s...
[2026-09-16T14:14:42.085916+00:00] FALLO Ria Money Transfer: codigo de salida 1:   File "/opt/hostedtoolcache/Python/3.11.16/x64/lib/python3.11/site-packages/playwright/_impl/_locator.py", line 219, in fill
    return await self._frame.fill(self._selector, strict=True, **params)
           ^^^^^^^^^^^^^^^^^^^^^^^^^^^^^^^^^^^^^^^^^^^^^^^^^^^^^^^^^^^^^
  File "/opt/hostedtoolcache/Python/3.11.16/x64/lib/python3.11/site-packages/playwright/_impl/_frame.py", line 637, in fill
    await self._fill(**locals_to_params(locals()))
  File "/opt/hostedtoolcache/Python/3.11.16/x64/lib/python3.11/site-packages/playwright/_impl/_frame.py", line 649, in _fill
    await self._channel.send("fill", self._timeout, locals_to_params(locals()))
  File "/opt/hostedtoolcache/Python/3.11.16/x64/lib/python3.11/site-packages/playwright/_impl/_connection.py", line 76, in send
    return await self._connection.wrap_api_call(
           ^^^^^^^^^^^^^^^^^^^^^^^^^^^^^^^^^^^^^
  File "/opt/hostedtoolcache/Python/3.11.16/x64/lib/python3.11/site-packages/playwright/_impl/_connection.py", line 632, in wrap_api_call
    raise rewrite_error(error, f"{parsed_st['apiName']}: {error}") from None
playwright._impl._errors.TimeoutError: Locator.fill: Timeout 30000ms exceeded.
Call log:
  - waiting for get_by_placeholder("Search currency or country")
[2026-09-16T14:14:42.085954+00:00] === Iniciando Xoom (a PayPal service) (xoom.py) ===
[2026-09-16T14:15:06.633762+00:00]   [Xoom (a PayPal service)] US->SV $100: 15 observaciones insertadas. Evidencia: evidence/xoom_us_100_20260916T141446Z.jpg (sha256=51f091c1df656891498eebcdae391afdaa4dbe7a3835ec78805b606b5d92ca40)
[2026-09-16T14:15:06.633797+00:00]   [Xoom (a PayPal service)] US->SV $200: 15 observaciones insertadas. Evidencia: evidence/xoom_us_200_20260916T141449Z.jpg (sha256=a65183c7c3118953a3f739ee1c2cee73c1c1e050e0baa1382d2509f7455a4e57)
[2026-09-16T14:15:06.633804+00:00]   [Xoom (a PayPal service)] US->SV $500: 15 observaciones insertadas. Evidencia: evidence/xoom_us_500_20260916T141453Z.jpg (sha256=dddb15697fcdfaed148a81df0cd772ee1cd72c57ad2639ab39cd0c80db54bfff)
[2026-09-16T14:15:06.633808+00:00]   [Xoom (a PayPal service)] CA->SV $100: 8 observaciones insertadas. Evidencia: evidence/xoom_ca_100_20260916T141459Z.jpg (sha256=52a4941217794471fd297e5ecb32e33d726d83d035f35b79c01ec6fdab988a7f)
[2026-09-16T14:15:06.633817+00:00]   [Xoom (a PayPal service)] CA->SV $200: 8 observaciones insertadas. Evidencia: evidence/xoom_ca_200_20260916T141502Z.jpg (sha256=182869fd12e5860a802e9dfedfde8c66c9ac448ea6a89d7703fd4ffbec2bbd1c)
[2026-09-16T14:15:06.633822+00:00]   [Xoom (a PayPal service)] CA->SV $500: 8 observaciones insertadas. Evidencia: evidence/xoom_ca_500_20260916T141505Z.jpg (sha256=0a48d0c66f83ed024cc6b0112396ca6a80eefd6d9d84a02f7ea52c26b28293c8)
[2026-09-16T14:15:06.633828+00:00] OK Xoom (a PayPal service): 69 observaciones nuevas
[2026-09-16T14:15:06.633856+00:00] === Iniciando RemitBee (remitbee.py) ===
[2026-09-16T14:15:26.028483+00:00]   [RemitBee] CA->SV $100: 4 observaciones insertadas. Evidencia: evidence/remitbee_ca_100_20260916T141517Z.jpg (sha256=690b48cf503b4bcd9b557476b74a155cccdc05052be1bbfa964a824a4892c00f)
[2026-09-16T14:15:26.028520+00:00]   [RemitBee] CA->SV $200: 4 observaciones insertadas. Evidencia: evidence/remitbee_ca_200_20260916T141522Z.jpg (sha256=bc1958347170de0d88433613b61a3b39af1853379b68ab28d5074ce29e290dd2)
[2026-09-16T14:15:26.028529+00:00]   [RemitBee] CA->SV $500: 4 observaciones insertadas. Evidencia: evidence/remitbee_ca_500_20260916T141525Z.jpg (sha256=9b850930c5108eed08cf5d1d1c93bffdc91a564a46b85dac7af4d5897b0b269d)
[2026-09-16T14:15:26.028541+00:00] OK RemitBee: 12 observaciones nuevas

RECORDATORIO: MoneyGram sigue pendiente de muestreo manual (operators.requires_manual_sampling=1) -- su sitio bloquea automatizacion de forma explicita (ver operators.notes, confirmado 2026-08-01). Este orquestador NO lo corre ni lo intenta: no existe collectors/moneygram.py a proposito.
