[2026-10-04T14:46:38.133124+00:00] === Iniciando Remitly (remitly.py) ===
[2026-10-04T14:46:39.508659+00:00]   [Remitly] US->SV: 9 observaciones insertadas desde https://www.remitly.com/us/en/el-salvador/pricing
[2026-10-04T14:46:39.508696+00:00]   [Remitly]   Evidencia: evidence/remitly_us_20261004T144639Z.html (sha256=c5c22b49dad2597e9751d921ab8e19de665b3ad9b4d79366a39f6f756bfb6885)
[2026-10-04T14:46:39.508705+00:00]   [Remitly] CA->SV: 9 observaciones insertadas desde https://www.remitly.com/ca/en/el-salvador/pricing
[2026-10-04T14:46:39.508710+00:00]   [Remitly]   Evidencia: evidence/remitly_ca_20261004T144639Z.html (sha256=57d7840fbcb61a28fabaa6e6b30bd4cc044937ff50edd9030529aec5675228a0)
[2026-10-04T14:46:39.508718+00:00] OK Remitly: 18 observaciones nuevas
[2026-10-04T14:46:39.508748+00:00] === Iniciando Western Union (western_union.py) ===
[2026-10-04T14:47:50.086024+00:00]   [Western Union] US->SV $100: 5 observaciones insertadas. Evidencia: evidence/western_union_us_100_20261004T144656Z.jpg (sha256=c5b3f595171a106734434b4508ecd68622186b6c07799adacf74e767b7cc1946)
[2026-10-04T14:47:50.086071+00:00]   [Western Union] US->SV $200: 5 observaciones insertadas. Evidencia: evidence/western_union_us_200_20261004T144716Z.jpg (sha256=822efcb000ef123f2d616a8c039d8a3a7031a0840a0b7f60478491effca12765)
[2026-10-04T14:47:50.086101+00:00] FALLO Western Union: codigo de salida 1:     return task.result()
           ^^^^^^^^^^^^^
  File "/opt/hostedtoolcache/Python/3.11.16/x64/lib/python3.11/site-packages/playwright/_impl/_page.py", line 429, in wait_for_selector
    return await self._main_frame.wait_for_selector(**locals_to_params(locals()))
           ^^^^^^^^^^^^^^^^^^^^^^^^^^^^^^^^^^^^^^^^^^^^^^^^^^^^^^^^^^^^^^^^^^^^^^
  File "/opt/hostedtoolcache/Python/3.11.16/x64/lib/python3.11/site-packages/playwright/_impl/_frame.py", line 395, in wait_for_selector
    await self._channel.send(
  File "/opt/hostedtoolcache/Python/3.11.16/x64/lib/python3.11/site-packages/playwright/_impl/_connection.py", line 76, in send
    return await self._connection.wrap_api_call(
           ^^^^^^^^^^^^^^^^^^^^^^^^^^^^^^^^^^^^^
  File "/opt/hostedtoolcache/Python/3.11.16/x64/lib/python3.11/site-packages/playwright/_impl/_connection.py", line 632, in wrap_api_call
    raise rewrite_error(error, f"{parsed_st['apiName']}: {error}") from None
playwright._impl._errors.TimeoutError: Page.wait_for_selector: Timeout 15000ms exceeded.
Call log:
  - waiting for locator("[role=\"radiogroup\"] [role=\"radio\"]") to be visible
[2026-10-04T14:47:50.086133+00:00] === Iniciando Ria Money Transfer (ria.py) ===
[2026-10-04T14:49:19.546131+00:00]   [Ria Money Transfer] US->SV $100 (Bank): 1 observacion insertada. Evidencia: evidence/ria_us_bank_account_100_20261004T144800Z.jpg (sha256=03107fb0c7cc31680c1157310e352bc9cece7a61cfd09b97a983e3a4359082ae)
[2026-10-04T14:49:19.546166+00:00]   [Ria Money Transfer] US->SV $100 (Credit card): 1 observacion insertada. Evidencia: evidence/ria_us_credit_card_100_20261004T144803Z.jpg (sha256=0a6d016ad90b15619e7f2e298ab321c339ce9aad056f8a6044d5528c8e4cf14a)
[2026-10-04T14:49:19.546174+00:00]   [Ria Money Transfer] US->SV $100 (Debit card): 1 observacion insertada. Evidencia: evidence/ria_us_debit_card_100_20261004T144805Z.jpg (sha256=8d6f6853e49f0d9eb08bc27194cf77ee2785f1b6ed7063d0020afa59fa62bf5d)
[2026-10-04T14:49:19.546180+00:00]   [Ria Money Transfer] US->SV $100 (Cash): 1 observacion insertada. Evidencia: evidence/ria_us_cash_100_20261004T144808Z.jpg (sha256=4a0b4ea593fa49b34f5576db5fa303b56ac174b9d2658a9cea3dcf233addb05e)
[2026-10-04T14:49:19.546186+00:00]   [Ria Money Transfer] US->SV $200 (Bank): 1 observacion insertada. Evidencia: evidence/ria_us_bank_account_200_20261004T144812Z.jpg (sha256=194e30bc5f0b53b583b0b47040ef65ffe812311293e7c99255575f6a39dff4fc)
[2026-10-04T14:49:19.546191+00:00]   [Ria Money Transfer] US->SV $200 (Credit card): 1 observacion insertada. Evidencia: evidence/ria_us_credit_card_200_20261004T144814Z.jpg (sha256=653891cbbc1b5fd2daca63459d6d918c731c29eb083ae97e51e5a7a86b906e83)
[2026-10-04T14:49:19.546196+00:00]   [Ria Money Transfer] US->SV $200 (Debit card): 1 observacion insertada. Evidencia: evidence/ria_us_debit_card_200_20261004T144817Z.jpg (sha256=2e6df279af2546f2b8d33fa484f1bb92e18af72f8a2946909df4487ab7054a4a)
[2026-10-04T14:49:19.546211+00:00]   [Ria Money Transfer] US->SV $200 (Cash): 1 observacion insertada. Evidencia: evidence/ria_us_cash_200_20261004T144820Z.jpg (sha256=f52e018adf975f5d85659bca69d0b635709f5693989006caf5186d4f0e849647)
[2026-10-04T14:49:19.546215+00:00]   [Ria Money Transfer] US->SV $500 (Bank): 1 observacion insertada. Evidencia: evidence/ria_us_bank_account_500_20261004T144824Z.jpg (sha256=2d738dfa9b92fd6dfd89941d1b8358c36b134fd2849ce93b7394f916292a9c8b)
[2026-10-04T14:49:19.546219+00:00]   [Ria Money Transfer] US->SV $500 (Credit card): 1 observacion insertada. Evidencia: evidence/ria_us_credit_card_500_20261004T144827Z.jpg (sha256=65f979ec14e34f3c438da628e51a7256377223d8ede7e9dadfb4b515d74d85e3)
[2026-10-04T14:49:19.546224+00:00]   [Ria Money Transfer] US->SV $500 (Debit card): 1 observacion insertada. Evidencia: evidence/ria_us_debit_card_500_20261004T144829Z.jpg (sha256=97fb2dc94322e517858aa13aaf5332e88331b6bf39a2bf27df1b7593ee65b7f2)
[2026-10-04T14:49:19.546227+00:00]   [Ria Money Transfer] US->SV $500 (Cash): fuera de rango valido, se omite (no se inserta fila).
[2026-10-04T14:49:19.546232+00:00]   [Ria Money Transfer] Intento 1/3 fallo para corredor CA->SV: TimeoutError: Locator.click: Timeout 10000ms exceeded.
[2026-10-04T14:49:19.546236+00:00]   [Ria Money Transfer] Call log:
[2026-10-04T14:49:19.546240+00:00]   [Ria Money Transfer]   - waiting for get_by_role("button", name="Select Destination")
[2026-10-04T14:49:19.546244+00:00]   [Ria Money Transfer] . Reintentando en 5s...
[2026-10-04T14:49:19.546249+00:00]   [Ria Money Transfer] Intento 2/3 fallo para corredor CA->SV: TimeoutError: Locator.click: Timeout 10000ms exceeded.
[2026-10-04T14:49:19.546253+00:00]   [Ria Money Transfer] Call log:
[2026-10-04T14:49:19.546256+00:00]   [Ria Money Transfer]   - waiting for get_by_role("button", name="Select Destination")
[2026-10-04T14:49:19.546260+00:00]   [Ria Money Transfer] . Reintentando en 10s...
[2026-10-04T14:49:19.546276+00:00] FALLO Ria Money Transfer: codigo de salida 1:     return task.result()
           ^^^^^^^^^^^^^
  File "/opt/hostedtoolcache/Python/3.11.16/x64/lib/python3.11/site-packages/playwright/_impl/_locator.py", line 165, in click
    return await self._frame._click(self._selector, strict=True, **params)
           ^^^^^^^^^^^^^^^^^^^^^^^^^^^^^^^^^^^^^^^^^^^^^^^^^^^^^^^^^^^^^^^
  File "/opt/hostedtoolcache/Python/3.11.16/x64/lib/python3.11/site-packages/playwright/_impl/_frame.py", line 594, in _click
    await self._channel.send("click", self._timeout, locals_to_params(locals()))
  File "/opt/hostedtoolcache/Python/3.11.16/x64/lib/python3.11/site-packages/playwright/_impl/_connection.py", line 76, in send
    return await self._connection.wrap_api_call(
           ^^^^^^^^^^^^^^^^^^^^^^^^^^^^^^^^^^^^^
  File "/opt/hostedtoolcache/Python/3.11.16/x64/lib/python3.11/site-packages/playwright/_impl/_connection.py", line 632, in wrap_api_call
    raise rewrite_error(error, f"{parsed_st['apiName']}: {error}") from None
playwright._impl._errors.TimeoutError: Locator.click: Timeout 10000ms exceeded.
Call log:
  - waiting for get_by_role("button", name="Select Destination")
[2026-10-04T14:49:19.546302+00:00] === Iniciando Xoom (a PayPal service) (xoom.py) ===
[2026-10-04T14:49:44.416899+00:00]   [Xoom (a PayPal service)] US->SV $100: 15 observaciones insertadas. Evidencia: evidence/xoom_us_100_20261004T144924Z.jpg (sha256=056e2ad9eac725317002ccda6e5203722fba6007b0eb38303d04b635ffed8074)
[2026-10-04T14:49:44.416932+00:00]   [Xoom (a PayPal service)] US->SV $200: 15 observaciones insertadas. Evidencia: evidence/xoom_us_200_20261004T144927Z.jpg (sha256=6f1d8c13c7a0821289c48fe81e408859111a0b139579367fa8cc158de981039c)
[2026-10-04T14:49:44.416939+00:00]   [Xoom (a PayPal service)] US->SV $500: 15 observaciones insertadas. Evidencia: evidence/xoom_us_500_20261004T144930Z.jpg (sha256=da6ffa38ab5985513360526ab5fb3b24a621dd04955245e0888013cc722d8027)
[2026-10-04T14:49:44.416967+00:00]   [Xoom (a PayPal service)] CA->SV $100: 8 observaciones insertadas. Evidencia: evidence/xoom_ca_100_20261004T144937Z.jpg (sha256=d1eb26a3716ffaa6b1a62d1eab6edc12afed3c0445d9554f5bff2611dd82bb78)
[2026-10-04T14:49:44.416972+00:00]   [Xoom (a PayPal service)] CA->SV $200: 8 observaciones insertadas. Evidencia: evidence/xoom_ca_200_20261004T144940Z.jpg (sha256=182869fd12e5860a802e9dfedfde8c66c9ac448ea6a89d7703fd4ffbec2bbd1c)
[2026-10-04T14:49:44.416976+00:00]   [Xoom (a PayPal service)] CA->SV $500: 8 observaciones insertadas. Evidencia: evidence/xoom_ca_500_20261004T144943Z.jpg (sha256=b6aaee5e0a699a2f38d5d2160a842e541a580fa461baa00924351f085377ebe3)
[2026-10-04T14:49:44.416982+00:00] OK Xoom (a PayPal service): 69 observaciones nuevas
[2026-10-04T14:49:44.417010+00:00] === Iniciando RemitBee (remitbee.py) ===
[2026-10-04T14:49:55.242750+00:00]   [RemitBee] CA->SV $100: 4 observaciones insertadas. Evidencia: evidence/remitbee_ca_100_20261004T144948Z.jpg (sha256=ff2ccd9a255a483c12315ba4069e1974ab35b2538aa4e6dc040b482f8849e679)
[2026-10-04T14:49:55.242812+00:00]   [RemitBee] CA->SV $200: 4 observaciones insertadas. Evidencia: evidence/remitbee_ca_200_20261004T144952Z.jpg (sha256=42fdac9add25e864a2d54ffa2b1d8df7caee5ea3261d36e9f23a0f403be7e1d2)
[2026-10-04T14:49:55.242820+00:00]   [RemitBee] CA->SV $500: 4 observaciones insertadas. Evidencia: evidence/remitbee_ca_500_20261004T144954Z.jpg (sha256=9ab09e2d9b1e9c06f40eaaf5373e1c483ac052e0c2cf523a014ac564da22b495)
[2026-10-04T14:49:55.242833+00:00] OK RemitBee: 12 observaciones nuevas

RECORDATORIO: MoneyGram sigue pendiente de muestreo manual (operators.requires_manual_sampling=1) -- su sitio bloquea automatizacion de forma explicita (ver operators.notes, confirmado 2026-08-01). Este orquestador NO lo corre ni lo intenta: no existe collectors/moneygram.py a proposito.
