[2026-10-01T16:28:27.149942+00:00] === Iniciando Remitly (remitly.py) ===
[2026-10-01T16:28:28.897192+00:00]   [Remitly] US->SV: 9 observaciones insertadas desde https://www.remitly.com/us/en/el-salvador/pricing
[2026-10-01T16:28:28.897232+00:00]   [Remitly]   Evidencia: evidence/remitly_us_20261001T162828Z.html (sha256=360065b10cfa09eb72fd65d0b166b236a1dec52cdbe690a6488dcacf1356532d)
[2026-10-01T16:28:28.897241+00:00]   [Remitly] CA->SV: 9 observaciones insertadas desde https://www.remitly.com/ca/en/el-salvador/pricing
[2026-10-01T16:28:28.897247+00:00]   [Remitly]   Evidencia: evidence/remitly_ca_20261001T162828Z.html (sha256=6c0b0a087e7d944f796d9151f3dbaeae1bd43c35e5cce098a6e648c4a390892c)
[2026-10-01T16:28:28.897255+00:00] OK Remitly: 18 observaciones nuevas
[2026-10-01T16:28:28.897285+00:00] === Iniciando Western Union (western_union.py) ===
[2026-10-01T16:30:07.219675+00:00]   [Western Union] US->SV $100: 5 observaciones insertadas. Evidencia: evidence/western_union_us_100_20261001T162847Z.jpg (sha256=96a10c6769db4e2fd8e9e336da3c11f9db97e0cdab544eb5fc22d7d39a05293f)
[2026-10-01T16:30:07.219723+00:00]   [Western Union] US->SV $200: 5 observaciones insertadas. Evidencia: evidence/western_union_us_200_20261001T162907Z.jpg (sha256=9df069365a5c264ea6b2107a1ea06731b3e61476d4b18255c683e2fd38b317f4)
[2026-10-01T16:30:07.219735+00:00]   [Western Union] US->SV $500: 5 observaciones insertadas. Evidencia: evidence/western_union_us_500_20261001T162928Z.jpg (sha256=e550fa2e90b31d42b6fb4c6e2dd9b060859cc9c17b04b0dbe806e4b98dd9f55f)
[2026-10-01T16:30:07.219754+00:00] FALLO Western Union: codigo de salida 1:     return task.result()
           ^^^^^^^^^^^^^
  File "/opt/hostedtoolcache/Python/3.11.16/x64/lib/python3.11/site-packages/playwright/_impl/_locator.py", line 752, in wait_for
    await self._frame.wait_for_selector(
  File "/opt/hostedtoolcache/Python/3.11.16/x64/lib/python3.11/site-packages/playwright/_impl/_frame.py", line 395, in wait_for_selector
    await self._channel.send(
  File "/opt/hostedtoolcache/Python/3.11.16/x64/lib/python3.11/site-packages/playwright/_impl/_connection.py", line 76, in send
    return await self._connection.wrap_api_call(
           ^^^^^^^^^^^^^^^^^^^^^^^^^^^^^^^^^^^^^
  File "/opt/hostedtoolcache/Python/3.11.16/x64/lib/python3.11/site-packages/playwright/_impl/_connection.py", line 632, in wrap_api_call
    raise rewrite_error(error, f"{parsed_st['apiName']}: {error}") from None
playwright._impl._errors.TimeoutError: Locator.wait_for: Timeout 15000ms exceeded.
Call log:
  - waiting for locator("[role=\"dialog\"]").last to be visible
    33 × locator resolved to hidden <div role="dialog" tabindex="-1" aria-modal="true" class="modal-overlay" data-modal-element-overlay="" data-modal-close-button-parent="">…</div>
[2026-10-01T16:30:07.219793+00:00] === Iniciando Ria Money Transfer (ria.py) ===
[2026-10-01T16:31:02.658962+00:00]   [Ria Money Transfer] Intento 1/3 fallo para corredor US->SV: TimeoutError: Locator.click: Timeout 10000ms exceeded.
[2026-10-01T16:31:02.659005+00:00]   [Ria Money Transfer] Call log:
[2026-10-01T16:31:02.659014+00:00]   [Ria Money Transfer]   - waiting for get_by_role("option", name="Bank").first
[2026-10-01T16:31:02.659020+00:00]   [Ria Money Transfer] . Reintentando en 5s...
[2026-10-01T16:31:02.659025+00:00]   [Ria Money Transfer] Intento 2/3 fallo para corredor US->SV: TimeoutError: Locator.click: Timeout 10000ms exceeded.
[2026-10-01T16:31:02.659031+00:00]   [Ria Money Transfer] Call log:
[2026-10-01T16:31:02.659036+00:00]   [Ria Money Transfer]   - waiting for get_by_role("button", name="Select Destination")
[2026-10-01T16:31:02.659041+00:00]   [Ria Money Transfer] . Reintentando en 10s...
[2026-10-01T16:31:02.659063+00:00] FALLO Ria Money Transfer: codigo de salida 1:     return task.result()
           ^^^^^^^^^^^^^
  File "/opt/hostedtoolcache/Python/3.11.16/x64/lib/python3.11/site-packages/playwright/_impl/_locator.py", line 165, in click
    return await self._frame._click(self._selector, strict=True, **params)
           ^^^^^^^^^^^^^^^^^^^^^^^^^^^^^^^^^^^^^^^^^^^^^^^^^^^^^^^^^^^^^^^
  File "/opt/hostedtoolcache/Python/3.11.16/x64/lib/python3.11/site-packages/playwright/_impl/_frame.py", line 594, in _click
    await self._channel.send("click", self._timeout, locals_to_params(locals()))
  File "/opt/hostedtoolcache/Python/3.11.16/x64/lib/python3.11/site-packages/playwright/_impl/_connection.py", line 76, in send
    return await self._connection.wrap_api_call(
           ^^^^^^^^^^^^^^^^^^^^^^^^^^^^^^^^^^^^^
  File "/opt/hostedtoolcache/Python/3.11.16/x64/lib/python3.11/site-packages/playwright/_impl/_connection.py", line 632, in wrap_api_call
    raise rewrite_error(error, f"{parsed_st['apiName']}: {error}") from None
playwright._impl._errors.TimeoutError: Locator.click: Timeout 10000ms exceeded.
Call log:
  - waiting for get_by_role("button", name="Select Destination")
[2026-10-01T16:31:02.659101+00:00] === Iniciando Xoom (a PayPal service) (xoom.py) ===
[2026-10-01T16:31:28.443499+00:00]   [Xoom (a PayPal service)] US->SV $100: 15 observaciones insertadas. Evidencia: evidence/xoom_us_100_20261001T163107Z.jpg (sha256=30e1f104b5714f3f6ecbaa23ba4eb617814160286dc4d904428abfedac4a4b71)
[2026-10-01T16:31:28.443535+00:00]   [Xoom (a PayPal service)] US->SV $200: 15 observaciones insertadas. Evidencia: evidence/xoom_us_200_20261001T163111Z.jpg (sha256=c26b2b5fe33818bc36979be766db97fd2c992e563dbd302e85eb1554c3663c2b)
[2026-10-01T16:31:28.443542+00:00]   [Xoom (a PayPal service)] US->SV $500: 15 observaciones insertadas. Evidencia: evidence/xoom_us_500_20261001T163114Z.jpg (sha256=9e94edc7226432c4dd0c739bffb6b07e534f1c7bdc8611fe12c941908b5c5cb7)
[2026-10-01T16:31:28.443547+00:00]   [Xoom (a PayPal service)] CA->SV $100: 8 observaciones insertadas. Evidencia: evidence/xoom_ca_100_20261001T163120Z.jpg (sha256=21e5b7ba0102347cbe36739c90513aa70df00ab44b8c4072a6e88b549bd50a74)
[2026-10-01T16:31:28.443557+00:00]   [Xoom (a PayPal service)] CA->SV $200: 8 observaciones insertadas. Evidencia: evidence/xoom_ca_200_20261001T163124Z.jpg (sha256=ec4b455e77cc2df78ad4e18969c3746a32a1212ca90dbfe490c599d3f87a3878)
[2026-10-01T16:31:28.443562+00:00]   [Xoom (a PayPal service)] CA->SV $500: 8 observaciones insertadas. Evidencia: evidence/xoom_ca_500_20261001T163127Z.jpg (sha256=4372ebd6822c4ba6dc0ffab71c332e6baa79db8542da86f495a925f5aae8d979)
[2026-10-01T16:31:28.443568+00:00] OK Xoom (a PayPal service): 69 observaciones nuevas
[2026-10-01T16:31:28.443599+00:00] === Iniciando RemitBee (remitbee.py) ===
[2026-10-01T16:31:39.484761+00:00]   [RemitBee] CA->SV $100: 4 observaciones insertadas. Evidencia: evidence/remitbee_ca_100_20261001T163133Z.jpg (sha256=d54ef7a8ad55f37069c1dab538d196362c56cb3a314b516410e843e2ccec2063)
[2026-10-01T16:31:39.484798+00:00]   [RemitBee] CA->SV $200: 4 observaciones insertadas. Evidencia: evidence/remitbee_ca_200_20261001T163136Z.jpg (sha256=c1eed87b184dbf36a104053062a3847a131c9ec31a6497a81a177d1caaef7be3)
[2026-10-01T16:31:39.484806+00:00]   [RemitBee] CA->SV $500: 4 observaciones insertadas. Evidencia: evidence/remitbee_ca_500_20261001T163138Z.jpg (sha256=e2be32001e9cf6e3770f846950d11588bfe76815f5edd4d12843963972a1bcd3)
[2026-10-01T16:31:39.484818+00:00] OK RemitBee: 12 observaciones nuevas

RECORDATORIO: MoneyGram sigue pendiente de muestreo manual (operators.requires_manual_sampling=1) -- su sitio bloquea automatizacion de forma explicita (ver operators.notes, confirmado 2026-08-01). Este orquestador NO lo corre ni lo intenta: no existe collectors/moneygram.py a proposito.
