[2026-09-09T13:41:33.740937+00:00] === Iniciando Remitly (remitly.py) ===
[2026-09-09T13:41:35.174144+00:00]   [Remitly] US->SV: 9 observaciones insertadas desde https://www.remitly.com/us/en/el-salvador/pricing
[2026-09-09T13:41:35.174177+00:00]   [Remitly]   Evidencia: evidence/remitly_us_20260909T134134Z.html (sha256=5fbaa127d98502f4c7760121c192b5f1db58aaf81989539b27a1b333fa18475e)
[2026-09-09T13:41:35.174185+00:00]   [Remitly] CA->SV: 9 observaciones insertadas desde https://www.remitly.com/ca/en/el-salvador/pricing
[2026-09-09T13:41:35.174190+00:00]   [Remitly]   Evidencia: evidence/remitly_ca_20260909T134135Z.html (sha256=f46b671e6eaeed3f544fb9f54beae955c69828d6f067f1a56a85a488d4d23270)
[2026-09-09T13:41:35.174197+00:00] OK Remitly: 18 observaciones nuevas
[2026-09-09T13:41:35.174228+00:00] === Iniciando Western Union (western_union.py) ===
[2026-09-09T13:43:21.907737+00:00]   [Western Union] US->SV $100: 5 observaciones insertadas. Evidencia: evidence/western_union_us_100_20260909T134153Z.jpg (sha256=015a62e08b1a049e69292fe4452e3049e255b1bc3eaeb42d0fc67838980c7e9a)
[2026-09-09T13:43:21.907785+00:00]   [Western Union] US->SV $200: 5 observaciones insertadas. Evidencia: evidence/western_union_us_200_20260909T134217Z.jpg (sha256=9df069365a5c264ea6b2107a1ea06731b3e61476d4b18255c683e2fd38b317f4)
[2026-09-09T13:43:21.907797+00:00]   [Western Union] US->SV $500: 5 observaciones insertadas. Evidencia: evidence/western_union_us_500_20260909T134240Z.jpg (sha256=e550fa2e90b31d42b6fb4c6e2dd9b060859cc9c17b04b0dbe806e4b98dd9f55f)
[2026-09-09T13:43:21.907820+00:00] FALLO Western Union: codigo de salida 1:     return task.result()
           ^^^^^^^^^^^^^
  File "/opt/hostedtoolcache/Python/3.11.16/x64/lib/python3.11/site-packages/playwright/_impl/_locator.py", line 748, in wait_for
    await self._frame.wait_for_selector(
  File "/opt/hostedtoolcache/Python/3.11.16/x64/lib/python3.11/site-packages/playwright/_impl/_frame.py", line 394, in wait_for_selector
    await self._channel.send(
  File "/opt/hostedtoolcache/Python/3.11.16/x64/lib/python3.11/site-packages/playwright/_impl/_connection.py", line 76, in send
    return await self._connection.wrap_api_call(
           ^^^^^^^^^^^^^^^^^^^^^^^^^^^^^^^^^^^^^
  File "/opt/hostedtoolcache/Python/3.11.16/x64/lib/python3.11/site-packages/playwright/_impl/_connection.py", line 632, in wrap_api_call
    raise rewrite_error(error, f"{parsed_st['apiName']}: {error}") from None
playwright._impl._errors.TimeoutError: Locator.wait_for: Timeout 15000ms exceeded.
Call log:
  - waiting for locator("[role=\"dialog\"]").last to be visible
    33 × locator resolved to hidden <div role="dialog" tabindex="-1" aria-modal="true" class="modal-overlay" data-modal-element-overlay="" data-modal-close-button-parent="">…</div>
[2026-09-09T13:43:21.907860+00:00] === Iniciando Ria Money Transfer (ria.py) ===
[2026-09-09T13:45:11.941468+00:00]   [Ria Money Transfer] Intento 1/3 fallo para corredor US->SV: TimeoutError: Locator.fill: Timeout 30000ms exceeded.
[2026-09-09T13:45:11.941515+00:00]   [Ria Money Transfer] Call log:
[2026-09-09T13:45:11.941524+00:00]   [Ria Money Transfer]   - waiting for get_by_placeholder("Search currency or country")
[2026-09-09T13:45:11.941531+00:00]   [Ria Money Transfer] . Reintentando en 5s...
[2026-09-09T13:45:11.941537+00:00]   [Ria Money Transfer] Intento 2/3 fallo para corredor US->SV: TimeoutError: Locator.fill: Timeout 30000ms exceeded.
[2026-09-09T13:45:11.941544+00:00]   [Ria Money Transfer] Call log:
[2026-09-09T13:45:11.941550+00:00]   [Ria Money Transfer]   - waiting for get_by_placeholder("Search currency or country")
[2026-09-09T13:45:11.941556+00:00]   [Ria Money Transfer] . Reintentando en 10s...
[2026-09-09T13:45:11.941583+00:00] FALLO Ria Money Transfer: codigo de salida 1:   File "/opt/hostedtoolcache/Python/3.11.16/x64/lib/python3.11/site-packages/playwright/_impl/_locator.py", line 219, in fill
    return await self._frame.fill(self._selector, strict=True, **params)
           ^^^^^^^^^^^^^^^^^^^^^^^^^^^^^^^^^^^^^^^^^^^^^^^^^^^^^^^^^^^^^
  File "/opt/hostedtoolcache/Python/3.11.16/x64/lib/python3.11/site-packages/playwright/_impl/_frame.py", line 636, in fill
    await self._fill(**locals_to_params(locals()))
  File "/opt/hostedtoolcache/Python/3.11.16/x64/lib/python3.11/site-packages/playwright/_impl/_frame.py", line 648, in _fill
    await self._channel.send("fill", self._timeout, locals_to_params(locals()))
  File "/opt/hostedtoolcache/Python/3.11.16/x64/lib/python3.11/site-packages/playwright/_impl/_connection.py", line 76, in send
    return await self._connection.wrap_api_call(
           ^^^^^^^^^^^^^^^^^^^^^^^^^^^^^^^^^^^^^
  File "/opt/hostedtoolcache/Python/3.11.16/x64/lib/python3.11/site-packages/playwright/_impl/_connection.py", line 632, in wrap_api_call
    raise rewrite_error(error, f"{parsed_st['apiName']}: {error}") from None
playwright._impl._errors.TimeoutError: Locator.fill: Timeout 30000ms exceeded.
Call log:
  - waiting for get_by_placeholder("Search currency or country")
[2026-09-09T13:45:11.941630+00:00] === Iniciando Xoom (a PayPal service) (xoom.py) ===
[2026-09-09T13:45:37.394197+00:00]   [Xoom (a PayPal service)] US->SV $100: 15 observaciones insertadas. Evidencia: evidence/xoom_us_100_20260909T134516Z.jpg (sha256=e7bcc8082502534a9566e4f6ba6046997fe59a023edc2caa1ef22942986910e0)
[2026-09-09T13:45:37.394299+00:00]   [Xoom (a PayPal service)] US->SV $200: 15 observaciones insertadas. Evidencia: evidence/xoom_us_200_20260909T134520Z.jpg (sha256=6ad23f7d1dc08eb7bda1bbb51b59df062ecafa5efca2bc49f8f927a765be5abc)
[2026-09-09T13:45:37.394324+00:00]   [Xoom (a PayPal service)] US->SV $500: 15 observaciones insertadas. Evidencia: evidence/xoom_us_500_20260909T134523Z.jpg (sha256=13a9c09f763f4eab50c5bee6d95188af6c58c9b64b2ae4c2a715585af79299a0)
[2026-09-09T13:45:37.394336+00:00]   [Xoom (a PayPal service)] CA->SV $100: 8 observaciones insertadas. Evidencia: evidence/xoom_ca_100_20260909T134529Z.jpg (sha256=a8c2235417e0203d8b3fab9bb62558710039704279fbd6ea8e35cc7923d4a9d9)
[2026-09-09T13:45:37.394352+00:00]   [Xoom (a PayPal service)] CA->SV $200: 8 observaciones insertadas. Evidencia: evidence/xoom_ca_200_20260909T134533Z.jpg (sha256=a794a46a34a1f2ca03ad403d463cb20c9eda70f03caf549ca2884e1a1d230f4e)
[2026-09-09T13:45:37.394358+00:00]   [Xoom (a PayPal service)] CA->SV $500: 8 observaciones insertadas. Evidencia: evidence/xoom_ca_500_20260909T134536Z.jpg (sha256=1ddf96809899aebe59950ee8a97d0a692ad8a85a184c16ca7e30f03bc2ff66cc)
[2026-09-09T13:45:37.394366+00:00] OK Xoom (a PayPal service): 69 observaciones nuevas
[2026-09-09T13:45:37.394407+00:00] === Iniciando RemitBee (remitbee.py) ===
[2026-09-09T13:45:48.005827+00:00]   [RemitBee] CA->SV $100: 4 observaciones insertadas. Evidencia: evidence/remitbee_ca_100_20260909T134542Z.jpg (sha256=bb1656ba72197ec9bf82134d9ad6ba323e342a243247e054ae23d4ff4f2fe0c8)
[2026-09-09T13:45:48.005873+00:00]   [RemitBee] CA->SV $200: 4 observaciones insertadas. Evidencia: evidence/remitbee_ca_200_20260909T134544Z.jpg (sha256=18a4a7e7e3fe0503351b2446ff7635e711fb2ac9c4b16a237554bfade6437bb9)
[2026-09-09T13:45:48.005883+00:00]   [RemitBee] CA->SV $500: 4 observaciones insertadas. Evidencia: evidence/remitbee_ca_500_20260909T134547Z.jpg (sha256=27b82f92f41720305aacbd998ccae3bbef2b2a75f3642e0cdf6c1f7302a67e55)
[2026-09-09T13:45:48.005899+00:00] OK RemitBee: 12 observaciones nuevas

RECORDATORIO: MoneyGram sigue pendiente de muestreo manual (operators.requires_manual_sampling=1) -- su sitio bloquea automatizacion de forma explicita (ver operators.notes, confirmado 2026-08-01). Este orquestador NO lo corre ni lo intenta: no existe collectors/moneygram.py a proposito.
