[2026-08-12T10:18:37.995375+00:00] === Iniciando Remitly (remitly.py) ===
[2026-08-12T10:18:39.446721+00:00]   [Remitly] US->SV: 9 observaciones insertadas desde https://www.remitly.com/us/en/el-salvador/pricing
[2026-08-12T10:18:39.446761+00:00]   [Remitly]   Evidencia: evidence/remitly_us_20260812T101838Z.html (sha256=2cb73fb8a20ce0bc359cc7a748288480570812feeabcc7447e027f63c202479e)
[2026-08-12T10:18:39.446769+00:00]   [Remitly] CA->SV: 9 observaciones insertadas desde https://www.remitly.com/ca/en/el-salvador/pricing
[2026-08-12T10:18:39.446774+00:00]   [Remitly]   Evidencia: evidence/remitly_ca_20260812T101839Z.html (sha256=80467dde6e2ba791774619d749ccdfad152121db9182635a5f58899c959c718b)
[2026-08-12T10:18:39.446781+00:00] OK Remitly: 18 observaciones nuevas
[2026-08-12T10:18:39.446813+00:00] === Iniciando Western Union (western_union.py) ===
[2026-08-12T10:20:22.986174+00:00]   [Western Union] US->SV $100: 5 observaciones insertadas. Evidencia: evidence/western_union_us_100_20260812T101859Z.jpg (sha256=015a62e08b1a049e69292fe4452e3049e255b1bc3eaeb42d0fc67838980c7e9a)
[2026-08-12T10:20:22.986230+00:00]   [Western Union] US->SV $200: 5 observaciones insertadas. Evidencia: evidence/western_union_us_200_20260812T101921Z.jpg (sha256=9df069365a5c264ea6b2107a1ea06731b3e61476d4b18255c683e2fd38b317f4)
[2026-08-12T10:20:22.986241+00:00]   [Western Union] US->SV $500: 5 observaciones insertadas. Evidencia: evidence/western_union_us_500_20260812T101944Z.jpg (sha256=e550fa2e90b31d42b6fb4c6e2dd9b060859cc9c17b04b0dbe806e4b98dd9f55f)
[2026-08-12T10:20:22.986268+00:00] FALLO Western Union: codigo de salida 1:     return task.result()
           ^^^^^^^^^^^^^
  File "/opt/hostedtoolcache/Python/3.11.15/x64/lib/python3.11/site-packages/playwright/_impl/_locator.py", line 748, in wait_for
    await self._frame.wait_for_selector(
  File "/opt/hostedtoolcache/Python/3.11.15/x64/lib/python3.11/site-packages/playwright/_impl/_frame.py", line 394, in wait_for_selector
    await self._channel.send(
  File "/opt/hostedtoolcache/Python/3.11.15/x64/lib/python3.11/site-packages/playwright/_impl/_connection.py", line 76, in send
    return await self._connection.wrap_api_call(
           ^^^^^^^^^^^^^^^^^^^^^^^^^^^^^^^^^^^^^
  File "/opt/hostedtoolcache/Python/3.11.15/x64/lib/python3.11/site-packages/playwright/_impl/_connection.py", line 632, in wrap_api_call
    raise rewrite_error(error, f"{parsed_st['apiName']}: {error}") from None
playwright._impl._errors.TimeoutError: Locator.wait_for: Timeout 15000ms exceeded.
Call log:
  - waiting for locator("[role=\"dialog\"]").last to be visible
    34 × locator resolved to hidden <div role="dialog" tabindex="-1" aria-modal="true" class="modal-overlay" data-modal-element-overlay="" data-modal-close-button-parent="">…</div>
[2026-08-12T10:20:22.986309+00:00] === Iniciando Ria Money Transfer (ria.py) ===
[2026-08-12T10:21:15.503482+00:00]   [Ria Money Transfer] Intento 1/3 fallo para corredor US->SV: TimeoutError: Locator.click: Timeout 10000ms exceeded.
[2026-08-12T10:21:15.503535+00:00]   [Ria Money Transfer] Call log:
[2026-08-12T10:21:15.503543+00:00]   [Ria Money Transfer]   - waiting for get_by_role("option").first
[2026-08-12T10:21:15.503550+00:00]   [Ria Money Transfer] . Reintentando en 5s...
[2026-08-12T10:21:15.503556+00:00]   [Ria Money Transfer] Intento 2/3 fallo para corredor US->SV: TimeoutError: Locator.click: Timeout 10000ms exceeded.
[2026-08-12T10:21:15.503562+00:00]   [Ria Money Transfer] Call log:
[2026-08-12T10:21:15.503568+00:00]   [Ria Money Transfer]   - waiting for get_by_role("option").first
[2026-08-12T10:21:15.503574+00:00]   [Ria Money Transfer] . Reintentando en 10s...
[2026-08-12T10:21:15.503592+00:00] FALLO Ria Money Transfer: codigo de salida 1:     return task.result()
           ^^^^^^^^^^^^^
  File "/opt/hostedtoolcache/Python/3.11.15/x64/lib/python3.11/site-packages/playwright/_impl/_locator.py", line 165, in click
    return await self._frame._click(self._selector, strict=True, **params)
           ^^^^^^^^^^^^^^^^^^^^^^^^^^^^^^^^^^^^^^^^^^^^^^^^^^^^^^^^^^^^^^^
  File "/opt/hostedtoolcache/Python/3.11.15/x64/lib/python3.11/site-packages/playwright/_impl/_frame.py", line 593, in _click
    await self._channel.send("click", self._timeout, locals_to_params(locals()))
  File "/opt/hostedtoolcache/Python/3.11.15/x64/lib/python3.11/site-packages/playwright/_impl/_connection.py", line 76, in send
    return await self._connection.wrap_api_call(
           ^^^^^^^^^^^^^^^^^^^^^^^^^^^^^^^^^^^^^
  File "/opt/hostedtoolcache/Python/3.11.15/x64/lib/python3.11/site-packages/playwright/_impl/_connection.py", line 632, in wrap_api_call
    raise rewrite_error(error, f"{parsed_st['apiName']}: {error}") from None
playwright._impl._errors.TimeoutError: Locator.click: Timeout 10000ms exceeded.
Call log:
  - waiting for get_by_role("option").first
[2026-08-12T10:21:15.503638+00:00] === Iniciando Xoom (a PayPal service) (xoom.py) ===
[2026-08-12T10:21:40.890451+00:00]   [Xoom (a PayPal service)] US->SV $100: 15 observaciones insertadas. Evidencia: evidence/xoom_us_100_20260812T102120Z.jpg (sha256=a8f55a7f8b00c4cea65d09ee582ce264974a51405297c0a0aba6e0e9c92fa5da)
[2026-08-12T10:21:40.890496+00:00]   [Xoom (a PayPal service)] US->SV $200: 15 observaciones insertadas. Evidencia: evidence/xoom_us_200_20260812T102123Z.jpg (sha256=5ad25cb10a80dbee944d13f9110ae2b8908628f279e676a3be0bb9bded87dbd7)
[2026-08-12T10:21:40.890502+00:00]   [Xoom (a PayPal service)] US->SV $500: 15 observaciones insertadas. Evidencia: evidence/xoom_us_500_20260812T102127Z.jpg (sha256=5fcbbd52fd7c3b5c042a5bceac94ea6bd84f4573f53b08b5a35817aa11f1db40)
[2026-08-12T10:21:40.890508+00:00]   [Xoom (a PayPal service)] CA->SV $100: 8 observaciones insertadas. Evidencia: evidence/xoom_ca_100_20260812T102133Z.jpg (sha256=cbd3cb175897efb9326b53e5737ea301c261c880d993112ce62ec0cf1cde9dca)
[2026-08-12T10:21:40.890517+00:00]   [Xoom (a PayPal service)] CA->SV $200: 8 observaciones insertadas. Evidencia: evidence/xoom_ca_200_20260812T102136Z.jpg (sha256=d91f30dca4980a15a4d34d2208cded57578deae7964ea97d60121fb22c87a9bf)
[2026-08-12T10:21:40.890522+00:00]   [Xoom (a PayPal service)] CA->SV $500: 8 observaciones insertadas. Evidencia: evidence/xoom_ca_500_20260812T102140Z.jpg (sha256=19d57f151463a2aa74c89cf7c2721b9b81f7ebca41e82db096588c686dd7013c)
[2026-08-12T10:21:40.890528+00:00] OK Xoom (a PayPal service): 69 observaciones nuevas
[2026-08-12T10:21:40.890562+00:00] === Iniciando RemitBee (remitbee.py) ===
[2026-08-12T10:21:52.217927+00:00]   [RemitBee] CA->SV $100: 4 observaciones insertadas. Evidencia: evidence/remitbee_ca_100_20260812T102144Z.jpg (sha256=060aa8424102ee507b7b772ba4545a4f96c2dea1d1c64aefa4524be632427758)
[2026-08-12T10:21:52.217972+00:00]   [RemitBee] CA->SV $200: 4 observaciones insertadas. Evidencia: evidence/remitbee_ca_200_20260812T102147Z.jpg (sha256=4ea098f7031a947d7fc4c3da6b1082c10efe198647db479f6952c8a414a24663)
[2026-08-12T10:21:52.217981+00:00]   [RemitBee] CA->SV $500: 4 observaciones insertadas. Evidencia: evidence/remitbee_ca_500_20260812T102151Z.jpg (sha256=637b17d4f3a5f205f82a873d76e4c2c4a012be0e13432d355867d883a245a061)
[2026-08-12T10:21:52.217994+00:00] OK RemitBee: 12 observaciones nuevas

RECORDATORIO: MoneyGram sigue pendiente de muestreo manual (operators.requires_manual_sampling=1) -- su sitio bloquea automatizacion de forma explicita (ver operators.notes, confirmado 2026-08-01). Este orquestador NO lo corre ni lo intenta: no existe collectors/moneygram.py a proposito.
