[2026-09-19T13:07:11.577671+00:00] === Iniciando Remitly (remitly.py) ===
[2026-09-19T13:07:13.065499+00:00]   [Remitly] US->SV: 9 observaciones insertadas desde https://www.remitly.com/us/en/el-salvador/pricing
[2026-09-19T13:07:13.065536+00:00]   [Remitly]   Evidencia: evidence/remitly_us_20260919T130712Z.html (sha256=f5dc0e9a3c34664c19e00a259a98bdc565c5644e03a5e9c292825af64e6ef664)
[2026-09-19T13:07:13.065544+00:00]   [Remitly] CA->SV: 9 observaciones insertadas desde https://www.remitly.com/ca/en/el-salvador/pricing
[2026-09-19T13:07:13.065550+00:00]   [Remitly]   Evidencia: evidence/remitly_ca_20260919T130713Z.html (sha256=a06f9075ca9f6605e5f25625f081bbc34149f2942e78c8c79b4529af73160f30)
[2026-09-19T13:07:13.065557+00:00] OK Remitly: 18 observaciones nuevas
[2026-09-19T13:07:13.065587+00:00] === Iniciando Western Union (western_union.py) ===
[2026-09-19T13:08:06.207982+00:00]   [Western Union] US->SV $100: 5 observaciones insertadas. Evidencia: evidence/western_union_us_100_20260919T130730Z.jpg (sha256=015a62e08b1a049e69292fe4452e3049e255b1bc3eaeb42d0fc67838980c7e9a)
[2026-09-19T13:08:06.208044+00:00] FALLO Western Union: codigo de salida 1:     return task.result()
           ^^^^^^^^^^^^^
  File "/opt/hostedtoolcache/Python/3.11.16/x64/lib/python3.11/site-packages/playwright/_impl/_page.py", line 429, in wait_for_selector
    return await self._main_frame.wait_for_selector(**locals_to_params(locals()))
           ^^^^^^^^^^^^^^^^^^^^^^^^^^^^^^^^^^^^^^^^^^^^^^^^^^^^^^^^^^^^^^^^^^^^^^
  File "/opt/hostedtoolcache/Python/3.11.16/x64/lib/python3.11/site-packages/playwright/_impl/_frame.py", line 395, in wait_for_selector
    await self._channel.send(
  File "/opt/hostedtoolcache/Python/3.11.16/x64/lib/python3.11/site-packages/playwright/_impl/_connection.py", line 76, in send
    return await self._connection.wrap_api_call(
           ^^^^^^^^^^^^^^^^^^^^^^^^^^^^^^^^^^^^^
  File "/opt/hostedtoolcache/Python/3.11.16/x64/lib/python3.11/site-packages/playwright/_impl/_connection.py", line 632, in wrap_api_call
    raise rewrite_error(error, f"{parsed_st['apiName']}: {error}") from None
playwright._impl._errors.TimeoutError: Page.wait_for_selector: Timeout 15000ms exceeded.
Call log:
  - waiting for locator("[role=\"radiogroup\"] [role=\"radio\"]") to be visible
[2026-09-19T13:08:06.208081+00:00] === Iniciando Ria Money Transfer (ria.py) ===
[2026-09-19T13:09:56.205104+00:00]   [Ria Money Transfer] Intento 1/3 fallo para corredor US->SV: TimeoutError: Locator.fill: Timeout 30000ms exceeded.
[2026-09-19T13:09:56.205151+00:00]   [Ria Money Transfer] Call log:
[2026-09-19T13:09:56.205159+00:00]   [Ria Money Transfer]   - waiting for get_by_placeholder("Search currency or country")
[2026-09-19T13:09:56.205166+00:00]   [Ria Money Transfer] . Reintentando en 5s...
[2026-09-19T13:09:56.205171+00:00]   [Ria Money Transfer] Intento 2/3 fallo para corredor US->SV: TimeoutError: Locator.fill: Timeout 30000ms exceeded.
[2026-09-19T13:09:56.205176+00:00]   [Ria Money Transfer] Call log:
[2026-09-19T13:09:56.205182+00:00]   [Ria Money Transfer]   - waiting for get_by_placeholder("Search currency or country")
[2026-09-19T13:09:56.205187+00:00]   [Ria Money Transfer] . Reintentando en 10s...
[2026-09-19T13:09:56.205211+00:00] FALLO Ria Money Transfer: codigo de salida 1:   File "/opt/hostedtoolcache/Python/3.11.16/x64/lib/python3.11/site-packages/playwright/_impl/_locator.py", line 219, in fill
    return await self._frame.fill(self._selector, strict=True, **params)
           ^^^^^^^^^^^^^^^^^^^^^^^^^^^^^^^^^^^^^^^^^^^^^^^^^^^^^^^^^^^^^
  File "/opt/hostedtoolcache/Python/3.11.16/x64/lib/python3.11/site-packages/playwright/_impl/_frame.py", line 637, in fill
    await self._fill(**locals_to_params(locals()))
  File "/opt/hostedtoolcache/Python/3.11.16/x64/lib/python3.11/site-packages/playwright/_impl/_frame.py", line 649, in _fill
    await self._channel.send("fill", self._timeout, locals_to_params(locals()))
  File "/opt/hostedtoolcache/Python/3.11.16/x64/lib/python3.11/site-packages/playwright/_impl/_connection.py", line 76, in send
    return await self._connection.wrap_api_call(
           ^^^^^^^^^^^^^^^^^^^^^^^^^^^^^^^^^^^^^
  File "/opt/hostedtoolcache/Python/3.11.16/x64/lib/python3.11/site-packages/playwright/_impl/_connection.py", line 632, in wrap_api_call
    raise rewrite_error(error, f"{parsed_st['apiName']}: {error}") from None
playwright._impl._errors.TimeoutError: Locator.fill: Timeout 30000ms exceeded.
Call log:
  - waiting for get_by_placeholder("Search currency or country")
[2026-09-19T13:09:56.205250+00:00] === Iniciando Xoom (a PayPal service) (xoom.py) ===
[2026-09-19T13:10:21.532392+00:00]   [Xoom (a PayPal service)] US->SV $100: 15 observaciones insertadas. Evidencia: evidence/xoom_us_100_20260919T131001Z.jpg (sha256=c681d6c02d27bb292a55b90ce3c5e000e4239c28f7a9fda0bbebd5dd5705fe68)
[2026-09-19T13:10:21.532432+00:00]   [Xoom (a PayPal service)] US->SV $200: 15 observaciones insertadas. Evidencia: evidence/xoom_us_200_20260919T131004Z.jpg (sha256=5e74f36769afe05e9a756f0aca69b29d0c89256468c63ddc8c3cd1cbf34d48c6)
[2026-09-19T13:10:21.532439+00:00]   [Xoom (a PayPal service)] US->SV $500: 15 observaciones insertadas. Evidencia: evidence/xoom_us_500_20260919T131007Z.jpg (sha256=031467cdf98bccec34a8549e1aa4e7d5909821b742a4f032072bf781c8389637)
[2026-09-19T13:10:21.532444+00:00]   [Xoom (a PayPal service)] CA->SV $100: 8 observaciones insertadas. Evidencia: evidence/xoom_ca_100_20260919T131014Z.jpg (sha256=52a4941217794471fd297e5ecb32e33d726d83d035f35b79c01ec6fdab988a7f)
[2026-09-19T13:10:21.532448+00:00]   [Xoom (a PayPal service)] CA->SV $200: 8 observaciones insertadas. Evidencia: evidence/xoom_ca_200_20260919T131017Z.jpg (sha256=a5ce0ad520ce3f30cf80e025b02a533011557604c8d326c887ec56243cc6404d)
[2026-09-19T13:10:21.532453+00:00]   [Xoom (a PayPal service)] CA->SV $500: 8 observaciones insertadas. Evidencia: evidence/xoom_ca_500_20260919T131020Z.jpg (sha256=b6aaee5e0a699a2f38d5d2160a842e541a580fa461baa00924351f085377ebe3)
[2026-09-19T13:10:21.532463+00:00] OK Xoom (a PayPal service): 69 observaciones nuevas
[2026-09-19T13:10:21.532492+00:00] === Iniciando RemitBee (remitbee.py) ===
[2026-09-19T13:10:32.185088+00:00]   [RemitBee] CA->SV $100: 4 observaciones insertadas. Evidencia: evidence/remitbee_ca_100_20260919T131026Z.jpg (sha256=31e9c6904e457922770de56d6d8cd176153312d795368563b5c572dba2c5774a)
[2026-09-19T13:10:32.185129+00:00]   [RemitBee] CA->SV $200: 4 observaciones insertadas. Evidencia: evidence/remitbee_ca_200_20260919T131029Z.jpg (sha256=fe695ded87a4798b2e14adaabda4d045dcd3475dbfa70573b8128b3cfb8d0255)
[2026-09-19T13:10:32.185137+00:00]   [RemitBee] CA->SV $500: 4 observaciones insertadas. Evidencia: evidence/remitbee_ca_500_20260919T131031Z.jpg (sha256=261dd55bdcbfd1859c56c2de596bcdb44dd054bb32cfaab0011043d31f5dc3a3)
[2026-09-19T13:10:32.185150+00:00] OK RemitBee: 12 observaciones nuevas

RECORDATORIO: MoneyGram sigue pendiente de muestreo manual (operators.requires_manual_sampling=1) -- su sitio bloquea automatizacion de forma explicita (ver operators.notes, confirmado 2026-08-01). Este orquestador NO lo corre ni lo intenta: no existe collectors/moneygram.py a proposito.
