[2026-09-07T15:02:14.271552+00:00] === Iniciando Remitly (remitly.py) ===
[2026-09-07T15:02:16.021373+00:00]   [Remitly] US->SV: 9 observaciones insertadas desde https://www.remitly.com/us/en/el-salvador/pricing
[2026-09-07T15:02:16.021406+00:00]   [Remitly]   Evidencia: evidence/remitly_us_20260907T150215Z.html (sha256=c4fd380eb825ebb104f367047da16e278a064696e58a6690aa085ea0fa8d00ee)
[2026-09-07T15:02:16.021412+00:00]   [Remitly] CA->SV: 9 observaciones insertadas desde https://www.remitly.com/ca/en/el-salvador/pricing
[2026-09-07T15:02:16.021417+00:00]   [Remitly]   Evidencia: evidence/remitly_ca_20260907T150215Z.html (sha256=07c36422c79d0a842528312766771c4f1595546a7adacf1de1f48ad569f53f35)
[2026-09-07T15:02:16.021423+00:00] OK Remitly: 18 observaciones nuevas
[2026-09-07T15:02:16.021448+00:00] === Iniciando Western Union (western_union.py) ===
[2026-09-07T15:03:56.228834+00:00]   [Western Union] US->SV $100: 5 observaciones insertadas. Evidencia: evidence/western_union_us_100_20260907T150233Z.jpg (sha256=015a62e08b1a049e69292fe4452e3049e255b1bc3eaeb42d0fc67838980c7e9a)
[2026-09-07T15:03:56.228880+00:00]   [Western Union] US->SV $200: 5 observaciones insertadas. Evidencia: evidence/western_union_us_200_20260907T150256Z.jpg (sha256=9df069365a5c264ea6b2107a1ea06731b3e61476d4b18255c683e2fd38b317f4)
[2026-09-07T15:03:56.228894+00:00]   [Western Union] US->SV $500: 5 observaciones insertadas. Evidencia: evidence/western_union_us_500_20260907T150316Z.jpg (sha256=e550fa2e90b31d42b6fb4c6e2dd9b060859cc9c17b04b0dbe806e4b98dd9f55f)
[2026-09-07T15:03:56.228922+00:00] FALLO Western Union: codigo de salida 1:     return task.result()
           ^^^^^^^^^^^^^
  File "/opt/hostedtoolcache/Python/3.11.16/x64/lib/python3.11/site-packages/playwright/_impl/_locator.py", line 748, in wait_for
    await self._frame.wait_for_selector(
  File "/opt/hostedtoolcache/Python/3.11.16/x64/lib/python3.11/site-packages/playwright/_impl/_frame.py", line 394, in wait_for_selector
    await self._channel.send(
  File "/opt/hostedtoolcache/Python/3.11.16/x64/lib/python3.11/site-packages/playwright/_impl/_connection.py", line 76, in send
    return await self._connection.wrap_api_call(
           ^^^^^^^^^^^^^^^^^^^^^^^^^^^^^^^^^^^^^
  File "/opt/hostedtoolcache/Python/3.11.16/x64/lib/python3.11/site-packages/playwright/_impl/_connection.py", line 632, in wrap_api_call
    raise rewrite_error(error, f"{parsed_st['apiName']}: {error}") from None
playwright._impl._errors.TimeoutError: Locator.wait_for: Timeout 15000ms exceeded.
Call log:
  - waiting for locator("[role=\"dialog\"]").last to be visible
    33 × locator resolved to hidden <div role="dialog" tabindex="-1" aria-modal="true" class="modal-overlay" data-modal-element-overlay="" data-modal-close-button-parent="">…</div>
[2026-09-07T15:03:56.228958+00:00] === Iniciando Ria Money Transfer (ria.py) ===
[2026-09-07T15:05:45.904481+00:00]   [Ria Money Transfer] Intento 1/3 fallo para corredor US->SV: TimeoutError: Locator.fill: Timeout 30000ms exceeded.
[2026-09-07T15:05:45.904523+00:00]   [Ria Money Transfer] Call log:
[2026-09-07T15:05:45.904531+00:00]   [Ria Money Transfer]   - waiting for get_by_placeholder("Search currency or country")
[2026-09-07T15:05:45.904537+00:00]   [Ria Money Transfer] . Reintentando en 5s...
[2026-09-07T15:05:45.904542+00:00]   [Ria Money Transfer] Intento 2/3 fallo para corredor US->SV: TimeoutError: Locator.fill: Timeout 30000ms exceeded.
[2026-09-07T15:05:45.904548+00:00]   [Ria Money Transfer] Call log:
[2026-09-07T15:05:45.904553+00:00]   [Ria Money Transfer]   - waiting for get_by_placeholder("Search currency or country")
[2026-09-07T15:05:45.904558+00:00]   [Ria Money Transfer] . Reintentando en 10s...
[2026-09-07T15:05:45.904579+00:00] FALLO Ria Money Transfer: codigo de salida 1:   File "/opt/hostedtoolcache/Python/3.11.16/x64/lib/python3.11/site-packages/playwright/_impl/_locator.py", line 219, in fill
    return await self._frame.fill(self._selector, strict=True, **params)
           ^^^^^^^^^^^^^^^^^^^^^^^^^^^^^^^^^^^^^^^^^^^^^^^^^^^^^^^^^^^^^
  File "/opt/hostedtoolcache/Python/3.11.16/x64/lib/python3.11/site-packages/playwright/_impl/_frame.py", line 636, in fill
    await self._fill(**locals_to_params(locals()))
  File "/opt/hostedtoolcache/Python/3.11.16/x64/lib/python3.11/site-packages/playwright/_impl/_frame.py", line 648, in _fill
    await self._channel.send("fill", self._timeout, locals_to_params(locals()))
  File "/opt/hostedtoolcache/Python/3.11.16/x64/lib/python3.11/site-packages/playwright/_impl/_connection.py", line 76, in send
    return await self._connection.wrap_api_call(
           ^^^^^^^^^^^^^^^^^^^^^^^^^^^^^^^^^^^^^
  File "/opt/hostedtoolcache/Python/3.11.16/x64/lib/python3.11/site-packages/playwright/_impl/_connection.py", line 632, in wrap_api_call
    raise rewrite_error(error, f"{parsed_st['apiName']}: {error}") from None
playwright._impl._errors.TimeoutError: Locator.fill: Timeout 30000ms exceeded.
Call log:
  - waiting for get_by_placeholder("Search currency or country")
[2026-09-07T15:05:45.904616+00:00] === Iniciando Xoom (a PayPal service) (xoom.py) ===
[2026-09-07T15:06:10.962483+00:00]   [Xoom (a PayPal service)] US->SV $100: 15 observaciones insertadas. Evidencia: evidence/xoom_us_100_20260907T150550Z.jpg (sha256=c681d6c02d27bb292a55b90ce3c5e000e4239c28f7a9fda0bbebd5dd5705fe68)
[2026-09-07T15:06:10.962521+00:00]   [Xoom (a PayPal service)] US->SV $200: 15 observaciones insertadas. Evidencia: evidence/xoom_us_200_20260907T150553Z.jpg (sha256=5e74f36769afe05e9a756f0aca69b29d0c89256468c63ddc8c3cd1cbf34d48c6)
[2026-09-07T15:06:10.962527+00:00]   [Xoom (a PayPal service)] US->SV $500: 15 observaciones insertadas. Evidencia: evidence/xoom_us_500_20260907T150557Z.jpg (sha256=c4f7b9230bac1a91cad5fcc5412ebeb676c65308b8445f95b5857dc805e79cd0)
[2026-09-07T15:06:10.962532+00:00]   [Xoom (a PayPal service)] CA->SV $100: 8 observaciones insertadas. Evidencia: evidence/xoom_ca_100_20260907T150603Z.jpg (sha256=96b2bbc7a7e4a3d2b26cdd100e1f49a13f0821c4559a1bdae61075f608ca7b78)
[2026-09-07T15:06:10.962540+00:00]   [Xoom (a PayPal service)] CA->SV $200: 8 observaciones insertadas. Evidencia: evidence/xoom_ca_200_20260907T150606Z.jpg (sha256=cbe43fd37b3634e225cbb991569bc31547c5d35fc2ea3bf5bf0cb165f52a9310)
[2026-09-07T15:06:10.962544+00:00]   [Xoom (a PayPal service)] CA->SV $500: 8 observaciones insertadas. Evidencia: evidence/xoom_ca_500_20260907T150610Z.jpg (sha256=3980f101f67b2d4c180c6dd304bbfbcd3bcfc6ec2a1ec339719eae3fae99af0f)
[2026-09-07T15:06:10.962550+00:00] OK Xoom (a PayPal service): 69 observaciones nuevas
[2026-09-07T15:06:10.962579+00:00] === Iniciando RemitBee (remitbee.py) ===
[2026-09-07T15:06:22.805608+00:00]   [RemitBee] CA->SV $100: 4 observaciones insertadas. Evidencia: evidence/remitbee_ca_100_20260907T150616Z.jpg (sha256=714758fdab28e401d303a2e8100ee9775a43b71e19f31b05b1f7ab5b4e9d5668)
[2026-09-07T15:06:22.805644+00:00]   [RemitBee] CA->SV $200: 4 observaciones insertadas. Evidencia: evidence/remitbee_ca_200_20260907T150619Z.jpg (sha256=4413cab748074226498b2c846d18f257877c73f5fb75c69a1539643bb89580cc)
[2026-09-07T15:06:22.805652+00:00]   [RemitBee] CA->SV $500: 4 observaciones insertadas. Evidencia: evidence/remitbee_ca_500_20260907T150622Z.jpg (sha256=6975316d6f5ec935dcd42f6217bb15c065e3a915a4483f27de7ceffc5cb0bfbc)
[2026-09-07T15:06:22.805664+00:00] OK RemitBee: 12 observaciones nuevas

RECORDATORIO: MoneyGram sigue pendiente de muestreo manual (operators.requires_manual_sampling=1) -- su sitio bloquea automatizacion de forma explicita (ver operators.notes, confirmado 2026-08-01). Este orquestador NO lo corre ni lo intenta: no existe collectors/moneygram.py a proposito.
