[2026-08-04T11:32:54.054339+00:00] === Iniciando Remitly (remitly.py) ===
[2026-08-04T11:32:55.450774+00:00]   [Remitly] US->SV: 12 observaciones insertadas desde https://www.remitly.com/us/en/el-salvador/pricing
[2026-08-04T11:32:55.450825+00:00]   [Remitly]   Evidencia: evidence/remitly_us_20260804T113254Z.html (sha256=d0791be9fa7621e5f5764d009c78c67d2cac93bbb8728db08b8fdee5f90badf6)
[2026-08-04T11:32:55.450834+00:00]   [Remitly] CA->SV: 12 observaciones insertadas desde https://www.remitly.com/ca/en/el-salvador/pricing
[2026-08-04T11:32:55.450840+00:00]   [Remitly]   Evidencia: evidence/remitly_ca_20260804T113255Z.html (sha256=15b34bfb7d93196f566edf69c02804597db409440b9f8795c592586fc6f69a5e)
[2026-08-04T11:32:55.450850+00:00] OK Remitly: 24 observaciones nuevas
[2026-08-04T11:32:55.450895+00:00] === Iniciando Western Union (western_union.py) ===
[2026-08-04T11:34:25.995451+00:00]   [Western Union] US->SV $100: 5 observaciones insertadas. Evidencia: evidence/western_union_us_100_20260804T113311Z.jpg (sha256=c5b3f595171a106734434b4508ecd68622186b6c07799adacf74e767b7cc1946)
[2026-08-04T11:34:25.995499+00:00]   [Western Union] US->SV $200: 5 observaciones insertadas. Evidencia: evidence/western_union_us_200_20260804T113331Z.jpg (sha256=822efcb000ef123f2d616a8c039d8a3a7031a0840a0b7f60478491effca12765)
[2026-08-04T11:34:25.995509+00:00]   [Western Union] US->SV $500: 5 observaciones insertadas. Evidencia: evidence/western_union_us_500_20260804T113350Z.jpg (sha256=7a8bdf5cff0363ad52667e485738740df2468b961fa77c80b3d91368d37fccb6)
[2026-08-04T11:34:25.995513+00:00]   [Western Union] CA->SV $100: 5 observaciones insertadas. Evidencia: evidence/western_union_ca_100_20260804T113416Z.jpg (sha256=95edfa8f976d2ab4620febbdb1634086e22aaf82f2a94e1ca19a6977f5c53b3c)
[2026-08-04T11:34:25.995517+00:00]   [Western Union] CA->SV $200: 5 observaciones insertadas. Evidencia: evidence/western_union_ca_200_20260804T113421Z.jpg (sha256=2e3175af4b07c1e2b201643ad5ef7714bc92291340a27c515fdfbeb4a6e21885)
[2026-08-04T11:34:25.995521+00:00]   [Western Union] CA->SV $500: 5 observaciones insertadas. Evidencia: evidence/western_union_ca_500_20260804T113425Z.jpg (sha256=37dd0b1be0ed39dbb1d223a5237c8a2b6cb5e3eeb0b859a25e192f195bdd06ff)
[2026-08-04T11:34:25.995528+00:00] OK Western Union: 30 observaciones nuevas
[2026-08-04T11:34:25.995566+00:00] === Iniciando Ria Money Transfer (ria.py) ===
[2026-08-04T11:35:19.574459+00:00]   [Ria Money Transfer] Intento 1/3 fallo para corredor US->SV: TimeoutError: Locator.click: Timeout 10000ms exceeded.
[2026-08-04T11:35:19.574519+00:00]   [Ria Money Transfer] Call log:
[2026-08-04T11:35:19.574527+00:00]   [Ria Money Transfer]   - waiting for get_by_role("option").first
[2026-08-04T11:35:19.574567+00:00]   [Ria Money Transfer] . Reintentando en 5s...
[2026-08-04T11:35:19.574575+00:00]   [Ria Money Transfer] Intento 2/3 fallo para corredor US->SV: TimeoutError: Locator.click: Timeout 10000ms exceeded.
[2026-08-04T11:35:19.574579+00:00]   [Ria Money Transfer] Call log:
[2026-08-04T11:35:19.574585+00:00]   [Ria Money Transfer]   - waiting for get_by_role("option").first
[2026-08-04T11:35:19.574589+00:00]   [Ria Money Transfer] . Reintentando en 10s...
[2026-08-04T11:35:19.574611+00:00] FALLO Ria Money Transfer: codigo de salida 1:     return task.result()
           ^^^^^^^^^^^^^
  File "/opt/hostedtoolcache/Python/3.11.15/x64/lib/python3.11/site-packages/playwright/_impl/_locator.py", line 165, in click
    return await self._frame._click(self._selector, strict=True, **params)
           ^^^^^^^^^^^^^^^^^^^^^^^^^^^^^^^^^^^^^^^^^^^^^^^^^^^^^^^^^^^^^^^
  File "/opt/hostedtoolcache/Python/3.11.15/x64/lib/python3.11/site-packages/playwright/_impl/_frame.py", line 593, in _click
    await self._channel.send("click", self._timeout, locals_to_params(locals()))
  File "/opt/hostedtoolcache/Python/3.11.15/x64/lib/python3.11/site-packages/playwright/_impl/_connection.py", line 76, in send
    return await self._connection.wrap_api_call(
           ^^^^^^^^^^^^^^^^^^^^^^^^^^^^^^^^^^^^^
  File "/opt/hostedtoolcache/Python/3.11.15/x64/lib/python3.11/site-packages/playwright/_impl/_connection.py", line 632, in wrap_api_call
    raise rewrite_error(error, f"{parsed_st['apiName']}: {error}") from None
playwright._impl._errors.TimeoutError: Locator.click: Timeout 10000ms exceeded.
Call log:
  - waiting for get_by_role("option").first
[2026-08-04T11:35:19.574655+00:00] === Iniciando Xoom (a PayPal service) (xoom.py) ===
[2026-08-04T11:35:45.740382+00:00]   [Xoom (a PayPal service)] US->SV $100: 15 observaciones insertadas. Evidencia: evidence/xoom_us_100_20260804T113524Z.jpg (sha256=d62464c7421e31c9c7ed9a649c6b06d15af7fa350473b5a5e1db3119044ab75d)
[2026-08-04T11:35:45.740429+00:00]   [Xoom (a PayPal service)] US->SV $200: 15 observaciones insertadas. Evidencia: evidence/xoom_us_200_20260804T113528Z.jpg (sha256=1fee8b508800d531b35d17f86d1d966f2dcae8d7d9067a450c187f72d80df432)
[2026-08-04T11:35:45.740434+00:00]   [Xoom (a PayPal service)] US->SV $500: 15 observaciones insertadas. Evidencia: evidence/xoom_us_500_20260804T113531Z.jpg (sha256=7b0953e06064146bb6f402fc5f83b3e7cc4c6b22005019cfa470a2fe992c194b)
[2026-08-04T11:35:45.740438+00:00]   [Xoom (a PayPal service)] CA->SV $100: 8 observaciones insertadas. Evidencia: evidence/xoom_ca_100_20260804T113537Z.jpg (sha256=ee1672b53ce2dd3863f07eee0f18e3a65d91a4450abf837e7bd1b0c477998290)
[2026-08-04T11:35:45.740441+00:00]   [Xoom (a PayPal service)] CA->SV $200: 8 observaciones insertadas. Evidencia: evidence/xoom_ca_200_20260804T113541Z.jpg (sha256=e50a6bbb72f2b36d9bfe0f0cb782e8859214a9a1388560f05dd0d6a81b770523)
[2026-08-04T11:35:45.740445+00:00]   [Xoom (a PayPal service)] CA->SV $500: 8 observaciones insertadas. Evidencia: evidence/xoom_ca_500_20260804T113544Z.jpg (sha256=0d90d8da2f8eb8ee6bda05a406dcb1010fb286337cc12c0b91179b9f7424d77e)
[2026-08-04T11:35:45.740450+00:00] OK Xoom (a PayPal service): 69 observaciones nuevas
[2026-08-04T11:35:45.740488+00:00] === Iniciando RemitBee (remitbee.py) ===
[2026-08-04T11:35:57.174982+00:00]   [RemitBee] CA->SV $100: 4 observaciones insertadas. Evidencia: evidence/remitbee_ca_100_20260804T113549Z.jpg (sha256=47460eb2e37b701139c7d52588655d0bc92a46b58a7383c1a8321180a1afd6c0)
[2026-08-04T11:35:57.175029+00:00]   [RemitBee] CA->SV $200: 4 observaciones insertadas. Evidencia: evidence/remitbee_ca_200_20260804T113553Z.jpg (sha256=860dd7ec9407d0453a3646f270a2ee02644001996bb7ccad8cdead2a7a86b6df)
[2026-08-04T11:35:57.175035+00:00]   [RemitBee] CA->SV $500: 4 observaciones insertadas. Evidencia: evidence/remitbee_ca_500_20260804T113556Z.jpg (sha256=e630777ade69511b1ae8e72173a186c09242080aff0011481df9746a3540b5fa)
[2026-08-04T11:35:57.175045+00:00] OK RemitBee: 12 observaciones nuevas

RECORDATORIO: MoneyGram sigue pendiente de muestreo manual (operators.requires_manual_sampling=1) -- su sitio bloquea automatizacion de forma explicita (ver operators.notes, confirmado 2026-08-01). Este orquestador NO lo corre ni lo intenta: no existe collectors/moneygram.py a proposito.
