[2026-08-28T20:49:45.427682+00:00] === Iniciando Remitly (remitly.py) ===
[2026-08-28T20:49:46.748414+00:00]   [Remitly] US->SV: 9 observaciones insertadas desde https://www.remitly.com/us/en/el-salvador/pricing
[2026-08-28T20:49:46.748451+00:00]   [Remitly]   Evidencia: evidence/remitly_us_20260828T204945Z.html (sha256=0be5e7622c8b2216dd47d933f98c409c7db09b30c172db28a51b2ab1f8715d4d)
[2026-08-28T20:49:46.748456+00:00]   [Remitly] CA->SV: 9 observaciones insertadas desde https://www.remitly.com/ca/en/el-salvador/pricing
[2026-08-28T20:49:46.748459+00:00]   [Remitly]   Evidencia: evidence/remitly_ca_20260828T204946Z.html (sha256=669377cca8387e025e47bf0ffd2ccf7280447c60b939e2ca4f0270e174912276)
[2026-08-28T20:49:46.748464+00:00] OK Remitly: 18 observaciones nuevas
[2026-08-28T20:49:46.748489+00:00] === Iniciando Western Union (western_union.py) ===
[2026-08-28T20:50:40.078440+00:00]   [Western Union] US->SV $100: 5 observaciones insertadas. Evidencia: evidence/western_union_us_100_20260828T204958Z.jpg (sha256=c5b3f595171a106734434b4508ecd68622186b6c07799adacf74e767b7cc1946)
[2026-08-28T20:50:40.078485+00:00]   [Western Union] US->SV $200: 5 observaciones insertadas. Evidencia: evidence/western_union_us_200_20260828T205013Z.jpg (sha256=822efcb000ef123f2d616a8c039d8a3a7031a0840a0b7f60478491effca12765)
[2026-08-28T20:50:40.078506+00:00] FALLO Western Union: codigo de salida 1:     return task.result()
           ^^^^^^^^^^^^^
  File "/opt/hostedtoolcache/Python/3.11.16/x64/lib/python3.11/site-packages/playwright/_impl/_page.py", line 427, in wait_for_selector
    return await self._main_frame.wait_for_selector(**locals_to_params(locals()))
           ^^^^^^^^^^^^^^^^^^^^^^^^^^^^^^^^^^^^^^^^^^^^^^^^^^^^^^^^^^^^^^^^^^^^^^
  File "/opt/hostedtoolcache/Python/3.11.16/x64/lib/python3.11/site-packages/playwright/_impl/_frame.py", line 394, in wait_for_selector
    await self._channel.send(
  File "/opt/hostedtoolcache/Python/3.11.16/x64/lib/python3.11/site-packages/playwright/_impl/_connection.py", line 76, in send
    return await self._connection.wrap_api_call(
           ^^^^^^^^^^^^^^^^^^^^^^^^^^^^^^^^^^^^^
  File "/opt/hostedtoolcache/Python/3.11.16/x64/lib/python3.11/site-packages/playwright/_impl/_connection.py", line 632, in wrap_api_call
    raise rewrite_error(error, f"{parsed_st['apiName']}: {error}") from None
playwright._impl._errors.TimeoutError: Page.wait_for_selector: Timeout 15000ms exceeded.
Call log:
  - waiting for locator("[role=\"radiogroup\"] [role=\"radio\"]") to be visible
[2026-08-28T20:50:40.078532+00:00] === Iniciando Ria Money Transfer (ria.py) ===
[2026-08-28T20:52:30.488270+00:00]   [Ria Money Transfer] Intento 1/3 fallo para corredor US->SV: TimeoutError: Locator.fill: Timeout 30000ms exceeded.
[2026-08-28T20:52:30.488312+00:00]   [Ria Money Transfer] Call log:
[2026-08-28T20:52:30.488317+00:00]   [Ria Money Transfer]   - waiting for get_by_placeholder("Search currency or country")
[2026-08-28T20:52:30.488321+00:00]   [Ria Money Transfer] . Reintentando en 5s...
[2026-08-28T20:52:30.488325+00:00]   [Ria Money Transfer] Intento 2/3 fallo para corredor US->SV: TimeoutError: Locator.fill: Timeout 30000ms exceeded.
[2026-08-28T20:52:30.488328+00:00]   [Ria Money Transfer] Call log:
[2026-08-28T20:52:30.488332+00:00]   [Ria Money Transfer]   - waiting for get_by_placeholder("Search currency or country")
[2026-08-28T20:52:30.488336+00:00]   [Ria Money Transfer] . Reintentando en 10s...
[2026-08-28T20:52:30.488350+00:00] FALLO Ria Money Transfer: codigo de salida 1:   File "/opt/hostedtoolcache/Python/3.11.16/x64/lib/python3.11/site-packages/playwright/_impl/_locator.py", line 219, in fill
    return await self._frame.fill(self._selector, strict=True, **params)
           ^^^^^^^^^^^^^^^^^^^^^^^^^^^^^^^^^^^^^^^^^^^^^^^^^^^^^^^^^^^^^
  File "/opt/hostedtoolcache/Python/3.11.16/x64/lib/python3.11/site-packages/playwright/_impl/_frame.py", line 636, in fill
    await self._fill(**locals_to_params(locals()))
  File "/opt/hostedtoolcache/Python/3.11.16/x64/lib/python3.11/site-packages/playwright/_impl/_frame.py", line 648, in _fill
    await self._channel.send("fill", self._timeout, locals_to_params(locals()))
  File "/opt/hostedtoolcache/Python/3.11.16/x64/lib/python3.11/site-packages/playwright/_impl/_connection.py", line 76, in send
    return await self._connection.wrap_api_call(
           ^^^^^^^^^^^^^^^^^^^^^^^^^^^^^^^^^^^^^
  File "/opt/hostedtoolcache/Python/3.11.16/x64/lib/python3.11/site-packages/playwright/_impl/_connection.py", line 632, in wrap_api_call
    raise rewrite_error(error, f"{parsed_st['apiName']}: {error}") from None
playwright._impl._errors.TimeoutError: Locator.fill: Timeout 30000ms exceeded.
Call log:
  - waiting for get_by_placeholder("Search currency or country")
[2026-08-28T20:52:30.488384+00:00] === Iniciando Xoom (a PayPal service) (xoom.py) ===
[2026-08-28T20:52:54.617880+00:00]   [Xoom (a PayPal service)] US->SV $100: 15 observaciones insertadas. Evidencia: evidence/xoom_us_100_20260828T205234Z.jpg (sha256=780aa43ff477f9b73d8c7bcc620ac1863bd1df4a3dc05284d6c11de5eeda6f90)
[2026-08-28T20:52:54.617914+00:00]   [Xoom (a PayPal service)] US->SV $200: 15 observaciones insertadas. Evidencia: evidence/xoom_us_200_20260828T205238Z.jpg (sha256=5184cb3180f36aec50a69a8eb1374b3ff7488afc12f3f0dd23a2e99d5b35263d)
[2026-08-28T20:52:54.617918+00:00]   [Xoom (a PayPal service)] US->SV $500: 15 observaciones insertadas. Evidencia: evidence/xoom_us_500_20260828T205241Z.jpg (sha256=ee837b3bc6ee8fd808800cbac5f8a4c3e16410ea7b1d1f5fb6c196532b566fc9)
[2026-08-28T20:52:54.617921+00:00]   [Xoom (a PayPal service)] CA->SV $100: 8 observaciones insertadas. Evidencia: evidence/xoom_ca_100_20260828T205247Z.jpg (sha256=f9d88646fc0ec244c2e81ffe97000b0c4bb380ee20ed6200a03ea45743646049)
[2026-08-28T20:52:54.617924+00:00]   [Xoom (a PayPal service)] CA->SV $200: 8 observaciones insertadas. Evidencia: evidence/xoom_ca_200_20260828T205250Z.jpg (sha256=6c457e6e497b64610b1726943e10f3dbbe02f7027e3c8e6daa6d6a957b8914b9)
[2026-08-28T20:52:54.617929+00:00]   [Xoom (a PayPal service)] CA->SV $500: 8 observaciones insertadas. Evidencia: evidence/xoom_ca_500_20260828T205253Z.jpg (sha256=74cbbfe71253c51910ad31ba1a620e10cc167d0a9579c0ebab4ff45411047810)
[2026-08-28T20:52:54.617934+00:00] OK Xoom (a PayPal service): 69 observaciones nuevas
[2026-08-28T20:52:54.617960+00:00] === Iniciando RemitBee (remitbee.py) ===
[2026-08-28T20:53:04.286661+00:00]   [RemitBee] CA->SV $100: 4 observaciones insertadas. Evidencia: evidence/remitbee_ca_100_20260828T205258Z.jpg (sha256=405d1170c8b724bdeaa71ea4c5e346caa27a5a749ca0c862472a7131336bacc8)
[2026-08-28T20:53:04.286693+00:00]   [RemitBee] CA->SV $200: 4 observaciones insertadas. Evidencia: evidence/remitbee_ca_200_20260828T205301Z.jpg (sha256=b2c671eb23f7c44b10708c697df0f1378ec46cb602ad84bb7f33f1906c3925b5)
[2026-08-28T20:53:04.286696+00:00]   [RemitBee] CA->SV $500: 4 observaciones insertadas. Evidencia: evidence/remitbee_ca_500_20260828T205303Z.jpg (sha256=fa81be4cc3d3d81c05c78e5e9fa7b583593f30a447d4f6dadafbd3799d88cc67)
[2026-08-28T20:53:04.286703+00:00] OK RemitBee: 12 observaciones nuevas

RECORDATORIO: MoneyGram sigue pendiente de muestreo manual (operators.requires_manual_sampling=1) -- su sitio bloquea automatizacion de forma explicita (ver operators.notes, confirmado 2026-08-01). Este orquestador NO lo corre ni lo intenta: no existe collectors/moneygram.py a proposito.
